Component: Arm Compiler for Embedded 6.21 Tool: armlink [5ec1fa00]

==============================================================================

Section Cross References

    main.o(.text.main) refers to systick_time.o(.text.systick_init) for systick_init
    main.o(.text.main) refers to uart_drive.o(.text.UART_init) for UART_init
    main.o(.text.main) refers to systick_time.o(.text.DelayMs) for DelayMs
    main.o(.text.main) refers to lcd_1602_drive.o(.text.lcd_i2c_init) for lcd_i2c_init
    main.o(.text.main) refers to main.o(.data.channels) for channels
    main.o(.text.main) refers to main.o(.bss.adc_channels) for adc_channels
    main.o(.text.main) refers to adc_drive.o(.text.adc_multi_ch_init) for adc_multi_ch_init
    main.o(.text.main) refers to gp_drive.o(.text.init_GP) for init_GP
    main.o(.text.main) refers to main.o(.bss.dataUART) for dataUART
    main.o(.text.main) refers to main.o(.bss.analog_rx) for analog_rx
    main.o(.text.main) refers to adc_drive.o(.text.adc_multi_ch_rx) for adc_multi_ch_rx
    main.o(.text.main) refers to main.o(.bss.cnv) for cnv
    main.o(.text.main) refers to main.o(.bss.warning_ADC) for warning_ADC
    main.o(.text.main) refers to gp_drive.o(.text.R_GP) for R_GP
    main.o(.text.main) refers to main.o(.data.flameSen) for flameSen
    main.o(.text.main) refers to main.o(.bss.warning_FS) for warning_FS
    main.o(.text.main) refers to uart_drive.o(.text.UART_RX) for UART_RX
    main.o(.text.main) refers to main.o(.data.sigUART) for sigUART
    main.o(.text.main) refers to uart_drive.o(.text.UART_TX) for UART_TX
    main.o(.text.main) refers to main.o(.bss.i) for i
    main.o(.text.main) refers to main.o(.bss.ImageProcess) for ImageProcess
    main.o(.text.main) refers to main.o(.bss.warning_CAM) for warning_CAM
    main.o(.text.main) refers to main.o(.data.showDHT) for showDHT
    main.o(.text.main) refers to main.o(.bss.delayLCD) for delayLCD
    main.o(.text.main) refers to main.o(.bss.hum) for hum
    main.o(.text.main) refers to main.o(.bss.temp) for temp
    main.o(.text.main) refers to main.o(.rodata.str1.1) for .L.str
    main.o(.text.main) refers to lcd_1602_drive.o(.text.lcd_i2c_msg) for lcd_i2c_msg
    main.o(.text.main) refers to uart_drive.o(.text.UART_SEND) for UART_SEND
    main.o(.text.main) refers to timer_drive.o(.text.timer_pwm_micro) for timer_pwm_micro
    main.o(.text.main) refers to timer_drive.o(.text.TDelay_Milli) for TDelay_Milli
    main.o(.text.main) refers to timer_drive.o(.text.servo_180_deg) for servo_180_deg
    main.o(.ARM.exidx.text.main) refers to main.o(.text.main) for [Anonymous Symbol]
    main.o(.text.USART2_IRQHandler) refers to main.o(.data.uart_2_mgr) for uart_2_mgr
    main.o(.text.USART2_IRQHandler) refers to main.o(.bss.USART_2_msg) for USART_2_msg
    main.o(.text.USART2_IRQHandler) refers to uart_drive.o(.text.UART_ISR) for UART_ISR
    main.o(.ARM.exidx.text.USART2_IRQHandler) refers to main.o(.text.USART2_IRQHandler) for [Anonymous Symbol]
    main.o(.text.USART3_IRQHandler) refers to main.o(.data.uart_3_mgr) for uart_3_mgr
    main.o(.text.USART3_IRQHandler) refers to main.o(.bss.USART_3_msg) for USART_3_msg
    main.o(.text.USART3_IRQHandler) refers to uart_drive.o(.text.UART_ISR) for UART_ISR
    main.o(.ARM.exidx.text.USART3_IRQHandler) refers to main.o(.text.USART3_IRQHandler) for [Anonymous Symbol]
    main.o(.text.SysTick_Handler) refers to main.o(.bss.uart_1_mgr) for uart_1_mgr
    main.o(.text.SysTick_Handler) refers to main.o(.data.uart_2_mgr) for uart_2_mgr
    main.o(.text.SysTick_Handler) refers to main.o(.data.uart_3_mgr) for uart_3_mgr
    main.o(.text.SysTick_Handler) refers to systick_time.o(.text.systick_int) for systick_int
    main.o(.ARM.exidx.text.SysTick_Handler) refers to main.o(.text.SysTick_Handler) for [Anonymous Symbol]
    adc_drive.o(.text.adc_init) refers to gp_drive.o(.text.init_GP) for init_GP
    adc_drive.o(.text.adc_init) refers to systick_time.o(.text.DelayMs) for DelayMs
    adc_drive.o(.ARM.exidx.text.adc_init) refers to adc_drive.o(.text.adc_init) for [Anonymous Symbol]
    adc_drive.o(.ARM.exidx.text.adc_check) refers to adc_drive.o(.text.adc_check) for [Anonymous Symbol]
    adc_drive.o(.ARM.exidx.text.adc_rx) refers to adc_drive.o(.text.adc_rx) for [Anonymous Symbol]
    adc_drive.o(.text.adc_irq) refers to adc_drive.o(.text.adc_init) for adc_init
    adc_drive.o(.text.adc_irq) refers to adc_drive.o(.text.__NVIC_EnableIRQ) for __NVIC_EnableIRQ
    adc_drive.o(.ARM.exidx.text.adc_irq) refers to adc_drive.o(.text.adc_irq) for [Anonymous Symbol]
    adc_drive.o(.ARM.exidx.text.__NVIC_EnableIRQ) refers to adc_drive.o(.text.__NVIC_EnableIRQ) for [Anonymous Symbol]
    adc_drive.o(.text.adc_wd) refers to adc_drive.o(.text.adc_init) for adc_init
    adc_drive.o(.text.adc_wd) refers to adc_drive.o(.text.__NVIC_EnableIRQ) for __NVIC_EnableIRQ
    adc_drive.o(.ARM.exidx.text.adc_wd) refers to adc_drive.o(.text.adc_wd) for [Anonymous Symbol]
[...]
    libinit.o(.ARM.Collect$$libinit$$00000000) refers (Special) to libinit2.o(.ARM.Collect$$libinit$$00000013) for __rt_lib_init_lc_collate_1
    libinit.o(.ARM.Collect$$libinit$$00000000) refers (Special) to libinit2.o(.ARM.Collect$$libinit$$00000015) for __rt_lib_init_lc_ctype_1
    libinit.o(.ARM.Collect$$libinit$$00000000) refers (Special) to libinit2.o(.ARM.Collect$$libinit$$00000017) for __rt_lib_init_lc_monetary_1
    libinit.o(.ARM.Collect$$libinit$$00000000) refers (Special) to libinit2.o(.ARM.Collect$$libinit$$00000019) for __rt_lib_init_lc_numeric_1
    libinit.o(.ARM.Collect$$libinit$$00000000) refers (Special) to libinit2.o(.ARM.Collect$$libinit$$0000001B) for __rt_lib_init_lc_time_1
    libinit.o(.ARM.Collect$$libinit$$00000000) refers (Special) to libinit2.o(.ARM.Collect$$libinit$$00000006) for __rt_lib_init_preinit_1
    libinit.o(.ARM.Collect$$libinit$$00000000) refers (Special) to libinit2.o(.ARM.Collect$$libinit$$00000010) for __rt_lib_init_rand_1
    libinit.o(.ARM.Collect$$libinit$$00000000) refers (Special) to libinit2.o(.ARM.Collect$$libinit$$00000004) for __rt_lib_init_relocate_pie_1
    libinit.o(.ARM.Collect$$libinit$$00000000) refers (Special) to libinit2.o(.ARM.Collect$$libinit$$00000035) for __rt_lib_init_return
    libinit.o(.ARM.Collect$$libinit$$00000000) refers (Special) to libinit2.o(.ARM.Collect$$libinit$$0000001F) for __rt_lib_init_signal_1
    libinit.o(.ARM.Collect$$libinit$$00000000) refers (Special) to libinit2.o(.ARM.Collect$$libinit$$00000027) for __rt_lib_init_stdio_1
    libinit.o(.ARM.Collect$$libinit$$00000000) refers (Special) to libinit2.o(.ARM.Collect$$libinit$$0000000E) for __rt_lib_init_user_alloc_1
    libspace.o(.text) refers to libspace.o(.bss) for __libspace_start
    rtexit.o(.ARM.Collect$$rtexit$$00000000) refers (Special) to rtexit2.o(.ARM.Collect$$rtexit$$00000004) for __rt_exit_exit
    rtexit.o(.ARM.Collect$$rtexit$$00000000) refers (Special) to rtexit2.o(.ARM.Collect$$rtexit$$00000003) for __rt_exit_ls
    rtexit.o(.ARM.Collect$$rtexit$$00000000) refers (Special) to rtexit2.o(.ARM.Collect$$rtexit$$00000002) for __rt_exit_prels_1
    rtexit.o(.ARM.exidx) refers (Special) to rtexit2.o(.ARM.Collect$$rtexit$$00000004) for __rt_exit_exit
    rtexit.o(.ARM.exidx) refers (Special) to rtexit2.o(.ARM.Collect$$rtexit$$00000003) for __rt_exit_ls
    rtexit.o(.ARM.exidx) refers (Special) to rtexit2.o(.ARM.Collect$$rtexit$$00000002) for __rt_exit_prels_1
    rtexit.o(.ARM.exidx) refers to rtexit.o(.ARM.Collect$$rtexit$$00000000) for .ARM.Collect$$rtexit$$00000000
    libinit2.o(.ARM.Collect$$libinit$$00000012) refers to libinit2.o(.ARM.Collect$$libinit$$00000011) for .ARM.Collect$$libinit$$00000011
    libinit2.o(.ARM.Collect$$libinit$$00000014) refers to libinit2.o(.ARM.Collect$$libinit$$00000011) for .ARM.Collect$$libinit$$00000011
    libinit2.o(.ARM.Collect$$libinit$$00000016) refers to libinit2.o(.ARM.Collect$$libinit$$00000011) for .ARM.Collect$$libinit$$00000011
    libinit2.o(.ARM.Collect$$libinit$$00000018) refers to libinit2.o(.ARM.Collect$$libinit$$00000011) for .ARM.Collect$$libinit$$00000011
    libinit2.o(.ARM.Collect$$libinit$$0000001A) refers to libinit2.o(.ARM.Collect$$libinit$$00000011) for .ARM.Collect$$libinit$$00000011
    libinit2.o(.ARM.Collect$$libinit$$00000028) refers to argv_veneer.o(.emb_text) for __ARM_argv_veneer
    libinit2.o(.ARM.Collect$$libinit$$00000029) refers to argv_veneer.o(.emb_text) for __ARM_argv_veneer
    rtexit2.o(.ARM.Collect$$rtexit$$00000003) refers to libshutdown.o(.ARM.Collect$$libshutdown$$00000000) for __rt_lib_shutdown
    rtexit2.o(.ARM.Collect$$rtexit$$00000004) refers to sys_exit.o(.text) for _sys_exit
    rtexit2.o(.ARM.exidx) refers to rtexit2.o(.ARM.Collect$$rtexit$$00000001) for .ARM.Collect$$rtexit$$00000001
    rtexit2.o(.ARM.exidx) refers to rtexit2.o(.ARM.Collect$$rtexit$$00000003) for .ARM.Collect$$rtexit$$00000003
    rtexit2.o(.ARM.exidx) refers to rtexit2.o(.ARM.Collect$$rtexit$$00000004) for .ARM.Collect$$rtexit$$00000004
    argv_veneer.o(.emb_text) refers to no_argv.o(.text) for __ARM_get_argv
    sys_exit.o(.text) refers (Special) to use_no_semi.o(.text) for __I$use$semihosting
    sys_exit.o(.text) refers (Special) to indicate_semi.o(.text) for __semihosting_library_function
    sys_exit_hlt.o(.text) refers (Special) to use_no_semi.o(.text) for __I$use$semihosting
    sys_exit_hlt.o(.text) refers (Special) to indicate_semi.o(.text) for __semihosting_library_function
    _get_argv_nomalloc.o(.text) refers (Special) to hrguard.o(.text) for __heap_region$guard
    _get_argv_nomalloc.o(.text) refers to defsig_rtmem_outer.o(.text) for __rt_SIGRTMEM
    _get_argv_nomalloc.o(.text) refers to sys_command.o(.text) for _sys_command_string
    libshutdown.o(.ARM.Collect$$libshutdown$$00000000) refers (Special) to libshutdown2.o(.ARM.Collect$$libshutdown$$00000002) for __rt_lib_shutdown_cpp_1
    libshutdown.o(.ARM.Collect$$libshutdown$$00000000) refers (Special) to libshutdown2.o(.ARM.Collect$$libshutdown$$00000007) for __rt_lib_shutdown_fp_trap_1
    libshutdown.o(.ARM.Collect$$libshutdown$$00000000) refers (Special) to libshutdown2.o(.ARM.Collect$$libshutdown$$0000000F) for __rt_lib_shutdown_heap_1
    libshutdown.o(.ARM.Collect$$libshutdown$$00000000) refers (Special) to libshutdown2.o(.ARM.Collect$$libshutdown$$00000010) for __rt_lib_shutdown_return
    libshutdown.o(.ARM.Collect$$libshutdown$$00000000) refers (Special) to libshutdown2.o(.ARM.Collect$$libshutdown$$0000000A) for __rt_lib_shutdown_signal_1
    libshutdown.o(.ARM.Collect$$libshutdown$$00000000) refers (Special) to libshutdown2.o(.ARM.Collect$$libshutdown$$00000004) for __rt_lib_shutdown_stdio_1
    libshutdown.o(.ARM.Collect$$libshutdown$$00000000) refers (Special) to libshutdown2.o(.ARM.Collect$$libshutdown$$0000000C) for __rt_lib_shutdown_user_alloc_1
    sys_command.o(.text) refers (Special) to use_no_semi.o(.text) for __I$use$semihosting
    sys_command.o(.text) refers (Special) to indicate_semi.o(.text) for __semihosting_library_function
    sys_command_hlt.o(.text) refers (Special) to use_no_semi.o(.text) for __I$use$semihosting
    sys_command_hlt.o(.text) refers (Special) to indicate_semi.o(.text) for __semihosting_library_function
    defsig_rtmem_outer.o(.text) refers to defsig_rtmem_inner.o(.text) for __rt_SIGRTMEM_inner
    defsig_rtmem_outer.o(.text) refers to defsig_exit.o(.text) for __sig_exit
    defsig_rtmem_formal.o(.text) refers to rt_raise.o(.text) for __rt_raise
    rt_raise.o(.text) refers to __raise.o(.text) for __raise
    rt_raise.o(.text) refers to sys_exit.o(.text) for _sys_exit
    defsig_exit.o(.text) refers to sys_exit.o(.text) for _sys_exit
    defsig_rtmem_inner.o(.text) refers to defsig_general.o(.text) for __default_signal_display
    __raise.o(.text) refers to defsig.o(CL$$defsig) for __default_signal_handler
    defsig_general.o(.text) refers to sys_wrch.o(.text) for _ttywrch
    sys_wrch.o(.text) refers (Special) to use_no_semi.o(.text) for __I$use$semihosting
    sys_wrch.o(.text) refers (Special) to indicate_semi.o(.text) for __semihosting_library_function
    sys_wrch_hlt.o(.text) refers (Special) to use_no_semi.o(.text) for __I$use$semihosting
    sys_wrch_hlt.o(.text) refers (Special) to indicate_semi.o(.text) for __semihosting_library_function
    defsig.o(CL$$defsig) refers to defsig_rtmem_inner.o(.text) for __rt_SIGRTMEM_inner
    defsig_abrt_inner.o(.text) refers to defsig_general.o(.text) for __default_signal_display
    defsig_fpe_inner.o(.text) refers to defsig_general.o(.text) for __default_signal_display
    defsig_rtred_inner.o(.text) refers to defsig_general.o(.text) for __default_signal_display
    defsig_stak_inner.o(.text) refers to defsig_general.o(.text) for __default_signal_display
    defsig_pvfn_inner.o(.text) refers to defsig_general.o(.text) for __default_signal_display
    defsig_cppl_inner.o(.text) refers to defsig_general.o(.text) for __default_signal_display
    defsig_segv_inner.o(.text) refers to defsig_general.o(.text) for __default_signal_display
    defsig_other.o(.text) refers to defsig_general.o(.text) for __default_signal_display


==============================================================================

Removing Unused input sections from the image.

    Removing main.o(.text), (0 bytes).
    Removing main.o(.ARM.exidx.text.main), (8 bytes).
    Removing main.o(.ARM.exidx.text.USART2_IRQHandler), (8 bytes).
    Removing main.o(.ARM.exidx.text.USART3_IRQHandler), (8 bytes).
    Removing main.o(.ARM.exidx.text.SysTick_Handler), (8 bytes).
    Removing main.o(.bss.USART_2_cnt), (2 bytes).
    Removing main.o(.bss.USART_2_sig), (2 bytes).
    Removing main.o(.bss.USART_2_bdg), (2 bytes).
    Removing main.o(.bss.USART_3_cnt), (2 bytes).
    Removing main.o(.bss.USART_3_sig), (2 bytes).
    Removing main.o(.bss.USART_3_bdg), (2 bytes).
    Removing main.o(.bss.time_Warning), (4 bytes).
    Removing main.o(.ARM.use_no_argv), (4 bytes).
    Removing adc_drive.o(.text), (0 bytes).
    Removing adc_drive.o(.text.adc_init), (362 bytes).
    Removing adc_drive.o(.ARM.exidx.text.adc_init), (8 bytes).
    Removing adc_drive.o(.ARM.exidx.text.adc_check), (8 bytes).
    Removing adc_drive.o(.text.adc_rx), (80 bytes).
    Removing adc_drive.o(.ARM.exidx.text.adc_rx), (8 bytes).
    Removing adc_drive.o(.text.adc_irq), (120 bytes).
    Removing adc_drive.o(.ARM.exidx.text.adc_irq), (8 bytes).
    Removing adc_drive.o(.text.__NVIC_EnableIRQ), (48 bytes).
    Removing adc_drive.o(.ARM.exidx.text.__NVIC_EnableIRQ), (8 bytes).
    Removing adc_drive.o(.text.adc_wd), (188 bytes).
    Removing adc_drive.o(.ARM.exidx.text.adc_wd), (8 bytes).
    Removing adc_drive.o(.ARM.exidx.text.adc_multi_ch_init), (8 bytes).
    Removing adc_drive.o(.ARM.exidx.text.adc_multi_ch_rx), (8 bytes).
    Removing gp_drive.o(.text), (0 bytes).
    Removing gp_drive.o(.ARM.exidx.text.init_GP), (8 bytes).
    Removing gp_drive.o(.ARM.exidx.text.R_GP), (8 bytes).
    Removing gp_drive.o(.text.W_GP), (160 bytes).
    Removing gp_drive.o(.ARM.exidx.text.W_GP), (8 bytes).
    Removing gp_drive.o(.text.toggle_GP), (64 bytes).
    Removing gp_drive.o(.ARM.exidx.text.toggle_GP), (8 bytes).
    Removing gp_drive.o(.text.PINc), (76 bytes).
    Removing gp_drive.o(.ARM.exidx.text.PINc), (8 bytes).
    Removing gp_drive.o(.text.B_init), (16 bytes).
    Removing gp_drive.o(.ARM.exidx.text.B_init), (8 bytes).
    Removing gp_drive.o(.text.BLED), (24 bytes).
    Removing gp_drive.o(.ARM.exidx.text.BLED), (8 bytes).
    Removing gp_drive.o(.text.Digital_Input), (32 bytes).
    Removing gp_drive.o(.ARM.exidx.text.Digital_Input), (8 bytes).
    Removing gp_drive.o(.text.Digital_Output), (32 bytes).
    Removing gp_drive.o(.ARM.exidx.text.Digital_Output), (8 bytes).
    Removing help_func.o(.text), (0 bytes).
    Removing help_func.o(.text.str_empty), (40 bytes).
    Removing help_func.o(.ARM.exidx.text.str_empty), (8 bytes).
    Removing help_func.o(.text.str_empty_len), (50 bytes).
    Removing help_func.o(.ARM.exidx.text.str_empty_len), (8 bytes).
    Removing help_func.o(.text.len_str), (34 bytes).
    Removing help_func.o(.ARM.exidx.text.len_str), (8 bytes).
    Removing help_func.o(.text.find_str), (162 bytes).
    Removing help_func.o(.ARM.exidx.text.find_str), (8 bytes).
    Removing help_func.o(.text.find_strL), (70 bytes).
    Removing help_func.o(.ARM.exidx.text.find_strL), (8 bytes).
    Removing help_func.o(.text.Concatstr), (70 bytes).
    Removing help_func.o(.ARM.exidx.text.Concatstr), (8 bytes).
    Removing help_func.o(.text.int2char), (184 bytes).
    Removing help_func.o(.ARM.exidx.text.int2char), (8 bytes).
    Removing help_func.o(.text.char2int), (148 bytes).
    Removing help_func.o(.ARM.exidx.text.char2int), (8 bytes).
    Removing help_func.o(.rodata.str1.1), (11 bytes).
    Removing i2c_drive.o(.text), (0 bytes).
    Removing i2c_drive.o(.ARM.exidx.text.i2c_init), (8 bytes).
    Removing i2c_drive.o(.ARM.exidx.text.i2c_start), (8 bytes).
    Removing i2c_drive.o(.ARM.exidx.text.i2c_add), (8 bytes).
    Removing i2c_drive.o(.ARM.exidx.text.i2c_data), (8 bytes).
    Removing i2c_drive.o(.ARM.exidx.text.i2c_stop), (8 bytes).
    Removing i2c_drive.o(.text.i2c_write), (88 bytes).
    Removing i2c_drive.o(.ARM.exidx.text.i2c_write), (8 bytes).
    Removing i2c_drive.o(.text.i2c_rx), (200 bytes).
    Removing i2c_drive.o(.ARM.exidx.text.i2c_rx), (8 bytes).
    Removing lcd_1602_drive.o(.text), (0 bytes).
    Removing lcd_1602_drive.o(.text.pin_output), (64 bytes).
    Removing lcd_1602_drive.o(.ARM.exidx.text.pin_output), (8 bytes).
    Removing lcd_1602_drive.o(.text.lcd_rs), (24 bytes).
    Removing lcd_1602_drive.o(.ARM.exidx.text.lcd_rs), (8 bytes).
    Removing lcd_1602_drive.o(.text.lcd_rw), (24 bytes).
    Removing lcd_1602_drive.o(.ARM.exidx.text.lcd_rw), (8 bytes).
    Removing lcd_1602_drive.o(.text.lcd_e), (24 bytes).
    Removing lcd_1602_drive.o(.ARM.exidx.text.lcd_e), (8 bytes).
    Removing lcd_1602_drive.o(.text.lcd_data), (160 bytes).
    Removing lcd_1602_drive.o(.ARM.exidx.text.lcd_data), (8 bytes).
    Removing lcd_1602_drive.o(.text.lcd_cmd), (160 bytes).
    Removing lcd_1602_drive.o(.ARM.exidx.text.lcd_cmd), (8 bytes).
    Removing lcd_1602_drive.o(.text.lcd_init), (348 bytes).
    Removing lcd_1602_drive.o(.ARM.exidx.text.lcd_init), (8 bytes).
    Removing lcd_1602_drive.o(.text.lcd_send), (50 bytes).
    Removing lcd_1602_drive.o(.ARM.exidx.text.lcd_send), (8 bytes).
    Removing lcd_1602_drive.o(.text.lcd_msg), (92 bytes).
    Removing lcd_1602_drive.o(.ARM.exidx.text.lcd_msg), (8 bytes).
    Removing lcd_1602_drive.o(.ARM.exidx.text.lcd_i2c_data), (8 bytes).
    Removing lcd_1602_drive.o(.ARM.exidx.text.lcd_i2c_cmd), (8 bytes).
    Removing lcd_1602_drive.o(.ARM.exidx.text.lcd_i2c_init), (8 bytes).
    Removing lcd_1602_drive.o(.ARM.exidx.text.lcd_i2c_send), (8 bytes).
    Removing lcd_1602_drive.o(.ARM.exidx.text.lcd_i2c_msg), (8 bytes).
    Removing lcd_1602_drive.o(.text.lcd_blank_1), (32 bytes).
    Removing lcd_1602_drive.o(.ARM.exidx.text.lcd_blank_1), (8 bytes).
    Removing lcd_1602_drive.o(.text.lcd_blank_2), (32 bytes).
    Removing lcd_1602_drive.o(.ARM.exidx.text.lcd_blank_2), (8 bytes).
    Removing lcd_1602_drive.o(.text.lcd_blank_12), (28 bytes).
    Removing lcd_1602_drive.o(.ARM.exidx.text.lcd_blank_12), (8 bytes).
    Removing lcd_1602_drive.o(.rodata.str1.1), (17 bytes).
    Removing msg_drive.o(.text), (0 bytes).
    Removing msg_drive.o(.text.basic_msg), (50 bytes).
    Removing msg_drive.o(.ARM.exidx.text.basic_msg), (8 bytes).
    Removing msg_drive.o(.text.sync), (92 bytes).
    Removing msg_drive.o(.ARM.exidx.text.sync), (8 bytes).
    Removing msg_drive.o(.text.InsertData), (70 bytes).
    Removing msg_drive.o(.ARM.exidx.text.InsertData), (8 bytes).
    Removing msg_drive.o(.text.make_msg), (148 bytes).
    Removing msg_drive.o(.ARM.exidx.text.make_msg), (8 bytes).
    Removing msg_drive.o(.text.make_msg_check), (184 bytes).
    Removing msg_drive.o(.ARM.exidx.text.make_msg_check), (8 bytes).
    Removing msg_drive.o(.rodata..L__const.sync.sync_mesg), (20 bytes).
    Removing msg_drive.o(.rodata.str1.1), (5 bytes).
    Removing pcf8574_drive.o(.text), (0 bytes).
    Removing pcf8574_drive.o(.ARM.exidx.text.PCF8574_add), (8 bytes).
    Removing pcf8574_drive.o(.ARM.exidx.text.PCF8574_tx_byte), (8 bytes).
    Removing systick_time.o(.text), (0 bytes).
    Removing systick_time.o(.ARM.exidx.text.systick_init), (8 bytes).
    Removing systick_time.o(.ARM.exidx.text.Delaymicro), (8 bytes).
    Removing systick_time.o(.ARM.exidx.text.DelayUs), (8 bytes).
    Removing systick_time.o(.ARM.exidx.text.DelayMillis), (8 bytes).
    Removing systick_time.o(.ARM.exidx.text.DelayMs), (8 bytes).
    Removing systick_time.o(.ARM.exidx.text.systick_int_start), (8 bytes).
    Removing systick_time.o(.ARM.exidx.text.systick_int), (8 bytes).
    Removing timer_drive.o(.text), (0 bytes).
    Removing timer_drive.o(.ARM.exidx.text.get_timer), (8 bytes).
    Removing timer_drive.o(.ARM.exidx.text.timer_start_micros), (8 bytes).
    Removing timer_drive.o(.text.timer_start_millis), (118 bytes).
    Removing timer_drive.o(.ARM.exidx.text.timer_start_millis), (8 bytes).
    Removing timer_drive.o(.text.get_time_micros), (64 bytes).
    Removing timer_drive.o(.ARM.exidx.text.get_time_micros), (8 bytes).
    Removing timer_drive.o(.text.get_time_millis), (42 bytes).
    Removing timer_drive.o(.ARM.exidx.text.get_time_millis), (8 bytes).
    Removing timer_drive.o(.ARM.exidx.text.TDelay_Micros), (8 bytes).
    Removing timer_drive.o(.ARM.exidx.text.TDelay_Millis), (8 bytes).
    Removing timer_drive.o(.text.TDelay_Micro), (18 bytes).
    Removing timer_drive.o(.ARM.exidx.text.TDelay_Micro), (8 bytes).
    Removing timer_drive.o(.ARM.exidx.text.TDelay_Milli), (8 bytes).
    Removing timer_drive.o(.text.timer_irq_micro_start), (96 bytes).
    Removing timer_drive.o(.ARM.exidx.text.timer_irq_micro_start), (8 bytes).
    Removing timer_drive.o(.text.__NVIC_EnableIRQ), (48 bytes).
    Removing timer_drive.o(.ARM.exidx.text.__NVIC_EnableIRQ), (8 bytes).
    Removing timer_drive.o(.text.timer_irq_millis_start), (96 bytes).
    Removing timer_drive.o(.ARM.exidx.text.timer_irq_millis_start), (8 bytes).
    Removing timer_drive.o(.text.timer_irq_Rflag), (32 bytes).
    Removing timer_drive.o(.ARM.exidx.text.timer_irq_Rflag), (8 bytes).
    Removing timer_drive.o(.text.timer_irq_stop), (92 bytes).
    Removing timer_drive.o(.ARM.exidx.text.timer_irq_stop), (8 bytes).
    Removing timer_drive.o(.text.__NVIC_DisableIRQ), (56 bytes).
    Removing timer_drive.o(.ARM.exidx.text.__NVIC_DisableIRQ), (8 bytes).
    Removing timer_drive.o(.text.timer_stop), (92 bytes).
    Removing timer_drive.o(.ARM.exidx.text.timer_stop), (8 bytes).
    Removing timer_drive.o(.ARM.exidx.text.get_channel), (8 bytes).
    Removing timer_drive.o(.ARM.exidx.text.get_timer_pin), (8 bytes).
    Removing timer_drive.o(.ARM.exidx.text.get_timer_address), (8 bytes).
    Removing timer_drive.o(.text.timer_compare_micro), (360 bytes).
    Removing timer_drive.o(.ARM.exidx.text.timer_compare_micro), (8 bytes).
    Removing timer_drive.o(.text.timer_compare_milli), (374 bytes).
    Removing timer_drive.o(.ARM.exidx.text.timer_compare_milli), (8 bytes).
    Removing timer_drive.o(.ARM.exidx.text.timer_pwm_micro), (8 bytes).
    Removing timer_drive.o(.text.timer_pwm_milli), (374 bytes).
    Removing timer_drive.o(.ARM.exidx.text.timer_pwm_milli), (8 bytes).
    Removing timer_drive.o(.ARM.exidx.text.servo_180_deg), (8 bytes).
    Removing timer_drive.o(.text.servo_speed_CD), (76 bytes).
    Removing timer_drive.o(.ARM.exidx.text.servo_speed_CD), (8 bytes).
    Removing timer_drive.o(.text.servo_speed_CCD), (76 bytes).
    Removing timer_drive.o(.ARM.exidx.text.servo_speed_CCD), (8 bytes).
    Removing uart_drive.o(.text), (0 bytes).
    Removing uart_drive.o(.ARM.exidx.text.UART_init), (8 bytes).
    Removing uart_drive.o(.ARM.exidx.text.USART_BRR), (8 bytes).
    Removing uart_drive.o(.ARM.exidx.text.UART_RX), (8 bytes).
    Removing uart_drive.o(.ARM.exidx.text.UART_TX), (8 bytes).
    Removing uart_drive.o(.ARM.exidx.text.UART_ISR), (8 bytes).
    Removing uart_drive.o(.ARM.exidx.text.UART_SEND), (8 bytes).
    Removing uart_drive.o(.text.UART_msg), (76 bytes).
    Removing uart_drive.o(.ARM.exidx.text.UART_msg), (8 bytes).
    Removing system_stm32f10x.o(.text), (0 bytes).
    Removing system_stm32f10x.o(.ARM.exidx.text.SystemInit), (8 bytes).
    Removing system_stm32f10x.o(.ARM.exidx.text.SetSysClock), (8 bytes).
    Removing system_stm32f10x.o(.text.SystemCoreClockUpdate), (290 bytes).
    Removing system_stm32f10x.o(.ARM.exidx.text.SystemCoreClockUpdate), (8 bytes).
    Removing system_stm32f10x.o(.ARM.exidx.text.SetSysClockTo72), (8 bytes).
    Removing system_stm32f10x.o(.data.SystemCoreClock), (4 bytes).
    Removing system_stm32f10x.o(.rodata.AHBPrescTable), (16 bytes).

187 unused section(s) (total 7135 bytes) removed from the image.

==============================================================================

Image Symbol Table

    Local Symbols

    Symbol Name                              Value     Ov Type        Size  Object(Section)

    ../clib/angel/boardlib.s                 0x00000000   Number         0  boardinit1.o ABSOLUTE
    ../clib/angel/boardlib.s                 0x00000000   Number         0  boardinit2.o ABSOLUTE
    ../clib/angel/boardlib.s                 0x00000000   Number         0  boardinit3.o ABSOLUTE
    ../clib/angel/boardlib.s                 0x00000000   Number         0  boardshut.o ABSOLUTE
    ../clib/angel/handlers.s                 0x00000000   Number         0  __scatter_copy.o ABSOLUTE
    ../clib/angel/handlers.s                 0x00000000   Number         0  __scatter_zi.o ABSOLUTE
    ../clib/angel/kernel.s                   0x00000000   Number         0  __rtentry.o ABSOLUTE
    ../clib/angel/kernel.s                   0x00000000   Number         0  __rtentry2.o ABSOLUTE
    ../clib/angel/kernel.s                   0x00000000   Number         0  __rtentry4.o ABSOLUTE
    ../clib/angel/kernel.s                   0x00000000   Number         0  rtexit.o ABSOLUTE
    ../clib/angel/kernel.s                   0x00000000   Number         0  rtexit2.o ABSOLUTE
    ../clib/angel/rt.s                       0x00000000   Number         0  rt_raise.o ABSOLUTE
    ../clib/angel/scatter.s                  0x00000000   Number         0  __scatter.o ABSOLUTE
    ../clib/angel/startup.s                  0x00000000   Number         0  __main.o ABSOLUTE
    ../clib/angel/sys.s                      0x00000000   Number         0  sys_stackheap_outer.o ABSOLUTE
    ../clib/angel/sys.s                      0x00000000   Number         0  libspace.o ABSOLUTE
    ../clib/angel/sys.s                      0x00000000   Number         0  use_no_semi.o ABSOLUTE
    ../clib/angel/sys.s                      0x00000000   Number         0  indicate_semi.o ABSOLUTE
    ../clib/angel/sysapp.c                   0x00000000   Number         0  sys_exit.o ABSOLUTE
    ../clib/angel/sysapp.c                   0x00000000   Number         0  sys_exit_hlt.o ABSOLUTE
    ../clib/angel/sysapp.c                   0x00000000   Number         0  sys_command.o ABSOLUTE
    ../clib/angel/sysapp.c                   0x00000000   Number         0  sys_command_hlt.o ABSOLUTE
    ../clib/angel/sysapp.c                   0x00000000   Number         0  sys_wrch.o ABSOLUTE
    ../clib/angel/sysapp.c                   0x00000000   Number         0  sys_wrch_hlt.o ABSOLUTE
    ../clib/armsys.c                         0x00000000   Number         0  argv_veneer.o ABSOLUTE
    ../clib/armsys.c                         0x00000000   Number         0  argv_veneer.o ABSOLUTE
    ../clib/armsys.c                         0x00000000   Number         0  _get_argv_nomalloc.o ABSOLUTE
    ../clib/armsys.c                         0x00000000   Number         0  no_argv.o ABSOLUTE
    ../clib/heapalloc.c                      0x00000000   Number         0  hrguard.o ABSOLUTE
    ../clib/heapaux.c                        0x00000000   Number         0  heapauxi.o ABSOLUTE
    ../clib/libinit.s                        0x00000000   Number         0  libinit.o ABSOLUTE
    ../clib/libinit.s                        0x00000000   Number         0  libinit2.o ABSOLUTE
    ../clib/libinit.s                        0x00000000   Number         0  libshutdown.o ABSOLUTE
    ../clib/libinit.s                        0x00000000   Number         0  libshutdown2.o ABSOLUTE
    ../clib/memcpset.s                       0x00000000   Number         0  rt_memcpy_v6.o ABSOLUTE
    ../clib/memcpset.s                       0x00000000   Number         0  rt_memclr.o ABSOLUTE
    ../clib/memcpset.s                       0x00000000   Number         0  rt_memcpy_w.o ABSOLUTE
    ../clib/memcpset.s                       0x00000000   Number         0  rt_memclr_w.o ABSOLUTE
    ../clib/signal.c                         0x00000000   Number         0  defsig_rtmem_outer.o ABSOLUTE
    ../clib/signal.c                         0x00000000   Number         0  defsig_rtmem_formal.o ABSOLUTE
    ../clib/signal.c                         0x00000000   Number         0  defsig_exit.o ABSOLUTE
    ../clib/signal.c                         0x00000000   Number         0  defsig_rtmem_inner.o ABSOLUTE
    ../clib/signal.c                         0x00000000   Number         0  __raise.o ABSOLUTE
    ../clib/signal.c                         0x00000000   Number         0  defsig_general.o ABSOLUTE
    ../clib/signal.c                         0x00000000   Number         0  defsig_abrt_inner.o ABSOLUTE
    ../clib/signal.c                         0x00000000   Number         0  defsig_fpe_inner.o ABSOLUTE
    ../clib/signal.c                         0x00000000   Number         0  defsig_rtred_inner.o ABSOLUTE
    ../clib/signal.c                         0x00000000   Number         0  defsig_stak_inner.o ABSOLUTE
    ../clib/signal.c                         0x00000000   Number         0  defsig_pvfn_inner.o ABSOLUTE
    ../clib/signal.c                         0x00000000   Number         0  defsig_cppl_inner.o ABSOLUTE
    ../clib/signal.c                         0x00000000   Number         0  defsig_segv_inner.o ABSOLUTE
    ../clib/signal.c                         0x00000000   Number         0  defsig_other.o ABSOLUTE
    ../clib/signal.s                         0x00000000   Number         0  defsig.o ABSOLUTE
    ../clib/stdlib.c                         0x00000000   Number         0  exit.o ABSOLUTE
    ../fplib/daddsub.s                       0x00000000   Number         0  daddsub_clz.o ABSOLUTE
    ../fplib/dcmp.s                          0x00000000   Number         0  dcmp.o ABSOLUTE
    ../fplib/dcmpi.s                         0x00000000   Number         0  dcmpi.o ABSOLUTE
    ../fplib/ddiv.s                          0x00000000   Number         0  ddiv.o ABSOLUTE
    ../fplib/deqf.s                          0x00000000   Number         0  deqf.o ABSOLUTE
    ../fplib/dfixu.s                         0x00000000   Number         0  dfixu.o ABSOLUTE
    ../fplib/dflt.s                          0x00000000   Number         0  dflt_clz.o ABSOLUTE
    ../fplib/dgeqf.s                         0x00000000   Number         0  dgeqf.o ABSOLUTE
    ../fplib/dleqf.s                         0x00000000   Number         0  dleqf.o ABSOLUTE
    ../fplib/dmul.s                          0x00000000   Number         0  dmul.o ABSOLUTE
    ../fplib/dnaninf.s                       0x00000000   Number         0  dnaninf.o ABSOLUTE
    ../fplib/dretinf.s                       0x00000000   Number         0  dretinf.o ABSOLUTE
    ../fplib/fpinit.s                        0x00000000   Number         0  fpinit.o ABSOLUTE
    ../fplib/fpinit_empty.s                  0x00000000   Number         0  fpinit_empty.o ABSOLUTE
    ../fplib/usenofp.s                       0x00000000   Number         0  usenofp.o ABSOLUTE
    PCF8574_drive.c                          0x00000000   Number         0  pcf8574_drive.o ABSOLUTE
    RTE/Device/STM32F103C8/startup_stm32f10x_md.s 0x00000000   Number         0  startup_stm32f10x_md.o ABSOLUTE
    adc_drive.c                              0x00000000   Number         0  adc_drive.o ABSOLUTE
    dc.s                                     0x00000000   Number         0  dc.o ABSOLUTE
    gp_drive.c                               0x00000000   Number         0  gp_drive.o ABSOLUTE
    help_func.c                              0x00000000   Number         0  help_func.o ABSOLUTE
    i2c_drive.c                              0x00000000   Number         0  i2c_drive.o ABSOLUTE
    lcd_1602_drive.c                         0x00000000   Number         0  lcd_1602_drive.o ABSOLUTE
    main.c                                   0x00000000   Number         0  main.o ABSOLUTE
    msg_drive.c                              0x00000000   Number         0  msg_drive.o ABSOLUTE
    system_stm32f10x.c                       0x00000000   Number         0  system_stm32f10x.o ABSOLUTE
    systick_time.c                           0x00000000   Number         0  systick_time.o ABSOLUTE
    timer_drive.c                            0x00000000   Number         0  timer_drive.o ABSOLUTE
    uart_drive.c                             0x00000000   Number         0  uart_drive.o ABSOLUTE
    RESET                                    0x08000000   Section      236  startup_stm32f10x_md.o(RESET)
    !!!main                                  0x080000ec   Section        8  __main.o(!!!main)
    !!!scatter                               0x080000f4   Section       92  __scatter.o(!!!scatter)
    !!handler_copy                           0x08000150   Section       26  __scatter_copy.o(!!handler_copy)
    !!handler_null                           0x0800016c   Section        2  __scatter.o(!!handler_null)
    !!handler_zi                             0x08000170   Section       28  __scatter_zi.o(!!handler_zi)
    .ARM.Collect$$libinit$$00000000          0x0800018c   Section        2  libinit.o(.ARM.Collect$$libinit$$00000000)
    .ARM.Collect$$libinit$$00000002          0x0800018e   Section        0  libinit2.o(.ARM.Collect$$libinit$$00000002)
    .ARM.Collect$$libinit$$00000004          0x0800018e   Section        0  libinit2.o(.ARM.Collect$$libinit$$00000004)
    .ARM.Collect$$libinit$$00000006          0x0800018e   Section        0  libinit2.o(.ARM.Collect$$libinit$$00000006)
    .ARM.Collect$$libinit$$0000000C          0x0800018e   Section        0  libinit2.o(.ARM.Collect$$libinit$$0000000C)
    .ARM.Collect$$libinit$$0000000E          0x0800018e   Section        0  libinit2.o(.ARM.Collect$$libinit$$0000000E)
    .ARM.Collect$$libinit$$00000010          0x0800018e   Section        0  libinit2.o(.ARM.Collect$$libinit$$00000010)
    .ARM.Collect$$libinit$$00000013          0x0800018e   Section        0  libinit2.o(.ARM.Collect$$libinit$$00000013)
    .ARM.Collect$$libinit$$00000015          0x0800018e   Section        0  libinit2.o(.ARM.Collect$$libinit$$00000015)
    .ARM.Collect$$libinit$$00000017          0x0800018e   Section        0  libinit2.o(.ARM.Collect$$libinit$$00000017)
    .ARM.Collect$$libinit$$00000019          0x0800018e   Section        0  libinit2.o(.ARM.Collect$$libinit$$00000019)
    .ARM.Collect$$libinit$$0000001B          0x0800018e   Section        0  libinit2.o(.ARM.Collect$$libinit$$0000001B)
    .ARM.Collect$$libinit$$0000001D          0x0800018e   Section        0  libinit2.o(.ARM.Collect$$libinit$$0000001D)
    .ARM.Collect$$libinit$$0000001F          0x0800018e   Section        0  libinit2.o(.ARM.Collect$$libinit$$0000001F)
    .ARM.Collect$$libinit$$00000021          0x0800018e   Section        0  libinit2.o(.ARM.Collect$$libinit$$00000021)
    .ARM.Collect$$libinit$$00000023          0x0800018e   Section        0  libinit2.o(.ARM.Collect$$libinit$$00000023)
    .ARM.Collect$$libinit$$00000025          0x0800018e   Section        0  libinit2.o(.ARM.Collect$$libinit$$00000025)
    .ARM.Collect$$libinit$$00000027          0x0800018e   Section        0  libinit2.o(.ARM.Collect$$libinit$$00000027)
    .ARM.Collect$$libinit$$0000002E          0x0800018e   Section        0  libinit2.o(.ARM.Collect$$libinit$$0000002E)
    .ARM.Collect$$libinit$$00000030          0x0800018e   Section        0  libinit2.o(.ARM.Collect$$libinit$$00000030)
    .ARM.Collect$$libinit$$00000032          0x0800018e   Section        0  libinit2.o(.ARM.Collect$$libinit$$00000032)
    .ARM.Collect$$libinit$$00000034          0x0800018e   Section        0  libinit2.o(.ARM.Collect$$libinit$$00000034)
    .ARM.Collect$$libinit$$00000035          0x0800018e   Section        2  libinit2.o(.ARM.Collect$$libinit$$00000035)
    .ARM.Collect$$libshutdown$$00000000      0x08000190   Section        2  libshutdown.o(.ARM.Collect$$libshutdown$$00000000)
    .ARM.Collect$$libshutdown$$00000002      0x08000192   Section        0  libshutdown2.o(.ARM.Collect$$libshutdown$$00000002)
    .ARM.Collect$$libshutdown$$00000004      0x08000192   Section        0  libshutdown2.o(.ARM.Collect$$libshutdown$$00000004)
    .ARM.Collect$$libshutdown$$00000007      0x08000192   Section        0  libshutdown2.o(.ARM.Collect$$libshutdown$$00000007)
    .ARM.Collect$$libshutdown$$0000000A      0x08000192   Section        0  libshutdown2.o(.ARM.Collect$$libshutdown$$0000000A)
    .ARM.Collect$$libshutdown$$0000000C      0x08000192   Section        0  libshutdown2.o(.ARM.Collect$$libshutdown$$0000000C)
    .ARM.Collect$$libshutdown$$0000000F      0x08000192   Section        0  libshutdown2.o(.ARM.Collect$$libshutdown$$0000000F)
    .ARM.Collect$$libshutdown$$00000010      0x08000192   Section        2  libshutdown2.o(.ARM.Collect$$libshutdown$$00000010)
    .ARM.Collect$$rtentry$$00000000          0x08000194   Section        0  __rtentry.o(.ARM.Collect$$rtentry$$00000000)
    .ARM.Collect$$rtentry$$00000002          0x08000194   Section        0  __rtentry2.o(.ARM.Collect$$rtentry$$00000002)
    .ARM.Collect$$rtentry$$00000004          0x08000194   Section        6  __rtentry4.o(.ARM.Collect$$rtentry$$00000004)
    .ARM.Collect$$rtentry$$00000009          0x0800019a   Section        0  __rtentry2.o(.ARM.Collect$$rtentry$$00000009)
    .ARM.Collect$$rtentry$$0000000A          0x0800019a   Section        4  __rtentry2.o(.ARM.Collect$$rtentry$$0000000A)
    .ARM.Collect$$rtentry$$0000000C          0x0800019e   Section        0  __rtentry2.o(.ARM.Collect$$rtentry$$0000000C)
    .ARM.Collect$$rtentry$$0000000D          0x0800019e   Section        8  __rtentry2.o(.ARM.Collect$$rtentry$$0000000D)
    .ARM.Collect$$rtexit$$00000000           0x080001a6   Section        2  rtexit.o(.ARM.Collect$$rtexit$$00000000)
    .ARM.Collect$$rtexit$$00000002           0x080001a8   Section        0  rtexit2.o(.ARM.Collect$$rtexit$$00000002)
    .ARM.Collect$$rtexit$$00000003           0x080001a8   Section        4  rtexit2.o(.ARM.Collect$$rtexit$$00000003)
    .ARM.Collect$$rtexit$$00000004           0x080001ac   Section        6  rtexit2.o(.ARM.Collect$$rtexit$$00000004)
    .text                                    0x080001b4   Section       64  startup_stm32f10x_md.o(.text)
    .text                                    0x080001f4   Section        0  heapauxi.o(.text)
    .text                                    0x080001fa   Section       74  sys_stackheap_outer.o(.text)
    .text                                    0x08000244   Section        0  exit.o(.text)
    .text                                    0x08000258   Section        8  libspace.o(.text)
    .text                                    0x08000260   Section        0  sys_exit.o(.text)
    .text                                    0x0800026c   Section        2  use_no_semi.o(.text)
    .text                                    0x0800026e   Section        0  indicate_semi.o(.text)
    [Anonymous Symbol]                       0x08000270   Section        0  systick_time.o(.text.DelayMillis)
    [Anonymous Symbol]                       0x080002a8   Section        0  systick_time.o(.text.DelayMs)
    [Anonymous Symbol]                       0x080002c8   Section        0  systick_time.o(.text.DelayUs)
    [Anonymous Symbol]                       0x080002e8   Section        0  systick_time.o(.text.Delaymicro)
    [Anonymous Symbol]                       0x08000318   Section        0  pcf8574_drive.o(.text.PCF8574_add)
    [Anonymous Symbol]                       0x08000338   Section        0  pcf8574_drive.o(.text.PCF8574_tx_byte)
    [Anonymous Symbol]                       0x08000370   Section        0  gp_drive.o(.text.R_GP)
    SetSysClock                              0x080003f1   Thumb Code     8  system_stm32f10x.o(.text.SetSysClock)
    [Anonymous Symbol]                       0x080003f0   Section        0  system_stm32f10x.o(.text.SetSysClock)
    SetSysClockTo72                          0x080003f9   Thumb Code   290  system_stm32f10x.o(.text.SetSysClockTo72)
    [Anonymous Symbol]                       0x080003f8   Section        0  system_stm32f10x.o(.text.SetSysClockTo72)
    [Anonymous Symbol]                       0x0800051c   Section        0  main.o(.text.SysTick_Handler)
    [Anonymous Symbol]                       0x0800053c   Section        0  system_stm32f10x.o(.text.SystemInit)
    [Anonymous Symbol]                       0x080005a4   Section        0  timer_drive.o(.text.TDelay_Micros)
    [Anonymous Symbol]                       0x080005d8   Section        0  timer_drive.o(.text.TDelay_Milli)
    [Anonymous Symbol]                       0x080005ec   Section        0  timer_drive.o(.text.TDelay_Millis)
    [Anonymous Symbol]                       0x08000624   Section        0  uart_drive.o(.text.UART_ISR)
    [Anonymous Symbol]                       0x080006ac   Section        0  uart_drive.o(.text.UART_RX)
    [Anonymous Symbol]                       0x0800074c   Section        0  uart_drive.o(.text.UART_SEND)
    [Anonymous Symbol]                       0x08000780   Section        0  uart_drive.o(.text.UART_TX)
    [Anonymous Symbol]                       0x08000820   Section        0  uart_drive.o(.text.UART_init)
    [Anonymous Symbol]                       0x0800097c   Section        0  main.o(.text.USART2_IRQHandler)
    [Anonymous Symbol]                       0x08000998   Section        0  main.o(.text.USART3_IRQHandler)
    [Anonymous Symbol]                       0x080009b4   Section        0  uart_drive.o(.text.USART_BRR)
    [Anonymous Symbol]                       0x08000acc   Section        0  adc_drive.o(.text.adc_check)
    [Anonymous Symbol]                       0x08000b30   Section        0  adc_drive.o(.text.adc_multi_ch_init)
    [Anonymous Symbol]                       0x08000c94   Section        0  adc_drive.o(.text.adc_multi_ch_rx)
    [Anonymous Symbol]                       0x08000da8   Section        0  timer_drive.o(.text.get_channel)
    [Anonymous Symbol]                       0x08000e7c   Section        0  timer_drive.o(.text.get_timer)
    [Anonymous Symbol]                       0x08000ecc   Section        0  timer_drive.o(.text.get_timer_address)
    [Anonymous Symbol]                       0x08000f70   Section        0  timer_drive.o(.text.get_timer_pin)
    [Anonymous Symbol]                       0x08001010   Section        0  i2c_drive.o(.text.i2c_add)
    [Anonymous Symbol]                       0x08001118   Section        0  i2c_drive.o(.text.i2c_data)
    [Anonymous Symbol]                       0x0800119c   Section        0  i2c_drive.o(.text.i2c_init)
    [Anonymous Symbol]                       0x080012bc   Section        0  i2c_drive.o(.text.i2c_start)
    [Anonymous Symbol]                       0x0800133c   Section        0  i2c_drive.o(.text.i2c_stop)
    [Anonymous Symbol]                       0x080013b0   Section        0  gp_drive.o(.text.init_GP)
    [Anonymous Symbol]                       0x080014b4   Section        0  lcd_1602_drive.o(.text.lcd_i2c_cmd)
    [Anonymous Symbol]                       0x08001558   Section        0  lcd_1602_drive.o(.text.lcd_i2c_data)
    [Anonymous Symbol]                       0x080015fc   Section        0  lcd_1602_drive.o(.text.lcd_i2c_init)
    [Anonymous Symbol]                       0x08001764   Section        0  lcd_1602_drive.o(.text.lcd_i2c_msg)
    [Anonymous Symbol]                       0x080017cc   Section        0  lcd_1602_drive.o(.text.lcd_i2c_send)
    [Anonymous Symbol]                       0x08001808   Section        0  main.o(.text.main)
    [Anonymous Symbol]                       0x08001cf0   Section        0  timer_drive.o(.text.servo_180_deg)
    [Anonymous Symbol]                       0x08001d3c   Section        0  systick_time.o(.text.systick_init)
    [Anonymous Symbol]                       0x08001d68   Section        0  systick_time.o(.text.systick_int)
    [Anonymous Symbol]                       0x08001e10   Section        0  systick_time.o(.text.systick_int_start)
    [Anonymous Symbol]                       0x08001e48   Section        0  timer_drive.o(.text.timer_pwm_micro)
    [Anonymous Symbol]                       0x08001fb0   Section        0  timer_drive.o(.text.timer_start_micros)
    x$fpl$dadd                               0x08002024   Section      336  daddsub_clz.o(x$fpl$dadd)
    _dadd1                                   0x08002035   Thumb Code     0  daddsub_clz.o(x$fpl$dadd)
    x$fpl$dcmpinf                            0x08002174   Section       24  dcmpi.o(x$fpl$dcmpinf)
    x$fpl$ddiv                               0x0800218c   Section      692  ddiv.o(x$fpl$ddiv)
    ddiv_entry                               0x08002193   Thumb Code     0  ddiv.o(x$fpl$ddiv)
    x$fpl$deqf                               0x08002440   Section      120  deqf.o(x$fpl$deqf)
    x$fpl$dfixu                              0x080024b8   Section       90  dfixu.o(x$fpl$dfixu)
    x$fpl$dfltu                              0x08002512   Section       38  dflt_clz.o(x$fpl$dfltu)
    x$fpl$dgeqf                              0x08002538   Section      120  dgeqf.o(x$fpl$dgeqf)
    x$fpl$dleqf                              0x080025b0   Section      120  dleqf.o(x$fpl$dleqf)
    x$fpl$dmul                               0x08002628   Section      340  dmul.o(x$fpl$dmul)
    x$fpl$dnaninf                            0x0800277c   Section      156  dnaninf.o(x$fpl$dnaninf)
    x$fpl$dretinf                            0x08002818   Section       12  dretinf.o(x$fpl$dretinf)
    x$fpl$dsub                               0x08002824   Section      476  daddsub_clz.o(x$fpl$dsub)
    _dsub1                                   0x08002835   Thumb Code     0  daddsub_clz.o(x$fpl$dsub)
    x$fpl$fcmp                               0x08002a00   Section       84  dcmp.o(x$fpl$fcmp)
    .L.str.8                                 0x08002a54   Data          25  main.o(.rodata.str1.1)
    [Anonymous Symbol]                       0x08002a54   Section        0  main.o(.rodata.str1.1)
    x$fpl$usenofp                            0x08002a54   Section        0  usenofp.o(x$fpl$usenofp)
    .L.str.7                                 0x08002a6d   Data          12  main.o(.rodata.str1.1)
    .L.str.4                                 0x08002a79   Data          20  main.o(.rodata.str1.1)
    .L.str.6                                 0x08002a8d   Data          20  main.o(.rodata.str1.1)
    .L.str.5                                 0x08002aa1   Data           6  main.o(.rodata.str1.1)
    .L.str.3                                 0x08002aa7   Data           2  main.o(.rodata.str1.1)
    .L.str.2                                 0x08002aa9   Data           7  main.o(.rodata.str1.1)
    .L.str                                   0x08002ab0   Data          10  main.o(.rodata.str1.1)
    .L.str.13                                0x08002aba   Data          17  main.o(.rodata.str1.1)
    .L.str.12                                0x08002acb   Data          16  main.o(.rodata.str1.1)
    .L.str.1                                 0x08002adb   Data           3  main.o(.rodata.str1.1)
    .L.str.10                                0x08002ade   Data          10  main.o(.rodata.str1.1)
    .L.str.9                                 0x08002ae8   Data          28  main.o(.rodata.str1.1)
    .L.str.11                                0x08002b04   Data          17  main.o(.rodata.str1.1)
    flameSen                                 0x20000004   Data           4  main.o(.data.flameSen)
    [Anonymous Symbol]                       0x20000004   Section        0  main.o(.data.flameSen)
    showDHT                                  0x20000008   Data           4  main.o(.data.showDHT)
    [Anonymous Symbol]                       0x20000008   Section        0  main.o(.data.showDHT)
    sigUART                                  0x2000000c   Data           1  main.o(.data.sigUART)
    [Anonymous Symbol]                       0x2000000c   Section        0  main.o(.data.sigUART)
    .bss                                     0x20000030   Section       96  libspace.o(.bss)
    ImageProcess                             0x20000090   Data           3  main.o(.bss.ImageProcess)
    [Anonymous Symbol]                       0x20000090   Section        0  main.o(.bss.ImageProcess)
    cnv                                      0x200002dc   Data           4  main.o(.bss.cnv)
    [Anonymous Symbol]                       0x200002dc   Section        0  main.o(.bss.cnv)
    dataUART                                 0x200002e0   Data          15  main.o(.bss.dataUART)
    [Anonymous Symbol]                       0x200002e0   Section        0  main.o(.bss.dataUART)
    delayLCD                                 0x200002f0   Data           4  main.o(.bss.delayLCD)
    [Anonymous Symbol]                       0x200002f0   Section        0  main.o(.bss.delayLCD)
    hum                                      0x200002f4   Data           5  main.o(.bss.hum)
    [Anonymous Symbol]                       0x200002f4   Section        0  main.o(.bss.hum)
    i                                        0x200002fc   Data           4  main.o(.bss.i)
    [Anonymous Symbol]                       0x200002fc   Section        0  main.o(.bss.i)
    temp                                     0x20000300   Data           5  main.o(.bss.temp)
    [Anonymous Symbol]                       0x20000300   Section        0  main.o(.bss.temp)
    warning_ADC                              0x20000314   Data           4  main.o(.bss.warning_ADC)
    [Anonymous Symbol]                       0x20000314   Section        0  main.o(.bss.warning_ADC)
    warning_CAM                              0x20000318   Data           4  main.o(.bss.warning_CAM)
    [Anonymous Symbol]                       0x20000318   Section        0  main.o(.bss.warning_CAM)
    warning_FS                               0x2000031c   Data           4  main.o(.bss.warning_FS)
    [Anonymous Symbol]                       0x2000031c   Section        0  main.o(.bss.warning_FS)
    Heap_Mem                                 0x20000320   Data         512  startup_stm32f10x_md.o(HEAP)
    HEAP                                     0x20000320   Section      512  startup_stm32f10x_md.o(HEAP)
    Stack_Mem                                0x20000520   Data        1024  startup_stm32f10x_md.o(STACK)
    STACK                                    0x20000520   Section     1024  startup_stm32f10x_md.o(STACK)
    __initial_sp                             0x20000920   Data           0  startup_stm32f10x_md.o(STACK)

    Global Symbols

    Symbol Name                              Value     Ov Type        Size  Object(Section)

    BuildAttributes$$THM_ISAv4$P$D$K$B$S$PE$A:L22UL41UL21$X:L11$S22US41US21$IEEE1$IW$~IW$USESV6$~STKCKD$USESV7$~SHL$OSPACE$ROPI$EBA8$UX$STANDARDLIB$REQ8$PRES8$EABIv2 0x00000000   Number         0  anon$$obj.o ABSOLUTE
    __fp_init_empty                          0x00000000   Number         0  fpinit_empty.o ABSOLUTE
    __ARM_exceptions_init                     - Undefined Weak Reference
    __alloca_initialize                       - Undefined Weak Reference
    __arm_preinit_                            - Undefined Weak Reference
    __arm_relocate_pie_                       - Undefined Weak Reference
    __cpp_initialize__aeabi_                  - Undefined Weak Reference
    __cxa_finalize                            - Undefined Weak Reference
    __rt_locale                               - Undefined Weak Reference
    __sigvec_lookup                           - Undefined Weak Reference
    _atexit_init                              - Undefined Weak Reference
    _call_atexit_fns                          - Undefined Weak Reference
    _clock_init                               - Undefined Weak Reference
    _fp_trap_init                             - Undefined Weak Reference
    _fp_trap_shutdown                         - Undefined Weak Reference
    _get_lc_collate                           - Undefined Weak Reference
    _get_lc_ctype                             - Undefined Weak Reference
    _get_lc_monetary                          - Undefined Weak Reference
    _get_lc_numeric                           - Undefined Weak Reference
    _get_lc_time                              - Undefined Weak Reference
    _getenv_init                              - Undefined Weak Reference
    _handle_redirection                       - Undefined Weak Reference
    _init_alloc                               - Undefined Weak Reference
    _init_user_alloc                          - Undefined Weak Reference
    _initio                                   - Undefined Weak Reference
    _rand_init                                - Undefined Weak Reference
    _signal_finish                            - Undefined Weak Reference
    _signal_init                              - Undefined Weak Reference
    _terminate_alloc                          - Undefined Weak Reference
    _terminate_user_alloc                     - Undefined Weak Reference
    _terminateio                              - Undefined Weak Reference
    __Vectors_Size                           0x000000ec   Number         0  startup_stm32f10x_md.o ABSOLUTE
    __Vectors                                0x08000000   Data           4  startup_stm32f10x_md.o(RESET)
    __Vectors_End                            0x080000ec   Data           0  startup_stm32f10x_md.o(RESET)
    __main                                   0x080000ed   Thumb Code     8  __main.o(!!!main)
    __scatterload                            0x080000f5   Thumb Code     0  __scatter.o(!!!scatter)
    __scatterload_rt2                        0x080000f5   Thumb Code    84  __scatter.o(!!!scatter)
    __scatterload_rt2_thumb_only             0x080000f5   Thumb Code     0  __scatter.o(!!!scatter)
    __scatterload_loop                       0x080000ff   Thumb Code     0  __scatter.o(!!!scatter)
    __scatterload_copy                       0x08000151   Thumb Code    26  __scatter_copy.o(!!handler_copy)
    __scatterload_null                       0x0800016d   Thumb Code     2  __scatter.o(!!handler_null)
    __scatterload_zeroinit                   0x08000171   Thumb Code    28  __scatter_zi.o(!!handler_zi)
    __rt_lib_init                            0x0800018d   Thumb Code     0  libinit.o(.ARM.Collect$$libinit$$00000000)
    __rt_lib_init_alloca_1                   0x0800018f   Thumb Code     0  libinit2.o(.ARM.Collect$$libinit$$00000030)
    __rt_lib_init_argv_1                     0x0800018f   Thumb Code     0  libinit2.o(.ARM.Collect$$libinit$$0000002E)
    __rt_lib_init_atexit_1                   0x0800018f   Thumb Code     0  libinit2.o(.ARM.Collect$$libinit$$0000001D)
    __rt_lib_init_clock_1                    0x0800018f   Thumb Code     0  libinit2.o(.ARM.Collect$$libinit$$00000023)
    __rt_lib_init_cpp_1                      0x0800018f   Thumb Code     0  libinit2.o(.ARM.Collect$$libinit$$00000034)
    __rt_lib_init_exceptions_1               0x0800018f   Thumb Code     0  libinit2.o(.ARM.Collect$$libinit$$00000032)
    __rt_lib_init_fp_1                       0x0800018f   Thumb Code     0  libinit2.o(.ARM.Collect$$libinit$$00000002)
    __rt_lib_init_fp_trap_1                  0x0800018f   Thumb Code     0  libinit2.o(.ARM.Collect$$libinit$$00000021)
    __rt_lib_init_getenv_1                   0x0800018f   Thumb Code     0  libinit2.o(.ARM.Collect$$libinit$$00000025)
    __rt_lib_init_heap_1                     0x0800018f   Thumb Code     0  libinit2.o(.ARM.Collect$$libinit$$0000000C)
    __rt_lib_init_lc_collate_1               0x0800018f   Thumb Code     0  libinit2.o(.ARM.Collect$$libinit$$00000013)
    __rt_lib_init_lc_ctype_1                 0x0800018f   Thumb Code     0  libinit2.o(.ARM.Collect$$libinit$$00000015)
    __rt_lib_init_lc_monetary_1              0x0800018f   Thumb Code     0  libinit2.o(.ARM.Collect$$libinit$$00000017)
    __rt_lib_init_lc_numeric_1               0x0800018f   Thumb Code     0  libinit2.o(.ARM.Collect$$libinit$$00000019)
    __rt_lib_init_lc_time_1                  0x0800018f   Thumb Code     0  libinit2.o(.ARM.Collect$$libinit$$0000001B)
    __rt_lib_init_preinit_1                  0x0800018f   Thumb Code     0  libinit2.o(.ARM.Collect$$libinit$$00000006)
    __rt_lib_init_rand_1                     0x0800018f   Thumb Code     0  libinit2.o(.ARM.Collect$$libinit$$00000010)
    __rt_lib_init_relocate_pie_1             0x0800018f   Thumb Code     0  libinit2.o(.ARM.Collect$$libinit$$00000004)
    __rt_lib_init_return                     0x0800018f   Thumb Code     0  libinit2.o(.ARM.Collect$$libinit$$00000035)
    __rt_lib_init_signal_1                   0x0800018f   Thumb Code     0  libinit2.o(.ARM.Collect$$libinit$$0000001F)
    __rt_lib_init_stdio_1                    0x0800018f   Thumb Code     0  libinit2.o(.ARM.Collect$$libinit$$00000027)
    __rt_lib_init_user_alloc_1               0x0800018f   Thumb Code     0  libinit2.o(.ARM.Collect$$libinit$$0000000E)
    __rt_lib_shutdown                        0x08000191   Thumb Code     0  libshutdown.o(.ARM.Collect$$libshutdown$$00000000)
    __rt_lib_shutdown_cpp_1                  0x08000193   Thumb Code     0  libshutdown2.o(.ARM.Collect$$libshutdown$$00000002)
    __rt_lib_shutdown_fp_trap_1              0x08000193   Thumb Code     0  libshutdown2.o(.ARM.Collect$$libshutdown$$00000007)
    __rt_lib_shutdown_heap_1                 0x08000193   Thumb Code     0  libshutdown2.o(.ARM.Collect$$libshutdown$$0000000F)
    __rt_lib_shutdown_return                 0x08000193   Thumb Code     0  libshutdown2.o(.ARM.Collect$$libshutdown$$00000010)
    __rt_lib_shutdown_signal_1               0x08000193   Thumb Code     0  libshutdown2.o(.ARM.Collect$$libshutdown$$0000000A)
    __rt_lib_shutdown_stdio_1                0x08000193   Thumb Code     0  libshutdown2.o(.ARM.Collect$$libshutdown$$00000004)
    __rt_lib_shutdown_user_alloc_1           0x08000193   Thumb Code     0  libshutdown2.o(.ARM.Collect$$libshutdown$$0000000C)
    __rt_entry                               0x08000195   Thumb Code     0  __rtentry.o(.ARM.Collect$$rtentry$$00000000)
    __rt_entry_presh_1                       0x08000195   Thumb Code     0  __rtentry2.o(.ARM.Collect$$rtentry$$00000002)
    __rt_entry_sh                            0x08000195   Thumb Code     0  __rtentry4.o(.ARM.Collect$$rtentry$$00000004)
    __rt_entry_li                            0x0800019b   Thumb Code     0  __rtentry2.o(.ARM.Collect$$rtentry$$0000000A)
    __rt_entry_postsh_1                      0x0800019b   Thumb Code     0  __rtentry2.o(.ARM.Collect$$rtentry$$00000009)
    __rt_entry_main                          0x0800019f   Thumb Code     0  __rtentry2.o(.ARM.Collect$$rtentry$$0000000D)
    __rt_entry_postli_1                      0x0800019f   Thumb Code     0  __rtentry2.o(.ARM.Collect$$rtentry$$0000000C)
    __rt_exit                                0x080001a7   Thumb Code     0  rtexit.o(.ARM.Collect$$rtexit$$00000000)
    __rt_exit_ls                             0x080001a9   Thumb Code     0  rtexit2.o(.ARM.Collect$$rtexit$$00000003)
    __rt_exit_prels_1                        0x080001a9   Thumb Code     0  rtexit2.o(.ARM.Collect$$rtexit$$00000002)
    __rt_exit_exit                           0x080001ad   Thumb Code     0  rtexit2.o(.ARM.Collect$$rtexit$$00000004)
    Reset_Handler                            0x080001b5   Thumb Code     8  startup_stm32f10x_md.o(.text)
    NMI_Handler                              0x080001bd   Thumb Code     2  startup_stm32f10x_md.o(.text)
    HardFault_Handler                        0x080001bf   Thumb Code     2  startup_stm32f10x_md.o(.text)
    MemManage_Handler                        0x080001c1   Thumb Code     2  startup_stm32f10x_md.o(.text)
    BusFault_Handler                         0x080001c3   Thumb Code     2  startup_stm32f10x_md.o(.text)
    UsageFault_Handler                       0x080001c5   Thumb Code     2  startup_stm32f10x_md.o(.text)
    SVC_Handler                              0x080001c7   Thumb Code     2  startup_stm32f10x_md.o(.text)
    DebugMon_Handler                         0x080001c9   Thumb Code     2  startup_stm32f10x_md.o(.text)
    PendSV_Handler                           0x080001cb   Thumb Code     2  startup_stm32f10x_md.o(.text)
    ADC1_2_IRQHandler                        0x080001cf   Thumb Code     0  startup_stm32f10x_md.o(.text)
    CAN1_RX1_IRQHandler                      0x080001cf   Thumb Code     0  startup_stm32f10x_md.o(.text)
    CAN1_SCE_IRQHandler                      0x080001cf   Thumb Code     0  startup_stm32f10x_md.o(.text)
    DMA1_Channel1_IRQHandler                 0x080001cf   Thumb Code     0  startup_stm32f10x_md.o(.text)
    DMA1_Channel2_IRQHandler                 0x080001cf   Thumb Code     0  startup_stm32f10x_md.o(.text)
    DMA1_Channel3_IRQHandler                 0x080001cf   Thumb Code     0  startup_stm32f10x_md.o(.text)
    DMA1_Channel4_IRQHandler                 0x080001cf   Thumb Code     0  startup_stm32f10x_md.o(.text)
    DMA1_Channel5_IRQHandler                 0x080001cf   Thumb Code     0  startup_stm32f10x_md.o(.text)
    DMA1_Channel6_IRQHandler                 0x080001cf   Thumb Code     0  startup_stm32f10x_md.o(.text)
    DMA1_Channel7_IRQHandler                 0x080001cf   Thumb Code     0  startup_stm32f10x_md.o(.text)
    EXTI0_IRQHandler                         0x080001cf   Thumb Code     0  startup_stm32f10x_md.o(.text)
    EXTI15_10_IRQHandler                     0x080001cf   Thumb Code     0  startup_stm32f10x_md.o(.text)
    EXTI1_IRQHandler                         0x080001cf   Thumb Code     0  startup_stm32f10x_md.o(.text)
    EXTI2_IRQHandler                         0x080001cf   Thumb Code     0  startup_stm32f10x_md.o(.text)
    EXTI3_IRQHandler                         0x080001cf   Thumb Code     0  startup_stm32f10x_md.o(.text)
    EXTI4_IRQHandler                         0x080001cf   Thumb Code     0  startup_stm32f10x_md.o(.text)
    EXTI9_5_IRQHandler                       0x080001cf   Thumb Code     0  startup_stm32f10x_md.o(.text)
    FLASH_IRQHandler                         0x080001cf   Thumb Code     0  startup_stm32f10x_md.o(.text)
    I2C1_ER_IRQHandler                       0x080001cf   Thumb Code     0  startup_stm32f10x_md.o(.text)
    I2C1_EV_IRQHandler                       0x080001cf   Thumb Code     0  startup_stm32f10x_md.o(.text)
    I2C2_ER_IRQHandler                       0x080001cf   Thumb Code     0  startup_stm32f10x_md.o(.text)
    I2C2_EV_IRQHandler                       0x080001cf   Thumb Code     0  startup_stm32f10x_md.o(.text)
    PVD_IRQHandler                           0x080001cf   Thumb Code     0  startup_stm32f10x_md.o(.text)
    RCC_IRQHandler                           0x080001cf   Thumb Code     0  startup_stm32f10x_md.o(.text)
    RTCAlarm_IRQHandler                      0x080001cf   Thumb Code     0  startup_stm32f10x_md.o(.text)
    RTC_IRQHandler                           0x080001cf   Thumb Code     0  startup_stm32f10x_md.o(.text)
    SPI1_IRQHandler                          0x080001cf   Thumb Code     0  startup_stm32f10x_md.o(.text)
    SPI2_IRQHandler                          0x080001cf   Thumb Code     0  startup_stm32f10x_md.o(.text)
    TAMPER_IRQHandler                        0x080001cf   Thumb Code     0  startup_stm32f10x_md.o(.text)
    TIM1_BRK_IRQHandler                      0x080001cf   Thumb Code     0  startup_stm32f10x_md.o(.text)
    TIM1_CC_IRQHandler                       0x080001cf   Thumb Code     0  startup_stm32f10x_md.o(.text)
    TIM1_TRG_COM_IRQHandler                  0x080001cf   Thumb Code     0  startup_stm32f10x_md.o(.text)
    TIM1_UP_IRQHandler                       0x080001cf   Thumb Code     0  startup_stm32f10x_md.o(.text)
    TIM2_IRQHandler                          0x080001cf   Thumb Code     0  startup_stm32f10x_md.o(.text)
    TIM3_IRQHandler                          0x080001cf   Thumb Code     0  startup_stm32f10x_md.o(.text)
    TIM4_IRQHandler                          0x080001cf   Thumb Code     0  startup_stm32f10x_md.o(.text)
    USART1_IRQHandler                        0x080001cf   Thumb Code     0  startup_stm32f10x_md.o(.text)
    USBWakeUp_IRQHandler                     0x080001cf   Thumb Code     0  startup_stm32f10x_md.o(.text)
    USB_HP_CAN1_TX_IRQHandler                0x080001cf   Thumb Code     0  startup_stm32f10x_md.o(.text)
    USB_LP_CAN1_RX0_IRQHandler               0x080001cf   Thumb Code     0  startup_stm32f10x_md.o(.text)
    WWDG_IRQHandler                          0x080001cf   Thumb Code     0  startup_stm32f10x_md.o(.text)
    __user_initial_stackheap                 0x080001d1   Thumb Code     0  startup_stm32f10x_md.o(.text)
    __use_two_region_memory                  0x080001f5   Thumb Code     2  heapauxi.o(.text)
    __rt_heap_escrow$2region                 0x080001f7   Thumb Code     2  heapauxi.o(.text)
    __rt_heap_expand$2region                 0x080001f9   Thumb Code     2  heapauxi.o(.text)
    __user_setup_stackheap                   0x080001fb   Thumb Code    74  sys_stackheap_outer.o(.text)
    exit                                     0x08000245   Thumb Code    18  exit.o(.text)
    __user_libspace                          0x08000259   Thumb Code     8  libspace.o(.text)
    __user_perproc_libspace                  0x08000259   Thumb Code     0  libspace.o(.text)
    __user_perthread_libspace                0x08000259   Thumb Code     0  libspace.o(.text)
    _sys_exit                                0x08000261   Thumb Code     8  sys_exit.o(.text)
    __I$use$semihosting                      0x0800026d   Thumb Code     0  use_no_semi.o(.text)
    __use_no_semihosting_swi                 0x0800026d   Thumb Code     2  use_no_semi.o(.text)
    __semihosting_library_function           0x0800026f   Thumb Code     0  indicate_semi.o(.text)
    DelayMillis                              0x08000271   Thumb Code    54  systick_time.o(.text.DelayMillis)
    DelayMs                                  0x080002a9   Thumb Code    32  systick_time.o(.text.DelayMs)
    DelayUs                                  0x080002c9   Thumb Code    32  systick_time.o(.text.DelayUs)
    Delaymicro                               0x080002e9   Thumb Code    48  systick_time.o(.text.Delaymicro)
    PCF8574_add                              0x08000319   Thumb Code    30  pcf8574_drive.o(.text.PCF8574_add)
    PCF8574_tx_byte                          0x08000339   Thumb Code    54  pcf8574_drive.o(.text.PCF8574_tx_byte)
    R_GP                                     0x08000371   Thumb Code   126  gp_drive.o(.text.R_GP)
    SysTick_Handler                          0x0800051d   Thumb Code    32  main.o(.text.SysTick_Handler)
    SystemInit                               0x0800053d   Thumb Code   102  system_stm32f10x.o(.text.SystemInit)
    TDelay_Micros                            0x080005a5   Thumb Code    50  timer_drive.o(.text.TDelay_Micros)
    TDelay_Milli                             0x080005d9   Thumb Code    18  timer_drive.o(.text.TDelay_Milli)
    TDelay_Millis                            0x080005ed   Thumb Code    54  timer_drive.o(.text.TDelay_Millis)
    UART_ISR                                 0x08000625   Thumb Code   136  uart_drive.o(.text.UART_ISR)
    UART_RX                                  0x080006ad   Thumb Code   160  uart_drive.o(.text.UART_RX)
    UART_SEND                                0x0800074d   Thumb Code    52  uart_drive.o(.text.UART_SEND)
    UART_TX                                  0x08000781   Thumb Code   160  uart_drive.o(.text.UART_TX)
    UART_init                                0x08000821   Thumb Code   346  uart_drive.o(.text.UART_init)
    USART2_IRQHandler                        0x0800097d   Thumb Code    26  main.o(.text.USART2_IRQHandler)
    USART3_IRQHandler                        0x08000999   Thumb Code    26  main.o(.text.USART3_IRQHandler)
    USART_BRR                                0x080009b5   Thumb Code   280  uart_drive.o(.text.USART_BRR)
    adc_check                                0x08000acd   Thumb Code    98  adc_drive.o(.text.adc_check)
    adc_multi_ch_init                        0x08000b31   Thumb Code   354  adc_drive.o(.text.adc_multi_ch_init)
    adc_multi_ch_rx                          0x08000c95   Thumb Code   274  adc_drive.o(.text.adc_multi_ch_rx)
    get_channel                              0x08000da9   Thumb Code   210  timer_drive.o(.text.get_channel)
    get_timer                                0x08000e7d   Thumb Code    80  timer_drive.o(.text.get_timer)
    get_timer_address                        0x08000ecd   Thumb Code   164  timer_drive.o(.text.get_timer_address)
    get_timer_pin                            0x08000f71   Thumb Code   160  timer_drive.o(.text.get_timer_pin)
    i2c_add                                  0x08001011   Thumb Code   264  i2c_drive.o(.text.i2c_add)
    i2c_data                                 0x08001119   Thumb Code   132  i2c_drive.o(.text.i2c_data)
    i2c_init                                 0x0800119d   Thumb Code   286  i2c_drive.o(.text.i2c_init)
    i2c_start                                0x080012bd   Thumb Code   128  i2c_drive.o(.text.i2c_start)
    i2c_stop                                 0x0800133d   Thumb Code   116  i2c_drive.o(.text.i2c_stop)
    init_GP                                  0x080013b1   Thumb Code   258  gp_drive.o(.text.init_GP)
    lcd_i2c_cmd                              0x080014b5   Thumb Code   162  lcd_1602_drive.o(.text.lcd_i2c_cmd)
    lcd_i2c_data                             0x08001559   Thumb Code   162  lcd_1602_drive.o(.text.lcd_i2c_data)
    lcd_i2c_init                             0x080015fd   Thumb Code   358  lcd_1602_drive.o(.text.lcd_i2c_init)
    lcd_i2c_msg                              0x08001765   Thumb Code   104  lcd_1602_drive.o(.text.lcd_i2c_msg)
    lcd_i2c_send                             0x080017cd   Thumb Code    58  lcd_1602_drive.o(.text.lcd_i2c_send)
    main                                     0x08001809   Thumb Code  1256  main.o(.text.main)
    servo_180_deg                            0x08001cf1   Thumb Code    76  timer_drive.o(.text.servo_180_deg)
    systick_init                             0x08001d3d   Thumb Code    42  systick_time.o(.text.systick_init)
    systick_int                              0x08001d69   Thumb Code   168  systick_time.o(.text.systick_int)
    systick_int_start                        0x08001e11   Thumb Code    54  systick_time.o(.text.systick_int_start)
    timer_pwm_micro                          0x08001e49   Thumb Code   360  timer_drive.o(.text.timer_pwm_micro)
    timer_start_micros                       0x08001fb1   Thumb Code   116  timer_drive.o(.text.timer_start_micros)
    __aeabi_dadd                             0x08002025   Thumb Code     0  daddsub_clz.o(x$fpl$dadd)
    _dadd                                    0x08002025   Thumb Code   332  daddsub_clz.o(x$fpl$dadd)
    __fpl_dcmp_Inf                           0x08002175   Thumb Code    24  dcmpi.o(x$fpl$dcmpinf)
    __aeabi_ddiv                             0x0800218d   Thumb Code     0  ddiv.o(x$fpl$ddiv)
    _ddiv                                    0x0800218d   Thumb Code   556  ddiv.o(x$fpl$ddiv)
    __aeabi_cdcmpeq                          0x08002441   Thumb Code     0  deqf.o(x$fpl$deqf)
    _dcmpeq                                  0x08002441   Thumb Code   120  deqf.o(x$fpl$deqf)
    __aeabi_d2uiz                            0x080024b9   Thumb Code     0  dfixu.o(x$fpl$dfixu)
    _dfixu                                   0x080024b9   Thumb Code    90  dfixu.o(x$fpl$dfixu)
    __aeabi_ui2d                             0x08002513   Thumb Code     0  dflt_clz.o(x$fpl$dfltu)
    _dfltu                                   0x08002513   Thumb Code    38  dflt_clz.o(x$fpl$dfltu)
    __aeabi_cdcmpge                          0x08002539   Thumb Code     0  dgeqf.o(x$fpl$dgeqf)
    _dcmpge                                  0x08002539   Thumb Code   120  dgeqf.o(x$fpl$dgeqf)
    __aeabi_cdcmple                          0x080025b1   Thumb Code     0  dleqf.o(x$fpl$dleqf)
    _dcmple                                  0x080025b1   Thumb Code   120  dleqf.o(x$fpl$dleqf)
    __fpl_dcmple_InfNaN                      0x08002613   Thumb Code     0  dleqf.o(x$fpl$dleqf)
    __aeabi_dmul                             0x08002629   Thumb Code     0  dmul.o(x$fpl$dmul)
    _dmul                                    0x08002629   Thumb Code   332  dmul.o(x$fpl$dmul)
    __fpl_dnaninf                            0x0800277d   Thumb Code   156  dnaninf.o(x$fpl$dnaninf)
    __fpl_dretinf                            0x08002819   Thumb Code    12  dretinf.o(x$fpl$dretinf)
    __aeabi_dsub                             0x08002825   Thumb Code     0  daddsub_clz.o(x$fpl$dsub)
    _dsub                                    0x08002825   Thumb Code   472  daddsub_clz.o(x$fpl$dsub)
    __aeabi_dcmpeq                           0x08002a01   Thumb Code     0  dcmp.o(x$fpl$fcmp)
    _deq                                     0x08002a01   Thumb Code    14  dcmp.o(x$fpl$fcmp)
    _dneq                                    0x08002a0f   Thumb Code    14  dcmp.o(x$fpl$fcmp)
    __aeabi_dcmpgt                           0x08002a1d   Thumb Code     0  dcmp.o(x$fpl$fcmp)
    _dgr                                     0x08002a1d   Thumb Code    14  dcmp.o(x$fpl$fcmp)
    __aeabi_dcmpge                           0x08002a2b   Thumb Code     0  dcmp.o(x$fpl$fcmp)
    _dgeq                                    0x08002a2b   Thumb Code    14  dcmp.o(x$fpl$fcmp)
    __aeabi_dcmple                           0x08002a39   Thumb Code     0  dcmp.o(x$fpl$fcmp)
    _dleq                                    0x08002a39   Thumb Code    14  dcmp.o(x$fpl$fcmp)
    __aeabi_dcmplt                           0x08002a47   Thumb Code     0  dcmp.o(x$fpl$fcmp)
    _dls                                     0x08002a47   Thumb Code    14  dcmp.o(x$fpl$fcmp)
    __I$use$fp                               0x08002a54   Number         0  usenofp.o(x$fpl$usenofp)
    Region$$Table$$Base                      0x08002b18   Number         0  anon$$obj.o(Region$$Table)
    Region$$Table$$Limit                     0x08002b38   Number         0  anon$$obj.o(Region$$Table)
    channels                                 0x20000000   Data           1  main.o(.data.channels)
    uart_2_mgr                               0x2000000e   Data          14  main.o(.data.uart_2_mgr)
    uart_3_mgr                               0x2000001c   Data          14  main.o(.data.uart_3_mgr)
    __libspace_start                         0x20000030   Data          96  libspace.o(.bss)
    __temporary_stack_top$libspace           0x20000090   Data           0  libspace.o(.bss)
    USART_2_msg                              0x20000093   Data         250  main.o(.bss.USART_2_msg)
    USART_3_msg                              0x2000018d   Data         250  main.o(.bss.USART_3_msg)
    adc_channels                             0x20000287   Data          17  main.o(.bss.adc_channels)
    analog_rx                                0x20000298   Data          68  main.o(.bss.analog_rx)
    uart_1_mgr                               0x20000306   Data          14  main.o(.bss.uart_1_mgr)



==============================================================================

Memory Map of the image

  Image Entry point : 0x080000ed

  Load Region LR_IROM1 (Base: 0x08000000, Size: 0x00002b68, Max: 0x00010000, ABSOLUTE)

    Execution Region ER_IROM1 (Exec base: 0x08000000, Load base: 0x08000000, Size: 0x00002b38, Max: 0x00010000, ABSOLUTE)

    Exec Addr    Load Addr    Size         Type   Attr      Idx    E Section Name        Object

    0x08000000   0x08000000   0x000000ec   Data   RO          314    RESET               startup_stm32f10x_md.o
    0x080000ec   0x080000ec   0x00000008   Code   RO          346  * !!!main             c_w.l(__main.o)
    0x080000f4   0x080000f4   0x0000005c   Code   RO          552    !!!scatter          c_w.l(__scatter.o)
    0x08000150   0x08000150   0x0000001a   Code   RO          556    !!handler_copy      c_w.l(__scatter_copy.o)
    0x0800016a   0x0800016a   0x00000002   PAD
    0x0800016c   0x0800016c   0x00000002   Code   RO          553    !!handler_null      c_w.l(__scatter.o)
    0x0800016e   0x0800016e   0x00000002   PAD
    0x08000170   0x08000170   0x0000001c   Code   RO          558    !!handler_zi        c_w.l(__scatter_zi.o)
    0x0800018c   0x0800018c   0x00000002   Code   RO          414    .ARM.Collect$$libinit$$00000000  c_w.l(libinit.o)
    0x0800018e   0x0800018e   0x00000000   Code   RO          421    .ARM.Collect$$libinit$$00000002  c_w.l(libinit2.o)
    0x0800018e   0x0800018e   0x00000000   Code   RO          423    .ARM.Collect$$libinit$$00000004  c_w.l(libinit2.o)
    0x0800018e   0x0800018e   0x00000000   Code   RO          425    .ARM.Collect$$libinit$$00000006  c_w.l(libinit2.o)
    0x0800018e   0x0800018e   0x00000000   Code   RO          428    .ARM.Collect$$libinit$$0000000C  c_w.l(libinit2.o)
    0x0800018e   0x0800018e   0x00000000   Code   RO          430    .ARM.Collect$$libinit$$0000000E  c_w.l(libinit2.o)
    0x0800018e   0x0800018e   0x00000000   Code   RO          432    .ARM.Collect$$libinit$$00000010  c_w.l(libinit2.o)
    0x0800018e   0x0800018e   0x00000000   Code   RO          435    .ARM.Collect$$libinit$$00000013  c_w.l(libinit2.o)
    0x0800018e   0x0800018e   0x00000000   Code   RO          437    .ARM.Collect$$libinit$$00000015  c_w.l(libinit2.o)
    0x0800018e   0x0800018e   0x00000000   Code   RO          439    .ARM.Collect$$libinit$$00000017  c_w.l(libinit2.o)
    0x0800018e   0x0800018e   0x00000000   Code   RO          441    .ARM.Collect$$libinit$$00000019  c_w.l(libinit2.o)
    0x0800018e   0x0800018e   0x00000000   Code   RO          443    .ARM.Collect$$libinit$$0000001B  c_w.l(libinit2.o)
    0x0800018e   0x0800018e   0x00000000   Code   RO          445    .ARM.Collect$$libinit$$0000001D  c_w.l(libinit2.o)
    0x0800018e   0x0800018e   0x00000000   Code   RO          447    .ARM.Collect$$libinit$$0000001F  c_w.l(libinit2.o)
    0x0800018e   0x0800018e   0x00000000   Code   RO          449    .ARM.Collect$$libinit$$00000021  c_w.l(libinit2.o)
    0x0800018e   0x0800018e   0x00000000   Code   RO          451    .ARM.Collect$$libinit$$00000023  c_w.l(libinit2.o)
    0x0800018e   0x0800018e   0x00000000   Code   RO          453    .ARM.Collect$$libinit$$00000025  c_w.l(libinit2.o)
    0x0800018e   0x0800018e   0x00000000   Code   RO          455    .ARM.Collect$$libinit$$00000027  c_w.l(libinit2.o)
    0x0800018e   0x0800018e   0x00000000   Code   RO          459    .ARM.Collect$$libinit$$0000002E  c_w.l(libinit2.o)
    0x0800018e   0x0800018e   0x00000000   Code   RO          461    .ARM.Collect$$libinit$$00000030  c_w.l(libinit2.o)
    0x0800018e   0x0800018e   0x00000000   Code   RO          463    .ARM.Collect$$libinit$$00000032  c_w.l(libinit2.o)
    0x0800018e   0x0800018e   0x00000000   Code   RO          465    .ARM.Collect$$libinit$$00000034  c_w.l(libinit2.o)
    0x0800018e   0x0800018e   0x00000002   Code   RO          466    .ARM.Collect$$libinit$$00000035  c_w.l(libinit2.o)
    0x08000190   0x08000190   0x00000002   Code   RO          488    .ARM.Collect$$libshutdown$$00000000  c_w.l(libshutdown.o)
    0x08000192   0x08000192   0x00000000   Code   RO          503    .ARM.Collect$$libshutdown$$00000002  c_w.l(libshutdown2.o)
    0x08000192   0x08000192   0x00000000   Code   RO          505    .ARM.Collect$$libshutdown$$00000004  c_w.l(libshutdown2.o)
    0x08000192   0x08000192   0x00000000   Code   RO          508    .ARM.Collect$$libshutdown$$00000007  c_w.l(libshutdown2.o)
    0x08000192   0x08000192   0x00000000   Code   RO          511    .ARM.Collect$$libshutdown$$0000000A  c_w.l(libshutdown2.o)
    0x08000192   0x08000192   0x00000000   Code   RO          513    .ARM.Collect$$libshutdown$$0000000C  c_w.l(libshutdown2.o)
    0x08000192   0x08000192   0x00000000   Code   RO          516    .ARM.Collect$$libshutdown$$0000000F  c_w.l(libshutdown2.o)
    0x08000192   0x08000192   0x00000002   Code   RO          517    .ARM.Collect$$libshutdown$$00000010  c_w.l(libshutdown2.o)
    0x08000194   0x08000194   0x00000000   Code   RO          372    .ARM.Collect$$rtentry$$00000000  c_w.l(__rtentry.o)
    0x08000194   0x08000194   0x00000000   Code   RO          389    .ARM.Collect$$rtentry$$00000002  c_w.l(__rtentry2.o)
    0x08000194   0x08000194   0x00000006   Code   RO          401    .ARM.Collect$$rtentry$$00000004  c_w.l(__rtentry4.o)
    0x0800019a   0x0800019a   0x00000000   Code   RO          391    .ARM.Collect$$rtentry$$00000009  c_w.l(__rtentry2.o)
    0x0800019a   0x0800019a   0x00000004   Code   RO          392    .ARM.Collect$$rtentry$$0000000A  c_w.l(__rtentry2.o)
    0x0800019e   0x0800019e   0x00000000   Code   RO          394    .ARM.Collect$$rtentry$$0000000C  c_w.l(__rtentry2.o)
    0x0800019e   0x0800019e   0x00000008   Code   RO          395    .ARM.Collect$$rtentry$$0000000D  c_w.l(__rtentry2.o)
    0x080001a6   0x080001a6   0x00000002   Code   RO          418    .ARM.Collect$$rtexit$$00000000  c_w.l(rtexit.o)
    0x080001a8   0x080001a8   0x00000000   Code   RO          468    .ARM.Collect$$rtexit$$00000002  c_w.l(rtexit2.o)
    0x080001a8   0x080001a8   0x00000004   Code   RO          469    .ARM.Collect$$rtexit$$00000003  c_w.l(rtexit2.o)
    0x080001ac   0x080001ac   0x00000006   Code   RO          470    .ARM.Collect$$rtexit$$00000004  c_w.l(rtexit2.o)
    0x080001b2   0x080001b2   0x00000002   PAD
    0x080001b4   0x080001b4   0x00000040   Code   RO          315    .text               startup_stm32f10x_md.o
    0x080001f4   0x080001f4   0x00000006   Code   RO          344    .text               c_w.l(heapauxi.o)
    0x080001fa   0x080001fa   0x0000004a   Code   RO          405    .text               c_w.l(sys_stackheap_outer.o)
    0x08000244   0x08000244   0x00000012   Code   RO          407    .text               c_w.l(exit.o)
    0x08000256   0x08000256   0x00000002   PAD
    0x08000258   0x08000258   0x00000008   Code   RO          415    .text               c_w.l(libspace.o)
    0x08000260   0x08000260   0x0000000c   Code   RO          478    .text               c_w.l(sys_exit.o)
    0x0800026c   0x0800026c   0x00000002   Code   RO          493    .text               c_w.l(use_no_semi.o)
    0x0800026e   0x0800026e   0x00000000   Code   RO          495    .text               c_w.l(indicate_semi.o)
    0x0800026e   0x0800026e   0x00000002   PAD
    0x08000270   0x08000270   0x00000036   Code   RO          218    .text.DelayMillis   systick_time.o
    0x080002a6   0x080002a6   0x00000002   PAD
    0x080002a8   0x080002a8   0x00000020   Code   RO          220    .text.DelayMs       systick_time.o
    0x080002c8   0x080002c8   0x00000020   Code   RO          216    .text.DelayUs       systick_time.o
    0x080002e8   0x080002e8   0x00000030   Code   RO          214    .text.Delaymicro    systick_time.o
    0x08000318   0x08000318   0x0000001e   Code   RO          201    .text.PCF8574_add   pcf8574_drive.o
    0x08000336   0x08000336   0x00000002   PAD
    0x08000338   0x08000338   0x00000036   Code   RO          203    .text.PCF8574_tx_byte  pcf8574_drive.o
    0x0800036e   0x0800036e   0x00000002   PAD
    0x08000370   0x08000370   0x0000007e   Code   RO           72    .text.R_GP          gp_drive.o
    0x080003ee   0x080003ee   0x00000002   PAD
    0x080003f0   0x080003f0   0x00000008   Code   RO          324    .text.SetSysClock   system_stm32f10x.o
    0x080003f8   0x080003f8   0x00000122   Code   RO          328    .text.SetSysClockTo72  system_stm32f10x.o
    0x0800051a   0x0800051a   0x00000002   PAD
    0x0800051c   0x0800051c   0x00000020   Code   RO            8    .text.SysTick_Handler  main.o
    0x0800053c   0x0800053c   0x00000066   Code   RO          322    .text.SystemInit    system_stm32f10x.o
    0x080005a2   0x080005a2   0x00000002   PAD
    0x080005a4   0x080005a4   0x00000032   Code   RO          243    .text.TDelay_Micros  timer_drive.o
    0x080005d6   0x080005d6   0x00000002   PAD
    0x080005d8   0x080005d8   0x00000012   Code   RO          249    .text.TDelay_Milli  timer_drive.o
    0x080005ea   0x080005ea   0x00000002   PAD
    0x080005ec   0x080005ec   0x00000036   Code   RO          245    .text.TDelay_Millis  timer_drive.o
    0x08000622   0x08000622   0x00000002   PAD
    0x08000624   0x08000624   0x00000088   Code   RO          300    .text.UART_ISR      uart_drive.o
    0x080006ac   0x080006ac   0x000000a0   Code   RO          296    .text.UART_RX       uart_drive.o
    0x0800074c   0x0800074c   0x00000034   Code   RO          302    .text.UART_SEND     uart_drive.o
    0x08000780   0x08000780   0x000000a0   Code   RO          298    .text.UART_TX       uart_drive.o
    0x08000820   0x08000820   0x0000015a   Code   RO          292    .text.UART_init     uart_drive.o
    0x0800097a   0x0800097a   0x00000002   PAD
    0x0800097c   0x0800097c   0x0000001a   Code   RO            4    .text.USART2_IRQHandler  main.o
    0x08000996   0x08000996   0x00000002   PAD
    0x08000998   0x08000998   0x0000001a   Code   RO            6    .text.USART3_IRQHandler  main.o
    0x080009b2   0x080009b2   0x00000002   PAD
    0x080009b4   0x080009b4   0x00000118   Code   RO          294    .text.USART_BRR     uart_drive.o
    0x08000acc   0x08000acc   0x00000062   Code   RO           49    .text.adc_check     adc_drive.o
    0x08000b2e   0x08000b2e   0x00000002   PAD
    0x08000b30   0x08000b30   0x00000162   Code   RO           59    .text.adc_multi_ch_init  adc_drive.o
    0x08000c92   0x08000c92   0x00000002   PAD
    0x08000c94   0x08000c94   0x00000112   Code   RO           61    .text.adc_multi_ch_rx  adc_drive.o
    0x08000da6   0x08000da6   0x00000002   PAD
    0x08000da8   0x08000da8   0x000000d2   Code   RO          265    .text.get_channel   timer_drive.o
    0x08000e7a   0x08000e7a   0x00000002   PAD
    0x08000e7c   0x08000e7c   0x00000050   Code   RO          233    .text.get_timer     timer_drive.o
    0x08000ecc   0x08000ecc   0x000000a4   Code   RO          269    .text.get_timer_address  timer_drive.o
    0x08000f70   0x08000f70   0x000000a0   Code   RO          267    .text.get_timer_pin  timer_drive.o
    0x08001010   0x08001010   0x00000108   Code   RO          123    .text.i2c_add       i2c_drive.o
    0x08001118   0x08001118   0x00000084   Code   RO          125    .text.i2c_data      i2c_drive.o
    0x0800119c   0x0800119c   0x0000011e   Code   RO          119    .text.i2c_init      i2c_drive.o
    0x080012ba   0x080012ba   0x00000002   PAD
    0x080012bc   0x080012bc   0x00000080   Code   RO          121    .text.i2c_start     i2c_drive.o
    0x0800133c   0x0800133c   0x00000074   Code   RO          127    .text.i2c_stop      i2c_drive.o
    0x080013b0   0x080013b0   0x00000102   Code   RO           70    .text.init_GP       gp_drive.o
    0x080014b2   0x080014b2   0x00000002   PAD
    0x080014b4   0x080014b4   0x000000a2   Code   RO          160    .text.lcd_i2c_cmd   lcd_1602_drive.o
    0x08001556   0x08001556   0x00000002   PAD
    0x08001558   0x08001558   0x000000a2   Code   RO          158    .text.lcd_i2c_data  lcd_1602_drive.o
    0x080015fa   0x080015fa   0x00000002   PAD
    0x080015fc   0x080015fc   0x00000166   Code   RO          162    .text.lcd_i2c_init  lcd_1602_drive.o
    0x08001762   0x08001762   0x00000002   PAD
    0x08001764   0x08001764   0x00000068   Code   RO          166    .text.lcd_i2c_msg   lcd_1602_drive.o
    0x080017cc   0x080017cc   0x0000003a   Code   RO          164    .text.lcd_i2c_send  lcd_1602_drive.o
    0x08001806   0x08001806   0x00000002   PAD
    0x08001808   0x08001808   0x000004e8   Code   RO            2    .text.main          main.o
    0x08001cf0   0x08001cf0   0x0000004c   Code   RO          279    .text.servo_180_deg  timer_drive.o
    0x08001d3c   0x08001d3c   0x0000002a   Code   RO          212    .text.systick_init  systick_time.o
    0x08001d66   0x08001d66   0x00000002   PAD
    0x08001d68   0x08001d68   0x000000a8   Code   RO          224    .text.systick_int   systick_time.o
    0x08001e10   0x08001e10   0x00000036   Code   RO          222    .text.systick_int_start  systick_time.o
    0x08001e46   0x08001e46   0x00000002   PAD
    0x08001e48   0x08001e48   0x00000168   Code   RO          275    .text.timer_pwm_micro  timer_drive.o
    0x08001fb0   0x08001fb0   0x00000074   Code   RO          235    .text.timer_start_micros  timer_drive.o
    0x08002024   0x08002024   0x00000150   Code   RO          348    x$fpl$dadd          fz_ws.l(daddsub_clz.o)
    0x08002174   0x08002174   0x00000018   Code   RO          403    x$fpl$dcmpinf       fz_ws.l(dcmpi.o)
    0x0800218c   0x0800218c   0x000002b4   Code   RO          357    x$fpl$ddiv          fz_ws.l(ddiv.o)
    0x08002440   0x08002440   0x00000078   Code   RO          377    x$fpl$deqf          fz_ws.l(deqf.o)
    0x080024b8   0x080024b8   0x0000005a   Code   RO          360    x$fpl$dfixu         fz_ws.l(dfixu.o)
    0x08002512   0x08002512   0x00000026   Code   RO          364    x$fpl$dfltu         fz_ws.l(dflt_clz.o)
    0x08002538   0x08002538   0x00000078   Code   RO          379    x$fpl$dgeqf         fz_ws.l(dgeqf.o)
    0x080025b0   0x080025b0   0x00000078   Code   RO          381    x$fpl$dleqf         fz_ws.l(dleqf.o)
    0x08002628   0x08002628   0x00000154   Code   RO          370    x$fpl$dmul          fz_ws.l(dmul.o)
    0x0800277c   0x0800277c   0x0000009c   Code   RO          383    x$fpl$dnaninf       fz_ws.l(dnaninf.o)
    0x08002818   0x08002818   0x0000000c   Code   RO          385    x$fpl$dretinf       fz_ws.l(dretinf.o)
    0x08002824   0x08002824   0x000001dc   Code   RO          350    x$fpl$dsub          fz_ws.l(daddsub_clz.o)
    0x08002a00   0x08002a00   0x00000054   Code   RO          354    x$fpl$fcmp          fz_ws.l(dcmp.o)
    0x08002a54   0x08002a54   0x00000000   Code   RO          387    x$fpl$usenofp       fz_ws.l(usenofp.o)
    0x08002a54   0x08002a54   0x000000c1   Data   RO           36    .rodata.str1.1      main.o
    0x08002b15   0x08002b15   0x00000003   PAD
    0x08002b18   0x08002b18   0x00000020   Data   RO          551    Region$$Table       anon$$obj.o


    Execution Region RW_IRAM1 (Exec base: 0x20000000, Load base: 0x08002b38, Size: 0x00000920, Max: 0x00005000, ABSOLUTE)

    Exec Addr    Load Addr    Size         Type   Attr      Idx    E Section Name        Object

    0x20000000   0x08002b38   0x00000001   Data   RW           20    .data.channels      main.o
    0x20000001   0x08002b39   0x00000003   PAD
    0x20000004   0x08002b3c   0x00000004   Data   RW           26    .data.flameSen      main.o
    0x20000008   0x08002b40   0x00000004   Data   RW           32    .data.showDHT       main.o
    0x2000000c   0x08002b44   0x00000001   Data   RW           28    .data.sigUART       main.o
    0x2000000d   0x08002b45   0x00000001   PAD
    0x2000000e   0x08002b46   0x0000000e   Data   RW           14    .data.uart_2_mgr    main.o
    0x2000001c   0x08002b54   0x0000000e   Data   RW           18    .data.uart_3_mgr    main.o
    0x2000002a   0x08002b62   0x00000006   PAD
    0x20000030        -       0x00000060   Zero   RW          416    .bss                c_w.l(libspace.o)
    0x20000090        -       0x00000003   Zero   RW           30    .bss.ImageProcess   main.o
    0x20000093        -       0x000000fa   Zero   RW           37    .bss.USART_2_msg    main.o
    0x2000018d        -       0x000000fa   Zero   RW           38    .bss.USART_3_msg    main.o
    0x20000287        -       0x00000011   Zero   RW           19    .bss.adc_channels   main.o
    0x20000298        -       0x00000044   Zero   RW           23    .bss.analog_rx      main.o
    0x200002dc        -       0x00000004   Zero   RW           24    .bss.cnv            main.o
    0x200002e0        -       0x0000000f   Zero   RW           22    .bss.dataUART       main.o
    0x200002ef   0x08002b62   0x00000001   PAD
    0x200002f0        -       0x00000004   Zero   RW           33    .bss.delayLCD       main.o
    0x200002f4        -       0x00000005   Zero   RW           34    .bss.hum            main.o
    0x200002f9   0x08002b62   0x00000003   PAD
    0x200002fc        -       0x00000004   Zero   RW           29    .bss.i              main.o
    0x20000300        -       0x00000005   Zero   RW           35    .bss.temp           main.o
    0x20000305   0x08002b62   0x00000001   PAD
    0x20000306        -       0x0000000e   Zero   RW           10    .bss.uart_1_mgr     main.o
    0x20000314        -       0x00000004   Zero   RW           25    .bss.warning_ADC    main.o
    0x20000318        -       0x00000004   Zero   RW           31    .bss.warning_CAM    main.o
    0x2000031c        -       0x00000004   Zero   RW           27    .bss.warning_FS     main.o
    0x20000320        -       0x00000200   Zero   RW          313    HEAP                startup_stm32f10x_md.o
    0x20000520        -       0x00000400   Zero   RW          312    STACK               startup_stm32f10x_md.o


==============================================================================

Image component sizes


      Code (inc. data)   RO Data    RW Data    ZI Data      Debug   Object Name

       726          0          0          0          0       5595   adc_drive.o
       384          0          0          0          0       2472   gp_drive.o
       926          0          0          0          0       3007   i2c_drive.o
       844          0          0          0          0       3799   lcd_1602_drive.o
      1340          0        193         38        651       2438   main.o
        84          0          0          0          0        621   pcf8574_drive.o
        64         26        236          0       1536        844   startup_stm32f10x_md.o
       400          0          0          0          0       2973   system_stm32f10x.o
       430          0          0          0          0       1928   systick_time.o
      1288         24          0          0          0      10238   timer_drive.o
      1134          0          0          0          0       3016   uart_drive.o

    ----------------------------------------------------------------------
      7668         50        464         44       2196      36931   Object Totals
         0          0         32          0          0          0   (incl. Generated)
        48          0          3          6          9          0   (incl. Padding)

    ----------------------------------------------------------------------

      Code (inc. data)   RO Data    RW Data    ZI Data      Debug   Library Member Name

         8          0          0          0          0         68   __main.o
         0          0          0          0          0          0   __rtentry.o
        12          0          0          0          0          0   __rtentry2.o
         6          0          0          0          0          0   __rtentry4.o
        94          8          0          0          0          0   __scatter.o
        26          0          0          0          0          0   __scatter_copy.o
        28          0          0          0          0          0   __scatter_zi.o
        18          0          0          0          0         80   exit.o
         6          0          0          0          0        152   heapauxi.o
         0          0          0          0          0          0   indicate_semi.o
         2          0          0          0          0          0   libinit.o
         2          0          0          0          0          0   libinit2.o
         2          0          0          0          0          0   libshutdown.o
         2          0          0          0          0          0   libshutdown2.o
         8          4          0          0         96         68   libspace.o
         2          0          0          0          0          0   rtexit.o
        10          0          0          0          0          0   rtexit2.o
        12          4          0          0          0         68   sys_exit.o
        74          0          0          0          0         80   sys_stackheap_outer.o
         2          0          0          0          0         68   use_no_semi.o
       812         16          0          0          0        296   daddsub_clz.o
        84          0          0          0          0        196   dcmp.o
        24          0          0          0          0         68   dcmpi.o
       692        140          0          0          0        216   ddiv.o
       120          4          0          0          0         92   deqf.o
        90          4          0          0          0         92   dfixu.o
        38          0          0          0          0         68   dflt_clz.o
       120          4          0          0          0         92   dgeqf.o
       120          4          0          0          0         92   dleqf.o
       340         12          0          0          0        104   dmul.o
       156          4          0          0          0         92   dnaninf.o
        12          0          0          0          0         68   dretinf.o
         0          0          0          0          0          0   usenofp.o

    ----------------------------------------------------------------------
      2932        204          0          0         96       2060   Library Totals
        10          0          0          0          0          0   (incl. Padding)

    ----------------------------------------------------------------------

      Code (inc. data)   RO Data    RW Data    ZI Data      Debug   Library Name

       314         16          0          0         96        584   c_w.l
      2608        188          0          0          0       1476   fz_ws.l

    ----------------------------------------------------------------------
      2932        204          0          0         96       2060   Library Totals

    ----------------------------------------------------------------------

==============================================================================


      Code (inc. data)   RO Data    RW Data    ZI Data      Debug   

     10600        254        464         44       2292      38095   Grand Totals
     10600        254        464         44       2292      38095   ELF Image Totals
     10600        254        464         44          0          0   ROM Totals

==============================================================================

    Total RO  Size (Code + RO Data)                11064 (  10.80kB)
    Total RW  Size (RW Data + ZI Data)              2336 (   2.28kB)
    Total ROM Size (Code + RO Data + RW Data)      11108 (  10.85kB)

==============================================================================

