Component: Arm Compiler for Embedded 6.21 Tool: armlink [5ec1fa00]

==============================================================================

Section Cross References

    main.o(.ARM.exidx.text.SysTick_Handler) refers to main.o(.text.SysTick_Handler) for [Anonymous Symbol]
    main.o(.text.SIM800L) refers to main.o(.rodata.str1.1) for .L.str
    main.o(.text.SIM800L) refers to uart_drive.o(.text.UART_SEND) for UART_SEND
    main.o(.text.SIM800L) refers to systick_time.o(.text.DelayMs) for DelayMs
    main.o(.text.SIM800L) refers to main.o(.bss.dataUART) for dataUART
    main.o(.text.SIM800L) refers to main.o(.bss.ImageProcess) for ImageProcess
    main.o(.ARM.exidx.text.SIM800L) refers to main.o(.text.SIM800L) for [Anonymous Symbol]
    main.o(.text.WARNING_LCD) refers to main.o(.data.showDHT) for showDHT
    main.o(.text.WARNING_LCD) refers to main.o(.bss.warning_ADC) for warning_ADC
    main.o(.text.WARNING_LCD) refers to lcd_1602_drive.o(.text.lcd_i2c_init) for lcd_i2c_init
    main.o(.text.WARNING_LCD) refers to main.o(.rodata.str1.1) for .L.str.3
    main.o(.text.WARNING_LCD) refers to lcd_1602_drive.o(.text.lcd_i2c_msg) for lcd_i2c_msg
    main.o(.text.WARNING_LCD) refers to main.o(.bss.warning_FS) for warning_FS
    main.o(.text.WARNING_LCD) refers to main.o(.bss.warning_CAM) for warning_CAM
    main.o(.ARM.exidx.text.WARNING_LCD) refers to main.o(.text.WARNING_LCD) for [Anonymous Symbol]
    main.o(.text.WARNING_ACTION) refers to gp_drive.o(.text.W_GP) for W_GP
    main.o(.text.WARNING_ACTION) refers to timer_drive.o(.text.TDelay_Milli) for TDelay_Milli
    main.o(.text.WARNING_ACTION) refers to timer_drive.o(.text.servo_180_deg) for servo_180_deg
    main.o(.ARM.exidx.text.WARNING_ACTION) refers to main.o(.text.WARNING_ACTION) for [Anonymous Symbol]
    main.o(.text.GetData_UART) refers to uart_drive.o(.text.UART_RX) for UART_RX
    main.o(.text.GetData_UART) refers to main.o(.data.sigUART) for sigUART
    main.o(.text.GetData_UART) refers to main.o(.bss.i) for i
    main.o(.text.GetData_UART) refers to main.o(.bss.dataUART) for dataUART
    main.o(.text.GetData_UART) refers to main.o(.bss.ImageProcess) for ImageProcess
    main.o(.text.GetData_UART) refers to main.o(.bss.delayLCD) for delayLCD
    main.o(.text.GetData_UART) refers to main.o(.bss.hum) for hum
    main.o(.text.GetData_UART) refers to main.o(.bss.temp) for temp
    main.o(.text.GetData_UART) refers to main.o(.rodata.str1.1) for .L.str.7
    main.o(.text.GetData_UART) refers to lcd_1602_drive.o(.text.lcd_i2c_msg) for lcd_i2c_msg
    main.o(.ARM.exidx.text.GetData_UART) refers to main.o(.text.GetData_UART) for [Anonymous Symbol]
    main.o(.text.Reset_Status) refers to main.o(.data.showDHT) for showDHT
    main.o(.text.Reset_Status) refers to main.o(.bss.warning_ADC) for warning_ADC
    main.o(.text.Reset_Status) refers to main.o(.bss.warning_FS) for warning_FS
    main.o(.text.Reset_Status) refers to main.o(.bss.warning_CAM) for warning_CAM
    main.o(.text.Reset_Status) refers to lcd_1602_drive.o(.text.lcd_i2c_init) for lcd_i2c_init
    main.o(.ARM.exidx.text.Reset_Status) refers to main.o(.text.Reset_Status) for [Anonymous Symbol]
    main.o(.text.Trigger) refers to main.o(.bss.warning_ADC) for warning_ADC
    main.o(.text.Trigger) refers to main.o(.bss.warning_FS) for warning_FS
    main.o(.text.Trigger) refers to main.o(.bss.warning_CAM) for warning_CAM
    main.o(.text.Trigger) refers to main.o(.text.WARNING_LCD) for WARNING_LCD
    main.o(.text.Trigger) refers to main.o(.text.WARNING_ACTION) for WARNING_ACTION
    main.o(.text.Trigger) refers to main.o(.text.SIM800L) for SIM800L
    main.o(.text.Trigger) refers to main.o(.bss.trigg) for trigg
    main.o(.ARM.exidx.text.Trigger) refers to main.o(.text.Trigger) for [Anonymous Symbol]
    main.o(.text.UnTrigger) refers to main.o(.bss.warning_ADC) for warning_ADC
    main.o(.text.UnTrigger) refers to main.o(.bss.warning_FS) for warning_FS
    main.o(.text.UnTrigger) refers to main.o(.bss.warning_CAM) for warning_CAM
    main.o(.text.UnTrigger) refers to main.o(.bss.trigg) for trigg
    main.o(.text.UnTrigger) refers to timer_drive.o(.text.servo_180_deg) for servo_180_deg
    main.o(.text.UnTrigger) refers to gp_drive.o(.text.W_GP) for W_GP
    main.o(.ARM.exidx.text.UnTrigger) refers to main.o(.text.UnTrigger) for [Anonymous Symbol]
    main.o(.text.GetData_ADC) refers to main.o(.data.channels) for channels
    main.o(.text.GetData_ADC) refers to main.o(.bss.adc_channels) for adc_channels
    main.o(.text.GetData_ADC) refers to main.o(.bss.analog_rx) for analog_rx
    main.o(.text.GetData_ADC) refers to adc_drive.o(.text.adc_multi_ch_rx) for adc_multi_ch_rx
    main.o(.text.GetData_ADC) refers to main.o(.bss.cnv) for cnv
    main.o(.text.GetData_ADC) refers to main.o(.bss.warning_ADC) for warning_ADC
    main.o(.text.GetData_ADC) refers to main.o(.text.Trigger) for Trigger
    main.o(.text.GetData_ADC) refers to main.o(.text.UnTrigger) for UnTrigger
[...]
    rtexit.o(.ARM.Collect$$rtexit$$00000000) refers (Special) to rtexit2.o(.ARM.Collect$$rtexit$$00000003) for __rt_exit_ls
    rtexit.o(.ARM.Collect$$rtexit$$00000000) refers (Special) to rtexit2.o(.ARM.Collect$$rtexit$$00000002) for __rt_exit_prels_1
    rtexit.o(.ARM.exidx) refers (Special) to rtexit2.o(.ARM.Collect$$rtexit$$00000004) for __rt_exit_exit
    rtexit.o(.ARM.exidx) refers (Special) to rtexit2.o(.ARM.Collect$$rtexit$$00000003) for __rt_exit_ls
    rtexit.o(.ARM.exidx) refers (Special) to rtexit2.o(.ARM.Collect$$rtexit$$00000002) for __rt_exit_prels_1
    rtexit.o(.ARM.exidx) refers to rtexit.o(.ARM.Collect$$rtexit$$00000000) for .ARM.Collect$$rtexit$$00000000
    libinit2.o(.ARM.Collect$$libinit$$00000012) refers to libinit2.o(.ARM.Collect$$libinit$$00000011) for .ARM.Collect$$libinit$$00000011
    libinit2.o(.ARM.Collect$$libinit$$00000014) refers to libinit2.o(.ARM.Collect$$libinit$$00000011) for .ARM.Collect$$libinit$$00000011
    libinit2.o(.ARM.Collect$$libinit$$00000016) refers to libinit2.o(.ARM.Collect$$libinit$$00000011) for .ARM.Collect$$libinit$$00000011
    libinit2.o(.ARM.Collect$$libinit$$00000018) refers to libinit2.o(.ARM.Collect$$libinit$$00000011) for .ARM.Collect$$libinit$$00000011
    libinit2.o(.ARM.Collect$$libinit$$0000001A) refers to libinit2.o(.ARM.Collect$$libinit$$00000011) for .ARM.Collect$$libinit$$00000011
    libinit2.o(.ARM.Collect$$libinit$$00000028) refers to argv_veneer.o(.emb_text) for __ARM_argv_veneer
    libinit2.o(.ARM.Collect$$libinit$$00000029) refers to argv_veneer.o(.emb_text) for __ARM_argv_veneer
    rtexit2.o(.ARM.Collect$$rtexit$$00000003) refers to libshutdown.o(.ARM.Collect$$libshutdown$$00000000) for __rt_lib_shutdown
    rtexit2.o(.ARM.Collect$$rtexit$$00000004) refers to sys_exit.o(.text) for _sys_exit
    rtexit2.o(.ARM.exidx) refers to rtexit2.o(.ARM.Collect$$rtexit$$00000001) for .ARM.Collect$$rtexit$$00000001
    rtexit2.o(.ARM.exidx) refers to rtexit2.o(.ARM.Collect$$rtexit$$00000003) for .ARM.Collect$$rtexit$$00000003
    rtexit2.o(.ARM.exidx) refers to rtexit2.o(.ARM.Collect$$rtexit$$00000004) for .ARM.Collect$$rtexit$$00000004
    argv_veneer.o(.emb_text) refers to no_argv.o(.text) for __ARM_get_argv
    sys_exit.o(.text) refers (Special) to use_no_semi.o(.text) for __I$use$semihosting
    sys_exit.o(.text) refers (Special) to indicate_semi.o(.text) for __semihosting_library_function
    sys_exit_hlt.o(.text) refers (Special) to use_no_semi.o(.text) for __I$use$semihosting
    sys_exit_hlt.o(.text) refers (Special) to indicate_semi.o(.text) for __semihosting_library_function
    _get_argv_nomalloc.o(.text) refers (Special) to hrguard.o(.text) for __heap_region$guard
    _get_argv_nomalloc.o(.text) refers to defsig_rtmem_outer.o(.text) for __rt_SIGRTMEM
    _get_argv_nomalloc.o(.text) refers to sys_command.o(.text) for _sys_command_string
    libshutdown.o(.ARM.Collect$$libshutdown$$00000000) refers (Special) to libshutdown2.o(.ARM.Collect$$libshutdown$$00000002) for __rt_lib_shutdown_cpp_1
    libshutdown.o(.ARM.Collect$$libshutdown$$00000000) refers (Special) to libshutdown2.o(.ARM.Collect$$libshutdown$$00000007) for __rt_lib_shutdown_fp_trap_1
    libshutdown.o(.ARM.Collect$$libshutdown$$00000000) refers (Special) to libshutdown2.o(.ARM.Collect$$libshutdown$$0000000F) for __rt_lib_shutdown_heap_1
    libshutdown.o(.ARM.Collect$$libshutdown$$00000000) refers (Special) to libshutdown2.o(.ARM.Collect$$libshutdown$$00000010) for __rt_lib_shutdown_return
    libshutdown.o(.ARM.Collect$$libshutdown$$00000000) refers (Special) to libshutdown2.o(.ARM.Collect$$libshutdown$$0000000A) for __rt_lib_shutdown_signal_1
    libshutdown.o(.ARM.Collect$$libshutdown$$00000000) refers (Special) to libshutdown2.o(.ARM.Collect$$libshutdown$$00000004) for __rt_lib_shutdown_stdio_1
    libshutdown.o(.ARM.Collect$$libshutdown$$00000000) refers (Special) to libshutdown2.o(.ARM.Collect$$libshutdown$$0000000C) for __rt_lib_shutdown_user_alloc_1
    sys_command.o(.text) refers (Special) to use_no_semi.o(.text) for __I$use$semihosting
    sys_command.o(.text) refers (Special) to indicate_semi.o(.text) for __semihosting_library_function
    sys_command_hlt.o(.text) refers (Special) to use_no_semi.o(.text) for __I$use$semihosting
    sys_command_hlt.o(.text) refers (Special) to indicate_semi.o(.text) for __semihosting_library_function
    defsig_rtmem_outer.o(.text) refers to defsig_rtmem_inner.o(.text) for __rt_SIGRTMEM_inner
    defsig_rtmem_outer.o(.text) refers to defsig_exit.o(.text) for __sig_exit
    defsig_rtmem_formal.o(.text) refers to rt_raise.o(.text) for __rt_raise
    rt_raise.o(.text) refers to __raise.o(.text) for __raise
    rt_raise.o(.text) refers to sys_exit.o(.text) for _sys_exit
    defsig_exit.o(.text) refers to sys_exit.o(.text) for _sys_exit
    defsig_rtmem_inner.o(.text) refers to defsig_general.o(.text) for __default_signal_display
    __raise.o(.text) refers to defsig.o(CL$$defsig) for __default_signal_handler
    defsig_general.o(.text) refers to sys_wrch.o(.text) for _ttywrch
    sys_wrch.o(.text) refers (Special) to use_no_semi.o(.text) for __I$use$semihosting
    sys_wrch.o(.text) refers (Special) to indicate_semi.o(.text) for __semihosting_library_function
    sys_wrch_hlt.o(.text) refers (Special) to use_no_semi.o(.text) for __I$use$semihosting
    sys_wrch_hlt.o(.text) refers (Special) to indicate_semi.o(.text) for __semihosting_library_function
    defsig.o(CL$$defsig) refers to defsig_rtmem_inner.o(.text) for __rt_SIGRTMEM_inner
    defsig_abrt_inner.o(.text) refers to defsig_general.o(.text) for __default_signal_display
    defsig_fpe_inner.o(.text) refers to defsig_general.o(.text) for __default_signal_display
    defsig_rtred_inner.o(.text) refers to defsig_general.o(.text) for __default_signal_display
    defsig_stak_inner.o(.text) refers to defsig_general.o(.text) for __default_signal_display
    defsig_pvfn_inner.o(.text) refers to defsig_general.o(.text) for __default_signal_display
    defsig_cppl_inner.o(.text) refers to defsig_general.o(.text) for __default_signal_display
    defsig_segv_inner.o(.text) refers to defsig_general.o(.text) for __default_signal_display
    defsig_other.o(.text) refers to defsig_general.o(.text) for __default_signal_display


==============================================================================

Removing Unused input sections from the image.

    Removing main.o(.text), (0 bytes).
    Removing main.o(.ARM.exidx.text.SysTick_Handler), (8 bytes).
    Removing main.o(.ARM.exidx.text.SIM800L), (8 bytes).
    Removing main.o(.ARM.exidx.text.WARNING_LCD), (8 bytes).
    Removing main.o(.ARM.exidx.text.WARNING_ACTION), (8 bytes).
    Removing main.o(.ARM.exidx.text.GetData_UART), (8 bytes).
    Removing main.o(.ARM.exidx.text.Reset_Status), (8 bytes).
    Removing main.o(.ARM.exidx.text.Trigger), (8 bytes).
    Removing main.o(.ARM.exidx.text.UnTrigger), (8 bytes).
    Removing main.o(.ARM.exidx.text.GetData_ADC), (8 bytes).
    Removing main.o(.ARM.exidx.text.GetData_Dig), (8 bytes).
    Removing main.o(.ARM.exidx.text.GetData_IMG), (8 bytes).
    Removing main.o(.text.Mode1), (2 bytes).
    Removing main.o(.ARM.exidx.text.Mode1), (8 bytes).
    Removing main.o(.ARM.exidx.text.main), (8 bytes).
    Removing main.o(.ARM.use_no_argv), (4 bytes).
    Removing adc_drive.o(.text), (0 bytes).
    Removing adc_drive.o(.text.adc_init), (362 bytes).
    Removing adc_drive.o(.ARM.exidx.text.adc_init), (8 bytes).
    Removing adc_drive.o(.ARM.exidx.text.adc_check), (8 bytes).
    Removing adc_drive.o(.text.adc_rx), (80 bytes).
    Removing adc_drive.o(.ARM.exidx.text.adc_rx), (8 bytes).
    Removing adc_drive.o(.text.adc_irq), (120 bytes).
    Removing adc_drive.o(.ARM.exidx.text.adc_irq), (8 bytes).
    Removing adc_drive.o(.text.__NVIC_EnableIRQ), (48 bytes).
    Removing adc_drive.o(.ARM.exidx.text.__NVIC_EnableIRQ), (8 bytes).
    Removing adc_drive.o(.text.adc_wd), (188 bytes).
    Removing adc_drive.o(.ARM.exidx.text.adc_wd), (8 bytes).
    Removing adc_drive.o(.ARM.exidx.text.adc_multi_ch_init), (8 bytes).
    Removing adc_drive.o(.ARM.exidx.text.adc_multi_ch_rx), (8 bytes).
    Removing gp_drive.o(.text), (0 bytes).
    Removing gp_drive.o(.ARM.exidx.text.init_GP), (8 bytes).
    Removing gp_drive.o(.ARM.exidx.text.R_GP), (8 bytes).
    Removing gp_drive.o(.ARM.exidx.text.W_GP), (8 bytes).
    Removing gp_drive.o(.text.toggle_GP), (64 bytes).
    Removing gp_drive.o(.ARM.exidx.text.toggle_GP), (8 bytes).
    Removing gp_drive.o(.text.PINc), (76 bytes).
    Removing gp_drive.o(.ARM.exidx.text.PINc), (8 bytes).
    Removing gp_drive.o(.text.B_init), (16 bytes).
    Removing gp_drive.o(.ARM.exidx.text.B_init), (8 bytes).
    Removing gp_drive.o(.text.BLED), (24 bytes).
    Removing gp_drive.o(.ARM.exidx.text.BLED), (8 bytes).
    Removing gp_drive.o(.text.Digital_Input), (32 bytes).
    Removing gp_drive.o(.ARM.exidx.text.Digital_Input), (8 bytes).
    Removing gp_drive.o(.text.Digital_Output), (32 bytes).
    Removing gp_drive.o(.ARM.exidx.text.Digital_Output), (8 bytes).
    Removing help_func.o(.text), (0 bytes).
    Removing help_func.o(.text.str_empty), (40 bytes).
    Removing help_func.o(.ARM.exidx.text.str_empty), (8 bytes).
    Removing help_func.o(.text.str_empty_len), (50 bytes).
    Removing help_func.o(.ARM.exidx.text.str_empty_len), (8 bytes).
    Removing help_func.o(.text.len_str), (34 bytes).
    Removing help_func.o(.ARM.exidx.text.len_str), (8 bytes).
    Removing help_func.o(.text.find_str), (162 bytes).
    Removing help_func.o(.ARM.exidx.text.find_str), (8 bytes).
    Removing help_func.o(.text.find_strL), (70 bytes).
    Removing help_func.o(.ARM.exidx.text.find_strL), (8 bytes).
    Removing help_func.o(.text.Concatstr), (70 bytes).
    Removing help_func.o(.ARM.exidx.text.Concatstr), (8 bytes).
    Removing help_func.o(.text.int2char), (184 bytes).
    Removing help_func.o(.ARM.exidx.text.int2char), (8 bytes).
    Removing help_func.o(.text.char2int), (148 bytes).
    Removing help_func.o(.ARM.exidx.text.char2int), (8 bytes).
    Removing help_func.o(.rodata.str1.1), (11 bytes).
    Removing i2c_drive.o(.text), (0 bytes).
    Removing i2c_drive.o(.ARM.exidx.text.i2c_init), (8 bytes).
    Removing i2c_drive.o(.ARM.exidx.text.i2c_start), (8 bytes).
    Removing i2c_drive.o(.ARM.exidx.text.i2c_add), (8 bytes).
    Removing i2c_drive.o(.ARM.exidx.text.i2c_data), (8 bytes).
    Removing i2c_drive.o(.ARM.exidx.text.i2c_stop), (8 bytes).
    Removing i2c_drive.o(.text.i2c_write), (88 bytes).
    Removing i2c_drive.o(.ARM.exidx.text.i2c_write), (8 bytes).
    Removing i2c_drive.o(.text.i2c_rx), (200 bytes).
    Removing i2c_drive.o(.ARM.exidx.text.i2c_rx), (8 bytes).
    Removing lcd_1602_drive.o(.text), (0 bytes).
    Removing lcd_1602_drive.o(.text.pin_output), (64 bytes).
    Removing lcd_1602_drive.o(.ARM.exidx.text.pin_output), (8 bytes).
    Removing lcd_1602_drive.o(.text.lcd_rs), (24 bytes).
    Removing lcd_1602_drive.o(.ARM.exidx.text.lcd_rs), (8 bytes).
    Removing lcd_1602_drive.o(.text.lcd_rw), (24 bytes).
    Removing lcd_1602_drive.o(.ARM.exidx.text.lcd_rw), (8 bytes).
    Removing lcd_1602_drive.o(.text.lcd_e), (24 bytes).
    Removing lcd_1602_drive.o(.ARM.exidx.text.lcd_e), (8 bytes).
    Removing lcd_1602_drive.o(.text.lcd_data), (160 bytes).
    Removing lcd_1602_drive.o(.ARM.exidx.text.lcd_data), (8 bytes).
    Removing lcd_1602_drive.o(.text.lcd_cmd), (160 bytes).
    Removing lcd_1602_drive.o(.ARM.exidx.text.lcd_cmd), (8 bytes).
    Removing lcd_1602_drive.o(.text.lcd_init), (348 bytes).
    Removing lcd_1602_drive.o(.ARM.exidx.text.lcd_init), (8 bytes).
    Removing lcd_1602_drive.o(.text.lcd_send), (50 bytes).
    Removing lcd_1602_drive.o(.ARM.exidx.text.lcd_send), (8 bytes).
    Removing lcd_1602_drive.o(.text.lcd_msg), (92 bytes).
    Removing lcd_1602_drive.o(.ARM.exidx.text.lcd_msg), (8 bytes).
    Removing lcd_1602_drive.o(.ARM.exidx.text.lcd_i2c_data), (8 bytes).
    Removing lcd_1602_drive.o(.ARM.exidx.text.lcd_i2c_cmd), (8 bytes).
    Removing lcd_1602_drive.o(.ARM.exidx.text.lcd_i2c_init), (8 bytes).
    Removing lcd_1602_drive.o(.ARM.exidx.text.lcd_i2c_send), (8 bytes).
    Removing lcd_1602_drive.o(.ARM.exidx.text.lcd_i2c_msg), (8 bytes).
    Removing lcd_1602_drive.o(.text.lcd_blank_1), (32 bytes).
    Removing lcd_1602_drive.o(.ARM.exidx.text.lcd_blank_1), (8 bytes).
    Removing lcd_1602_drive.o(.text.lcd_blank_2), (32 bytes).
    Removing lcd_1602_drive.o(.ARM.exidx.text.lcd_blank_2), (8 bytes).
    Removing lcd_1602_drive.o(.text.lcd_blank_12), (28 bytes).
    Removing lcd_1602_drive.o(.ARM.exidx.text.lcd_blank_12), (8 bytes).
    Removing lcd_1602_drive.o(.rodata.str1.1), (17 bytes).
    Removing msg_drive.o(.text), (0 bytes).
    Removing msg_drive.o(.text.basic_msg), (50 bytes).
    Removing msg_drive.o(.ARM.exidx.text.basic_msg), (8 bytes).
    Removing msg_drive.o(.text.sync), (92 bytes).
    Removing msg_drive.o(.ARM.exidx.text.sync), (8 bytes).
    Removing msg_drive.o(.text.InsertData), (70 bytes).
    Removing msg_drive.o(.ARM.exidx.text.InsertData), (8 bytes).
    Removing msg_drive.o(.text.make_msg), (148 bytes).
    Removing msg_drive.o(.ARM.exidx.text.make_msg), (8 bytes).
    Removing msg_drive.o(.text.make_msg_check), (184 bytes).
    Removing msg_drive.o(.ARM.exidx.text.make_msg_check), (8 bytes).
    Removing msg_drive.o(.rodata..L__const.sync.sync_mesg), (20 bytes).
    Removing msg_drive.o(.rodata.str1.1), (5 bytes).
    Removing pcf8574_drive.o(.text), (0 bytes).
    Removing pcf8574_drive.o(.ARM.exidx.text.PCF8574_add), (8 bytes).
    Removing pcf8574_drive.o(.ARM.exidx.text.PCF8574_tx_byte), (8 bytes).
    Removing systick_time.o(.text), (0 bytes).
    Removing systick_time.o(.ARM.exidx.text.systick_init), (8 bytes).
    Removing systick_time.o(.ARM.exidx.text.Delaymicro), (8 bytes).
    Removing systick_time.o(.ARM.exidx.text.DelayUs), (8 bytes).
    Removing systick_time.o(.ARM.exidx.text.DelayMillis), (8 bytes).
    Removing systick_time.o(.ARM.exidx.text.DelayMs), (8 bytes).
    Removing systick_time.o(.text.systick_int_start), (54 bytes).
    Removing systick_time.o(.ARM.exidx.text.systick_int_start), (8 bytes).
    Removing systick_time.o(.text.systick_int), (168 bytes).
    Removing systick_time.o(.ARM.exidx.text.systick_int), (8 bytes).
    Removing timer_drive.o(.text), (0 bytes).
    Removing timer_drive.o(.ARM.exidx.text.get_timer), (8 bytes).
    Removing timer_drive.o(.ARM.exidx.text.timer_start_micros), (8 bytes).
    Removing timer_drive.o(.text.timer_start_millis), (118 bytes).
    Removing timer_drive.o(.ARM.exidx.text.timer_start_millis), (8 bytes).
    Removing timer_drive.o(.text.get_time_micros), (64 bytes).
    Removing timer_drive.o(.ARM.exidx.text.get_time_micros), (8 bytes).
    Removing timer_drive.o(.text.get_time_millis), (42 bytes).
    Removing timer_drive.o(.ARM.exidx.text.get_time_millis), (8 bytes).
    Removing timer_drive.o(.ARM.exidx.text.TDelay_Micros), (8 bytes).
    Removing timer_drive.o(.ARM.exidx.text.TDelay_Millis), (8 bytes).
    Removing timer_drive.o(.text.TDelay_Micro), (18 bytes).
    Removing timer_drive.o(.ARM.exidx.text.TDelay_Micro), (8 bytes).
    Removing timer_drive.o(.ARM.exidx.text.TDelay_Milli), (8 bytes).
    Removing timer_drive.o(.text.timer_irq_micro_start), (96 bytes).
    Removing timer_drive.o(.ARM.exidx.text.timer_irq_micro_start), (8 bytes).
    Removing timer_drive.o(.text.__NVIC_EnableIRQ), (48 bytes).
    Removing timer_drive.o(.ARM.exidx.text.__NVIC_EnableIRQ), (8 bytes).
    Removing timer_drive.o(.text.timer_irq_millis_start), (96 bytes).
    Removing timer_drive.o(.ARM.exidx.text.timer_irq_millis_start), (8 bytes).
    Removing timer_drive.o(.text.timer_irq_Rflag), (32 bytes).
    Removing timer_drive.o(.ARM.exidx.text.timer_irq_Rflag), (8 bytes).
    Removing timer_drive.o(.text.timer_irq_stop), (92 bytes).
    Removing timer_drive.o(.ARM.exidx.text.timer_irq_stop), (8 bytes).
    Removing timer_drive.o(.text.__NVIC_DisableIRQ), (56 bytes).
    Removing timer_drive.o(.ARM.exidx.text.__NVIC_DisableIRQ), (8 bytes).
    Removing timer_drive.o(.text.timer_stop), (92 bytes).
    Removing timer_drive.o(.ARM.exidx.text.timer_stop), (8 bytes).
    Removing timer_drive.o(.ARM.exidx.text.get_channel), (8 bytes).
    Removing timer_drive.o(.ARM.exidx.text.get_timer_pin), (8 bytes).
    Removing timer_drive.o(.ARM.exidx.text.get_timer_address), (8 bytes).
    Removing timer_drive.o(.text.timer_compare_micro), (360 bytes).
    Removing timer_drive.o(.ARM.exidx.text.timer_compare_micro), (8 bytes).
    Removing timer_drive.o(.text.timer_compare_milli), (374 bytes).
    Removing timer_drive.o(.ARM.exidx.text.timer_compare_milli), (8 bytes).
    Removing timer_drive.o(.ARM.exidx.text.timer_pwm_micro), (8 bytes).
    Removing timer_drive.o(.text.timer_pwm_milli), (374 bytes).
    Removing timer_drive.o(.ARM.exidx.text.timer_pwm_milli), (8 bytes).
    Removing timer_drive.o(.ARM.exidx.text.servo_180_deg), (8 bytes).
    Removing timer_drive.o(.text.servo_speed_CD), (76 bytes).
    Removing timer_drive.o(.ARM.exidx.text.servo_speed_CD), (8 bytes).
    Removing timer_drive.o(.text.servo_speed_CCD), (76 bytes).
    Removing timer_drive.o(.ARM.exidx.text.servo_speed_CCD), (8 bytes).
    Removing uart_drive.o(.text), (0 bytes).
    Removing uart_drive.o(.ARM.exidx.text.UART_init), (8 bytes).
    Removing uart_drive.o(.ARM.exidx.text.USART_BRR), (8 bytes).
    Removing uart_drive.o(.ARM.exidx.text.UART_RX), (8 bytes).
    Removing uart_drive.o(.ARM.exidx.text.UART_TX), (8 bytes).
    Removing uart_drive.o(.text.UART_ISR), (136 bytes).
    Removing uart_drive.o(.ARM.exidx.text.UART_ISR), (8 bytes).
    Removing uart_drive.o(.ARM.exidx.text.UART_SEND), (8 bytes).
    Removing uart_drive.o(.text.UART_msg), (76 bytes).
    Removing uart_drive.o(.ARM.exidx.text.UART_msg), (8 bytes).
    Removing system_stm32f10x.o(.text), (0 bytes).
    Removing system_stm32f10x.o(.ARM.exidx.text.SystemInit), (8 bytes).
    Removing system_stm32f10x.o(.ARM.exidx.text.SetSysClock), (8 bytes).
    Removing system_stm32f10x.o(.text.SystemCoreClockUpdate), (290 bytes).
    Removing system_stm32f10x.o(.ARM.exidx.text.SystemCoreClockUpdate), (8 bytes).
    Removing system_stm32f10x.o(.ARM.exidx.text.SetSysClockTo72), (8 bytes).
    Removing system_stm32f10x.o(.data.SystemCoreClock), (4 bytes).
    Removing system_stm32f10x.o(.rodata.AHBPrescTable), (16 bytes).

192 unused section(s) (total 7391 bytes) removed from the image.

==============================================================================

Image Symbol Table

    Local Symbols

    Symbol Name                              Value     Ov Type        Size  Object(Section)

    ../clib/angel/boardlib.s                 0x00000000   Number         0  boardinit1.o ABSOLUTE
    ../clib/angel/boardlib.s                 0x00000000   Number         0  boardinit2.o ABSOLUTE
    ../clib/angel/boardlib.s                 0x00000000   Number         0  boardinit3.o ABSOLUTE
    ../clib/angel/boardlib.s                 0x00000000   Number         0  boardshut.o ABSOLUTE
    ../clib/angel/handlers.s                 0x00000000   Number         0  __scatter_copy.o ABSOLUTE
    ../clib/angel/handlers.s                 0x00000000   Number         0  __scatter_zi.o ABSOLUTE
    ../clib/angel/kernel.s                   0x00000000   Number         0  __rtentry.o ABSOLUTE
    ../clib/angel/kernel.s                   0x00000000   Number         0  __rtentry2.o ABSOLUTE
    ../clib/angel/kernel.s                   0x00000000   Number         0  __rtentry4.o ABSOLUTE
    ../clib/angel/kernel.s                   0x00000000   Number         0  rtexit.o ABSOLUTE
    ../clib/angel/kernel.s                   0x00000000   Number         0  rtexit2.o ABSOLUTE
    ../clib/angel/rt.s                       0x00000000   Number         0  rt_raise.o ABSOLUTE
    ../clib/angel/scatter.s                  0x00000000   Number         0  __scatter.o ABSOLUTE
    ../clib/angel/startup.s                  0x00000000   Number         0  __main.o ABSOLUTE
    ../clib/angel/sys.s                      0x00000000   Number         0  sys_stackheap_outer.o ABSOLUTE
    ../clib/angel/sys.s                      0x00000000   Number         0  libspace.o ABSOLUTE
    ../clib/angel/sys.s                      0x00000000   Number         0  use_no_semi.o ABSOLUTE
    ../clib/angel/sys.s                      0x00000000   Number         0  indicate_semi.o ABSOLUTE
    ../clib/angel/sysapp.c                   0x00000000   Number         0  sys_exit.o ABSOLUTE
    ../clib/angel/sysapp.c                   0x00000000   Number         0  sys_exit_hlt.o ABSOLUTE
    ../clib/angel/sysapp.c                   0x00000000   Number         0  sys_command.o ABSOLUTE
    ../clib/angel/sysapp.c                   0x00000000   Number         0  sys_command_hlt.o ABSOLUTE
    ../clib/angel/sysapp.c                   0x00000000   Number         0  sys_wrch.o ABSOLUTE
    ../clib/angel/sysapp.c                   0x00000000   Number         0  sys_wrch_hlt.o ABSOLUTE
    ../clib/armsys.c                         0x00000000   Number         0  argv_veneer.o ABSOLUTE
    ../clib/armsys.c                         0x00000000   Number         0  argv_veneer.o ABSOLUTE
    ../clib/armsys.c                         0x00000000   Number         0  _get_argv_nomalloc.o ABSOLUTE
    ../clib/armsys.c                         0x00000000   Number         0  no_argv.o ABSOLUTE
    ../clib/heapalloc.c                      0x00000000   Number         0  hrguard.o ABSOLUTE
    ../clib/heapaux.c                        0x00000000   Number         0  heapauxi.o ABSOLUTE
    ../clib/libinit.s                        0x00000000   Number         0  libinit.o ABSOLUTE
    ../clib/libinit.s                        0x00000000   Number         0  libinit2.o ABSOLUTE
    ../clib/libinit.s                        0x00000000   Number         0  libshutdown.o ABSOLUTE
    ../clib/libinit.s                        0x00000000   Number         0  libshutdown2.o ABSOLUTE
    ../clib/memcpset.s                       0x00000000   Number         0  rt_memcpy_v6.o ABSOLUTE
    ../clib/memcpset.s                       0x00000000   Number         0  rt_memclr.o ABSOLUTE
    ../clib/memcpset.s                       0x00000000   Number         0  rt_memcpy_w.o ABSOLUTE
    ../clib/memcpset.s                       0x00000000   Number         0  rt_memclr_w.o ABSOLUTE
    ../clib/signal.c                         0x00000000   Number         0  defsig_rtmem_outer.o ABSOLUTE
    ../clib/signal.c                         0x00000000   Number         0  defsig_rtmem_formal.o ABSOLUTE
    ../clib/signal.c                         0x00000000   Number         0  defsig_exit.o ABSOLUTE
    ../clib/signal.c                         0x00000000   Number         0  defsig_rtmem_inner.o ABSOLUTE
    ../clib/signal.c                         0x00000000   Number         0  __raise.o ABSOLUTE
    ../clib/signal.c                         0x00000000   Number         0  defsig_general.o ABSOLUTE
    ../clib/signal.c                         0x00000000   Number         0  defsig_abrt_inner.o ABSOLUTE
    ../clib/signal.c                         0x00000000   Number         0  defsig_fpe_inner.o ABSOLUTE
    ../clib/signal.c                         0x00000000   Number         0  defsig_rtred_inner.o ABSOLUTE
    ../clib/signal.c                         0x00000000   Number         0  defsig_stak_inner.o ABSOLUTE
    ../clib/signal.c                         0x00000000   Number         0  defsig_pvfn_inner.o ABSOLUTE
    ../clib/signal.c                         0x00000000   Number         0  defsig_cppl_inner.o ABSOLUTE
    ../clib/signal.c                         0x00000000   Number         0  defsig_segv_inner.o ABSOLUTE
    ../clib/signal.c                         0x00000000   Number         0  defsig_other.o ABSOLUTE
    ../clib/signal.s                         0x00000000   Number         0  defsig.o ABSOLUTE
    ../clib/stdlib.c                         0x00000000   Number         0  exit.o ABSOLUTE
    ../fplib/daddsub.s                       0x00000000   Number         0  daddsub_clz.o ABSOLUTE
    ../fplib/dcmp.s                          0x00000000   Number         0  dcmp.o ABSOLUTE
    ../fplib/dcmpi.s                         0x00000000   Number         0  dcmpi.o ABSOLUTE
    ../fplib/ddiv.s                          0x00000000   Number         0  ddiv.o ABSOLUTE
    ../fplib/deqf.s                          0x00000000   Number         0  deqf.o ABSOLUTE
    ../fplib/dfixu.s                         0x00000000   Number         0  dfixu.o ABSOLUTE
    ../fplib/dflt.s                          0x00000000   Number         0  dflt_clz.o ABSOLUTE
    ../fplib/dgeqf.s                         0x00000000   Number         0  dgeqf.o ABSOLUTE
    ../fplib/dleqf.s                         0x00000000   Number         0  dleqf.o ABSOLUTE
    ../fplib/dmul.s                          0x00000000   Number         0  dmul.o ABSOLUTE
    ../fplib/dnaninf.s                       0x00000000   Number         0  dnaninf.o ABSOLUTE
    ../fplib/dretinf.s                       0x00000000   Number         0  dretinf.o ABSOLUTE
    ../fplib/fpinit.s                        0x00000000   Number         0  fpinit.o ABSOLUTE
    ../fplib/fpinit_empty.s                  0x00000000   Number         0  fpinit_empty.o ABSOLUTE
    ../fplib/usenofp.s                       0x00000000   Number         0  usenofp.o ABSOLUTE
    PCF8574_drive.c                          0x00000000   Number         0  pcf8574_drive.o ABSOLUTE
    RTE/Device/STM32F103C8/startup_stm32f10x_md.s 0x00000000   Number         0  startup_stm32f10x_md.o ABSOLUTE
    adc_drive.c                              0x00000000   Number         0  adc_drive.o ABSOLUTE
    dc.s                                     0x00000000   Number         0  dc.o ABSOLUTE
    gp_drive.c                               0x00000000   Number         0  gp_drive.o ABSOLUTE
    help_func.c                              0x00000000   Number         0  help_func.o ABSOLUTE
    i2c_drive.c                              0x00000000   Number         0  i2c_drive.o ABSOLUTE
    lcd_1602_drive.c                         0x00000000   Number         0  lcd_1602_drive.o ABSOLUTE
    main.c                                   0x00000000   Number         0  main.o ABSOLUTE
    msg_drive.c                              0x00000000   Number         0  msg_drive.o ABSOLUTE
    system_stm32f10x.c                       0x00000000   Number         0  system_stm32f10x.o ABSOLUTE
    systick_time.c                           0x00000000   Number         0  systick_time.o ABSOLUTE
    timer_drive.c                            0x00000000   Number         0  timer_drive.o ABSOLUTE
    uart_drive.c                             0x00000000   Number         0  uart_drive.o ABSOLUTE
    RESET                                    0x08000000   Section      236  startup_stm32f10x_md.o(RESET)
    !!!main                                  0x080000ec   Section        8  __main.o(!!!main)
    !!!scatter                               0x080000f4   Section       92  __scatter.o(!!!scatter)
    !!handler_copy                           0x08000150   Section       26  __scatter_copy.o(!!handler_copy)
    !!handler_null                           0x0800016c   Section        2  __scatter.o(!!handler_null)
    !!handler_zi                             0x08000170   Section       28  __scatter_zi.o(!!handler_zi)
    .ARM.Collect$$libinit$$00000000          0x0800018c   Section        2  libinit.o(.ARM.Collect$$libinit$$00000000)
    .ARM.Collect$$libinit$$00000002          0x0800018e   Section        0  libinit2.o(.ARM.Collect$$libinit$$00000002)
    .ARM.Collect$$libinit$$00000004          0x0800018e   Section        0  libinit2.o(.ARM.Collect$$libinit$$00000004)
    .ARM.Collect$$libinit$$00000006          0x0800018e   Section        0  libinit2.o(.ARM.Collect$$libinit$$00000006)
    .ARM.Collect$$libinit$$0000000C          0x0800018e   Section        0  libinit2.o(.ARM.Collect$$libinit$$0000000C)
    .ARM.Collect$$libinit$$0000000E          0x0800018e   Section        0  libinit2.o(.ARM.Collect$$libinit$$0000000E)
    .ARM.Collect$$libinit$$00000010          0x0800018e   Section        0  libinit2.o(.ARM.Collect$$libinit$$00000010)
    .ARM.Collect$$libinit$$00000013          0x0800018e   Section        0  libinit2.o(.ARM.Collect$$libinit$$00000013)
    .ARM.Collect$$libinit$$00000015          0x0800018e   Section        0  libinit2.o(.ARM.Collect$$libinit$$00000015)
    .ARM.Collect$$libinit$$00000017          0x0800018e   Section        0  libinit2.o(.ARM.Collect$$libinit$$00000017)
    .ARM.Collect$$libinit$$00000019          0x0800018e   Section        0  libinit2.o(.ARM.Collect$$libinit$$00000019)
    .ARM.Collect$$libinit$$0000001B          0x0800018e   Section        0  libinit2.o(.ARM.Collect$$libinit$$0000001B)
    .ARM.Collect$$libinit$$0000001D          0x0800018e   Section        0  libinit2.o(.ARM.Collect$$libinit$$0000001D)
    .ARM.Collect$$libinit$$0000001F          0x0800018e   Section        0  libinit2.o(.ARM.Collect$$libinit$$0000001F)
    .ARM.Collect$$libinit$$00000021          0x0800018e   Section        0  libinit2.o(.ARM.Collect$$libinit$$00000021)
    .ARM.Collect$$libinit$$00000023          0x0800018e   Section        0  libinit2.o(.ARM.Collect$$libinit$$00000023)
    .ARM.Collect$$libinit$$00000025          0x0800018e   Section        0  libinit2.o(.ARM.Collect$$libinit$$00000025)
    .ARM.Collect$$libinit$$00000027          0x0800018e   Section        0  libinit2.o(.ARM.Collect$$libinit$$00000027)
    .ARM.Collect$$libinit$$0000002E          0x0800018e   Section        0  libinit2.o(.ARM.Collect$$libinit$$0000002E)
    .ARM.Collect$$libinit$$00000030          0x0800018e   Section        0  libinit2.o(.ARM.Collect$$libinit$$00000030)
    .ARM.Collect$$libinit$$00000032          0x0800018e   Section        0  libinit2.o(.ARM.Collect$$libinit$$00000032)
    .ARM.Collect$$libinit$$00000034          0x0800018e   Section        0  libinit2.o(.ARM.Collect$$libinit$$00000034)
    .ARM.Collect$$libinit$$00000035          0x0800018e   Section        2  libinit2.o(.ARM.Collect$$libinit$$00000035)
    .ARM.Collect$$libshutdown$$00000000      0x08000190   Section        2  libshutdown.o(.ARM.Collect$$libshutdown$$00000000)
    .ARM.Collect$$libshutdown$$00000002      0x08000192   Section        0  libshutdown2.o(.ARM.Collect$$libshutdown$$00000002)
    .ARM.Collect$$libshutdown$$00000004      0x08000192   Section        0  libshutdown2.o(.ARM.Collect$$libshutdown$$00000004)
    .ARM.Collect$$libshutdown$$00000007      0x08000192   Section        0  libshutdown2.o(.ARM.Collect$$libshutdown$$00000007)
    .ARM.Collect$$libshutdown$$0000000A      0x08000192   Section        0  libshutdown2.o(.ARM.Collect$$libshutdown$$0000000A)
    .ARM.Collect$$libshutdown$$0000000C      0x08000192   Section        0  libshutdown2.o(.ARM.Collect$$libshutdown$$0000000C)
    .ARM.Collect$$libshutdown$$0000000F      0x08000192   Section        0  libshutdown2.o(.ARM.Collect$$libshutdown$$0000000F)
    .ARM.Collect$$libshutdown$$00000010      0x08000192   Section        2  libshutdown2.o(.ARM.Collect$$libshutdown$$00000010)
    .ARM.Collect$$rtentry$$00000000          0x08000194   Section        0  __rtentry.o(.ARM.Collect$$rtentry$$00000000)
    .ARM.Collect$$rtentry$$00000002          0x08000194   Section        0  __rtentry2.o(.ARM.Collect$$rtentry$$00000002)
    .ARM.Collect$$rtentry$$00000004          0x08000194   Section        6  __rtentry4.o(.ARM.Collect$$rtentry$$00000004)
    .ARM.Collect$$rtentry$$00000009          0x0800019a   Section        0  __rtentry2.o(.ARM.Collect$$rtentry$$00000009)
    .ARM.Collect$$rtentry$$0000000A          0x0800019a   Section        4  __rtentry2.o(.ARM.Collect$$rtentry$$0000000A)
    .ARM.Collect$$rtentry$$0000000C          0x0800019e   Section        0  __rtentry2.o(.ARM.Collect$$rtentry$$0000000C)
    .ARM.Collect$$rtentry$$0000000D          0x0800019e   Section        8  __rtentry2.o(.ARM.Collect$$rtentry$$0000000D)
    .ARM.Collect$$rtexit$$00000000           0x080001a6   Section        2  rtexit.o(.ARM.Collect$$rtexit$$00000000)
    .ARM.Collect$$rtexit$$00000002           0x080001a8   Section        0  rtexit2.o(.ARM.Collect$$rtexit$$00000002)
    .ARM.Collect$$rtexit$$00000003           0x080001a8   Section        4  rtexit2.o(.ARM.Collect$$rtexit$$00000003)
    .ARM.Collect$$rtexit$$00000004           0x080001ac   Section        6  rtexit2.o(.ARM.Collect$$rtexit$$00000004)
    .text                                    0x080001b4   Section       64  startup_stm32f10x_md.o(.text)
    .text                                    0x080001f4   Section        0  heapauxi.o(.text)
    .text                                    0x080001fa   Section       74  sys_stackheap_outer.o(.text)
    .text                                    0x08000244   Section        0  exit.o(.text)
    .text                                    0x08000258   Section        8  libspace.o(.text)
    .text                                    0x08000260   Section        0  sys_exit.o(.text)
    .text                                    0x0800026c   Section        2  use_no_semi.o(.text)
    .text                                    0x0800026e   Section        0  indicate_semi.o(.text)
    [Anonymous Symbol]                       0x08000270   Section        0  systick_time.o(.text.DelayMillis)
    [Anonymous Symbol]                       0x080002a8   Section        0  systick_time.o(.text.DelayMs)
    [Anonymous Symbol]                       0x080002c8   Section        0  systick_time.o(.text.DelayUs)
    [Anonymous Symbol]                       0x080002e8   Section        0  systick_time.o(.text.Delaymicro)
    [Anonymous Symbol]                       0x08000318   Section        0  main.o(.text.GetData_ADC)
    [Anonymous Symbol]                       0x08000380   Section        0  main.o(.text.GetData_Dig)
    [Anonymous Symbol]                       0x080003d4   Section        0  main.o(.text.GetData_IMG)
    [Anonymous Symbol]                       0x0800041c   Section        0  main.o(.text.GetData_UART)
    [Anonymous Symbol]                       0x08000580   Section        0  pcf8574_drive.o(.text.PCF8574_add)
    [Anonymous Symbol]                       0x080005a0   Section        0  pcf8574_drive.o(.text.PCF8574_tx_byte)
    [Anonymous Symbol]                       0x080005d8   Section        0  gp_drive.o(.text.R_GP)
    [Anonymous Symbol]                       0x08000658   Section        0  main.o(.text.Reset_Status)
    [Anonymous Symbol]                       0x080006a4   Section        0  main.o(.text.SIM800L)
    SetSysClock                              0x08000719   Thumb Code     8  system_stm32f10x.o(.text.SetSysClock)
    [Anonymous Symbol]                       0x08000718   Section        0  system_stm32f10x.o(.text.SetSysClock)
    SetSysClockTo72                          0x08000721   Thumb Code   290  system_stm32f10x.o(.text.SetSysClockTo72)
    [Anonymous Symbol]                       0x08000720   Section        0  system_stm32f10x.o(.text.SetSysClockTo72)
    [Anonymous Symbol]                       0x08000844   Section        0  main.o(.text.SysTick_Handler)
    [Anonymous Symbol]                       0x08000848   Section        0  system_stm32f10x.o(.text.SystemInit)
    [Anonymous Symbol]                       0x080008b0   Section        0  timer_drive.o(.text.TDelay_Micros)
    [Anonymous Symbol]                       0x080008e4   Section        0  timer_drive.o(.text.TDelay_Milli)
    [Anonymous Symbol]                       0x080008f8   Section        0  timer_drive.o(.text.TDelay_Millis)
    [Anonymous Symbol]                       0x08000930   Section        0  main.o(.text.Trigger)
    [Anonymous Symbol]                       0x08000980   Section        0  uart_drive.o(.text.UART_RX)
    [Anonymous Symbol]                       0x08000a20   Section        0  uart_drive.o(.text.UART_SEND)
    [Anonymous Symbol]                       0x08000a54   Section        0  uart_drive.o(.text.UART_TX)
    [Anonymous Symbol]                       0x08000af4   Section        0  uart_drive.o(.text.UART_init)
    [Anonymous Symbol]                       0x08000c50   Section        0  uart_drive.o(.text.USART_BRR)
    [Anonymous Symbol]                       0x08000d68   Section        0  main.o(.text.UnTrigger)
    [Anonymous Symbol]                       0x08000dd0   Section        0  main.o(.text.WARNING_ACTION)
    [Anonymous Symbol]                       0x08000e00   Section        0  main.o(.text.WARNING_LCD)
    [Anonymous Symbol]                       0x08000ed0   Section        0  gp_drive.o(.text.W_GP)
    [Anonymous Symbol]                       0x08000f70   Section        0  adc_drive.o(.text.adc_check)
    [Anonymous Symbol]                       0x08000fd4   Section        0  adc_drive.o(.text.adc_multi_ch_init)
    [Anonymous Symbol]                       0x08001138   Section        0  adc_drive.o(.text.adc_multi_ch_rx)
    [Anonymous Symbol]                       0x0800124c   Section        0  timer_drive.o(.text.get_channel)
    [Anonymous Symbol]                       0x08001320   Section        0  timer_drive.o(.text.get_timer)
    [Anonymous Symbol]                       0x08001370   Section        0  timer_drive.o(.text.get_timer_address)
    [Anonymous Symbol]                       0x08001414   Section        0  timer_drive.o(.text.get_timer_pin)
    [Anonymous Symbol]                       0x080014b4   Section        0  i2c_drive.o(.text.i2c_add)
    [Anonymous Symbol]                       0x080015bc   Section        0  i2c_drive.o(.text.i2c_data)
    [Anonymous Symbol]                       0x08001640   Section        0  i2c_drive.o(.text.i2c_init)
    [Anonymous Symbol]                       0x08001760   Section        0  i2c_drive.o(.text.i2c_start)
    [Anonymous Symbol]                       0x080017e0   Section        0  i2c_drive.o(.text.i2c_stop)
    [Anonymous Symbol]                       0x08001854   Section        0  gp_drive.o(.text.init_GP)
    [Anonymous Symbol]                       0x08001958   Section        0  lcd_1602_drive.o(.text.lcd_i2c_cmd)
    [Anonymous Symbol]                       0x080019fc   Section        0  lcd_1602_drive.o(.text.lcd_i2c_data)
    [Anonymous Symbol]                       0x08001aa0   Section        0  lcd_1602_drive.o(.text.lcd_i2c_init)
    [Anonymous Symbol]                       0x08001c08   Section        0  lcd_1602_drive.o(.text.lcd_i2c_msg)
    [Anonymous Symbol]                       0x08001c70   Section        0  lcd_1602_drive.o(.text.lcd_i2c_send)
    [Anonymous Symbol]                       0x08001cac   Section        0  main.o(.text.main)
    [Anonymous Symbol]                       0x08001d40   Section        0  timer_drive.o(.text.servo_180_deg)
    [Anonymous Symbol]                       0x08001d8c   Section        0  systick_time.o(.text.systick_init)
    [Anonymous Symbol]                       0x08001db8   Section        0  timer_drive.o(.text.timer_pwm_micro)
    [Anonymous Symbol]                       0x08001f20   Section        0  timer_drive.o(.text.timer_start_micros)
    x$fpl$dadd                               0x08001f94   Section      336  daddsub_clz.o(x$fpl$dadd)
    _dadd1                                   0x08001fa5   Thumb Code     0  daddsub_clz.o(x$fpl$dadd)
    x$fpl$dcmpinf                            0x080020e4   Section       24  dcmpi.o(x$fpl$dcmpinf)
    x$fpl$ddiv                               0x080020fc   Section      692  ddiv.o(x$fpl$ddiv)
    ddiv_entry                               0x08002103   Thumb Code     0  ddiv.o(x$fpl$ddiv)
    x$fpl$deqf                               0x080023b0   Section      120  deqf.o(x$fpl$deqf)
    x$fpl$dfixu                              0x08002428   Section       90  dfixu.o(x$fpl$dfixu)
    x$fpl$dfltu                              0x08002482   Section       38  dflt_clz.o(x$fpl$dfltu)
    x$fpl$dgeqf                              0x080024a8   Section      120  dgeqf.o(x$fpl$dgeqf)
    x$fpl$dleqf                              0x08002520   Section      120  dleqf.o(x$fpl$dleqf)
    x$fpl$dmul                               0x08002598   Section      340  dmul.o(x$fpl$dmul)
    x$fpl$dnaninf                            0x080026ec   Section      156  dnaninf.o(x$fpl$dnaninf)
    x$fpl$dretinf                            0x08002788   Section       12  dretinf.o(x$fpl$dretinf)
    x$fpl$dsub                               0x08002794   Section      476  daddsub_clz.o(x$fpl$dsub)
    _dsub1                                   0x080027a5   Thumb Code     0  daddsub_clz.o(x$fpl$dsub)
    x$fpl$fcmp                               0x08002970   Section       84  dcmp.o(x$fpl$fcmp)
    .L.str.2                                 0x080029c4   Data          20  main.o(.rodata.str1.1)
    [Anonymous Symbol]                       0x080029c4   Section        0  main.o(.rodata.str1.1)
    x$fpl$usenofp                            0x080029c4   Section        0  usenofp.o(x$fpl$usenofp)
    .L.str                                   0x080029d8   Data          20  main.o(.rodata.str1.1)
    .L.str.1                                 0x080029ec   Data           6  main.o(.rodata.str1.1)
    .L.str.10                                0x080029f2   Data           2  main.o(.rodata.str1.1)
    .L.str.9                                 0x080029f4   Data           7  main.o(.rodata.str1.1)
    .L.str.7                                 0x080029fb   Data          10  main.o(.rodata.str1.1)
    .L.str.6                                 0x08002a05   Data          17  main.o(.rodata.str1.1)
    .L.str.5                                 0x08002a16   Data          16  main.o(.rodata.str1.1)
    .L.str.8                                 0x08002a26   Data           3  main.o(.rodata.str1.1)
    .L.str.3                                 0x08002a29   Data          10  main.o(.rodata.str1.1)
    .L.str.4                                 0x08002a33   Data          17  main.o(.rodata.str1.1)
    channels                                 0x20000000   Data           1  main.o(.data.channels)
    [Anonymous Symbol]                       0x20000000   Section        0  main.o(.data.channels)
    flameSen                                 0x20000004   Data           4  main.o(.data.flameSen)
    [Anonymous Symbol]                       0x20000004   Section        0  main.o(.data.flameSen)
    showDHT                                  0x20000008   Data           4  main.o(.data.showDHT)
    [Anonymous Symbol]                       0x20000008   Section        0  main.o(.data.showDHT)
    sigUART                                  0x2000000c   Data           1  main.o(.data.sigUART)
    [Anonymous Symbol]                       0x2000000c   Section        0  main.o(.data.sigUART)
    .bss                                     0x20000010   Section       96  libspace.o(.bss)
    ImageProcess                             0x20000070   Data           3  main.o(.bss.ImageProcess)
    [Anonymous Symbol]                       0x20000070   Section        0  main.o(.bss.ImageProcess)
    adc_channels                             0x20000073   Data          17  main.o(.bss.adc_channels)
    [Anonymous Symbol]                       0x20000073   Section        0  main.o(.bss.adc_channels)
    analog_rx                                0x20000084   Data          68  main.o(.bss.analog_rx)
    [Anonymous Symbol]                       0x20000084   Section        0  main.o(.bss.analog_rx)
    cnv                                      0x200000c8   Data           4  main.o(.bss.cnv)
    [Anonymous Symbol]                       0x200000c8   Section        0  main.o(.bss.cnv)
    dataUART                                 0x200000cc   Data          15  main.o(.bss.dataUART)
    [Anonymous Symbol]                       0x200000cc   Section        0  main.o(.bss.dataUART)
    delayLCD                                 0x200000dc   Data           4  main.o(.bss.delayLCD)
    [Anonymous Symbol]                       0x200000dc   Section        0  main.o(.bss.delayLCD)
    hum                                      0x200000e0   Data           5  main.o(.bss.hum)
    [Anonymous Symbol]                       0x200000e0   Section        0  main.o(.bss.hum)
    i                                        0x200000e8   Data           4  main.o(.bss.i)
    [Anonymous Symbol]                       0x200000e8   Section        0  main.o(.bss.i)
    temp                                     0x200000ec   Data           5  main.o(.bss.temp)
    [Anonymous Symbol]                       0x200000ec   Section        0  main.o(.bss.temp)
    trigg                                    0x200000f4   Data           4  main.o(.bss.trigg)
    [Anonymous Symbol]                       0x200000f4   Section        0  main.o(.bss.trigg)
    warning_ADC                              0x200000f8   Data           4  main.o(.bss.warning_ADC)
    [Anonymous Symbol]                       0x200000f8   Section        0  main.o(.bss.warning_ADC)
    warning_CAM                              0x200000fc   Data           4  main.o(.bss.warning_CAM)
    [Anonymous Symbol]                       0x200000fc   Section        0  main.o(.bss.warning_CAM)
    warning_FS                               0x20000100   Data           4  main.o(.bss.warning_FS)
    [Anonymous Symbol]                       0x20000100   Section        0  main.o(.bss.warning_FS)
    Heap_Mem                                 0x20000108   Data         512  startup_stm32f10x_md.o(HEAP)
    HEAP                                     0x20000108   Section      512  startup_stm32f10x_md.o(HEAP)
    Stack_Mem                                0x20000308   Data        1024  startup_stm32f10x_md.o(STACK)
    STACK                                    0x20000308   Section     1024  startup_stm32f10x_md.o(STACK)
    __initial_sp                             0x20000708   Data           0  startup_stm32f10x_md.o(STACK)

    Global Symbols

    Symbol Name                              Value     Ov Type        Size  Object(Section)

    BuildAttributes$$THM_ISAv4$P$D$K$B$S$PE$A:L22UL41UL21$X:L11$S22US41US21$IEEE1$IW$~IW$USESV6$~STKCKD$USESV7$~SHL$OSPACE$ROPI$EBA8$UX$STANDARDLIB$REQ8$PRES8$EABIv2 0x00000000   Number         0  anon$$obj.o ABSOLUTE
    __fp_init_empty                          0x00000000   Number         0  fpinit_empty.o ABSOLUTE
    __ARM_exceptions_init                     - Undefined Weak Reference
    __alloca_initialize                       - Undefined Weak Reference
    __arm_preinit_                            - Undefined Weak Reference
    __arm_relocate_pie_                       - Undefined Weak Reference
    __cpp_initialize__aeabi_                  - Undefined Weak Reference
    __cxa_finalize                            - Undefined Weak Reference
    __rt_locale                               - Undefined Weak Reference
    __sigvec_lookup                           - Undefined Weak Reference
    _atexit_init                              - Undefined Weak Reference
    _call_atexit_fns                          - Undefined Weak Reference
    _clock_init                               - Undefined Weak Reference
    _fp_trap_init                             - Undefined Weak Reference
    _fp_trap_shutdown                         - Undefined Weak Reference
    _get_lc_collate                           - Undefined Weak Reference
    _get_lc_ctype                             - Undefined Weak Reference
    _get_lc_monetary                          - Undefined Weak Reference
    _get_lc_numeric                           - Undefined Weak Reference
    _get_lc_time                              - Undefined Weak Reference
    _getenv_init                              - Undefined Weak Reference
    _handle_redirection                       - Undefined Weak Reference
    _init_alloc                               - Undefined Weak Reference
    _init_user_alloc                          - Undefined Weak Reference
    _initio                                   - Undefined Weak Reference
    _rand_init                                - Undefined Weak Reference
    _signal_finish                            - Undefined Weak Reference
    _signal_init                              - Undefined Weak Reference
    _terminate_alloc                          - Undefined Weak Reference
    _terminate_user_alloc                     - Undefined Weak Reference
    _terminateio                              - Undefined Weak Reference
    __Vectors_Size                           0x000000ec   Number         0  startup_stm32f10x_md.o ABSOLUTE
    __Vectors                                0x08000000   Data           4  startup_stm32f10x_md.o(RESET)
    __Vectors_End                            0x080000ec   Data           0  startup_stm32f10x_md.o(RESET)
    __main                                   0x080000ed   Thumb Code     8  __main.o(!!!main)
    __scatterload                            0x080000f5   Thumb Code     0  __scatter.o(!!!scatter)
    __scatterload_rt2                        0x080000f5   Thumb Code    84  __scatter.o(!!!scatter)
    __scatterload_rt2_thumb_only             0x080000f5   Thumb Code     0  __scatter.o(!!!scatter)
    __scatterload_loop                       0x080000ff   Thumb Code     0  __scatter.o(!!!scatter)
    __scatterload_copy                       0x08000151   Thumb Code    26  __scatter_copy.o(!!handler_copy)
    __scatterload_null                       0x0800016d   Thumb Code     2  __scatter.o(!!handler_null)
    __scatterload_zeroinit                   0x08000171   Thumb Code    28  __scatter_zi.o(!!handler_zi)
    __rt_lib_init                            0x0800018d   Thumb Code     0  libinit.o(.ARM.Collect$$libinit$$00000000)
    __rt_lib_init_alloca_1                   0x0800018f   Thumb Code     0  libinit2.o(.ARM.Collect$$libinit$$00000030)
    __rt_lib_init_argv_1                     0x0800018f   Thumb Code     0  libinit2.o(.ARM.Collect$$libinit$$0000002E)
    __rt_lib_init_atexit_1                   0x0800018f   Thumb Code     0  libinit2.o(.ARM.Collect$$libinit$$0000001D)
    __rt_lib_init_clock_1                    0x0800018f   Thumb Code     0  libinit2.o(.ARM.Collect$$libinit$$00000023)
    __rt_lib_init_cpp_1                      0x0800018f   Thumb Code     0  libinit2.o(.ARM.Collect$$libinit$$00000034)
    __rt_lib_init_exceptions_1               0x0800018f   Thumb Code     0  libinit2.o(.ARM.Collect$$libinit$$00000032)
    __rt_lib_init_fp_1                       0x0800018f   Thumb Code     0  libinit2.o(.ARM.Collect$$libinit$$00000002)
    __rt_lib_init_fp_trap_1                  0x0800018f   Thumb Code     0  libinit2.o(.ARM.Collect$$libinit$$00000021)
    __rt_lib_init_getenv_1                   0x0800018f   Thumb Code     0  libinit2.o(.ARM.Collect$$libinit$$00000025)
    __rt_lib_init_heap_1                     0x0800018f   Thumb Code     0  libinit2.o(.ARM.Collect$$libinit$$0000000C)
    __rt_lib_init_lc_collate_1               0x0800018f   Thumb Code     0  libinit2.o(.ARM.Collect$$libinit$$00000013)
    __rt_lib_init_lc_ctype_1                 0x0800018f   Thumb Code     0  libinit2.o(.ARM.Collect$$libinit$$00000015)
    __rt_lib_init_lc_monetary_1              0x0800018f   Thumb Code     0  libinit2.o(.ARM.Collect$$libinit$$00000017)
    __rt_lib_init_lc_numeric_1               0x0800018f   Thumb Code     0  libinit2.o(.ARM.Collect$$libinit$$00000019)
    __rt_lib_init_lc_time_1                  0x0800018f   Thumb Code     0  libinit2.o(.ARM.Collect$$libinit$$0000001B)
    __rt_lib_init_preinit_1                  0x0800018f   Thumb Code     0  libinit2.o(.ARM.Collect$$libinit$$00000006)
    __rt_lib_init_rand_1                     0x0800018f   Thumb Code     0  libinit2.o(.ARM.Collect$$libinit$$00000010)
    __rt_lib_init_relocate_pie_1             0x0800018f   Thumb Code     0  libinit2.o(.ARM.Collect$$libinit$$00000004)
    __rt_lib_init_return                     0x0800018f   Thumb Code     0  libinit2.o(.ARM.Collect$$libinit$$00000035)
    __rt_lib_init_signal_1                   0x0800018f   Thumb Code     0  libinit2.o(.ARM.Collect$$libinit$$0000001F)
    __rt_lib_init_stdio_1                    0x0800018f   Thumb Code     0  libinit2.o(.ARM.Collect$$libinit$$00000027)
    __rt_lib_init_user_alloc_1               0x0800018f   Thumb Code     0  libinit2.o(.ARM.Collect$$libinit$$0000000E)
    __rt_lib_shutdown                        0x08000191   Thumb Code     0  libshutdown.o(.ARM.Collect$$libshutdown$$00000000)
    __rt_lib_shutdown_cpp_1                  0x08000193   Thumb Code     0  libshutdown2.o(.ARM.Collect$$libshutdown$$00000002)
    __rt_lib_shutdown_fp_trap_1              0x08000193   Thumb Code     0  libshutdown2.o(.ARM.Collect$$libshutdown$$00000007)
    __rt_lib_shutdown_heap_1                 0x08000193   Thumb Code     0  libshutdown2.o(.ARM.Collect$$libshutdown$$0000000F)
    __rt_lib_shutdown_return                 0x08000193   Thumb Code     0  libshutdown2.o(.ARM.Collect$$libshutdown$$00000010)
    __rt_lib_shutdown_signal_1               0x08000193   Thumb Code     0  libshutdown2.o(.ARM.Collect$$libshutdown$$0000000A)
    __rt_lib_shutdown_stdio_1                0x08000193   Thumb Code     0  libshutdown2.o(.ARM.Collect$$libshutdown$$00000004)
    __rt_lib_shutdown_user_alloc_1           0x08000193   Thumb Code     0  libshutdown2.o(.ARM.Collect$$libshutdown$$0000000C)
    __rt_entry                               0x08000195   Thumb Code     0  __rtentry.o(.ARM.Collect$$rtentry$$00000000)
    __rt_entry_presh_1                       0x08000195   Thumb Code     0  __rtentry2.o(.ARM.Collect$$rtentry$$00000002)
    __rt_entry_sh                            0x08000195   Thumb Code     0  __rtentry4.o(.ARM.Collect$$rtentry$$00000004)
    __rt_entry_li                            0x0800019b   Thumb Code     0  __rtentry2.o(.ARM.Collect$$rtentry$$0000000A)
    __rt_entry_postsh_1                      0x0800019b   Thumb Code     0  __rtentry2.o(.ARM.Collect$$rtentry$$00000009)
    __rt_entry_main                          0x0800019f   Thumb Code     0  __rtentry2.o(.ARM.Collect$$rtentry$$0000000D)
    __rt_entry_postli_1                      0x0800019f   Thumb Code     0  __rtentry2.o(.ARM.Collect$$rtentry$$0000000C)
    __rt_exit                                0x080001a7   Thumb Code     0  rtexit.o(.ARM.Collect$$rtexit$$00000000)
    __rt_exit_ls                             0x080001a9   Thumb Code     0  rtexit2.o(.ARM.Collect$$rtexit$$00000003)
    __rt_exit_prels_1                        0x080001a9   Thumb Code     0  rtexit2.o(.ARM.Collect$$rtexit$$00000002)
    __rt_exit_exit                           0x080001ad   Thumb Code     0  rtexit2.o(.ARM.Collect$$rtexit$$00000004)
    Reset_Handler                            0x080001b5   Thumb Code     8  startup_stm32f10x_md.o(.text)
    NMI_Handler                              0x080001bd   Thumb Code     2  startup_stm32f10x_md.o(.text)
    HardFault_Handler                        0x080001bf   Thumb Code     2  startup_stm32f10x_md.o(.text)
    MemManage_Handler                        0x080001c1   Thumb Code     2  startup_stm32f10x_md.o(.text)
    BusFault_Handler                         0x080001c3   Thumb Code     2  startup_stm32f10x_md.o(.text)
    UsageFault_Handler                       0x080001c5   Thumb Code     2  startup_stm32f10x_md.o(.text)
    SVC_Handler                              0x080001c7   Thumb Code     2  startup_stm32f10x_md.o(.text)
    DebugMon_Handler                         0x080001c9   Thumb Code     2  startup_stm32f10x_md.o(.text)
    PendSV_Handler                           0x080001cb   Thumb Code     2  startup_stm32f10x_md.o(.text)
    ADC1_2_IRQHandler                        0x080001cf   Thumb Code     0  startup_stm32f10x_md.o(.text)
    CAN1_RX1_IRQHandler                      0x080001cf   Thumb Code     0  startup_stm32f10x_md.o(.text)
    CAN1_SCE_IRQHandler                      0x080001cf   Thumb Code     0  startup_stm32f10x_md.o(.text)
    DMA1_Channel1_IRQHandler                 0x080001cf   Thumb Code     0  startup_stm32f10x_md.o(.text)
    DMA1_Channel2_IRQHandler                 0x080001cf   Thumb Code     0  startup_stm32f10x_md.o(.text)
    DMA1_Channel3_IRQHandler                 0x080001cf   Thumb Code     0  startup_stm32f10x_md.o(.text)
    DMA1_Channel4_IRQHandler                 0x080001cf   Thumb Code     0  startup_stm32f10x_md.o(.text)
    DMA1_Channel5_IRQHandler                 0x080001cf   Thumb Code     0  startup_stm32f10x_md.o(.text)
    DMA1_Channel6_IRQHandler                 0x080001cf   Thumb Code     0  startup_stm32f10x_md.o(.text)
    DMA1_Channel7_IRQHandler                 0x080001cf   Thumb Code     0  startup_stm32f10x_md.o(.text)
    EXTI0_IRQHandler                         0x080001cf   Thumb Code     0  startup_stm32f10x_md.o(.text)
    EXTI15_10_IRQHandler                     0x080001cf   Thumb Code     0  startup_stm32f10x_md.o(.text)
    EXTI1_IRQHandler                         0x080001cf   Thumb Code     0  startup_stm32f10x_md.o(.text)
    EXTI2_IRQHandler                         0x080001cf   Thumb Code     0  startup_stm32f10x_md.o(.text)
    EXTI3_IRQHandler                         0x080001cf   Thumb Code     0  startup_stm32f10x_md.o(.text)
    EXTI4_IRQHandler                         0x080001cf   Thumb Code     0  startup_stm32f10x_md.o(.text)
    EXTI9_5_IRQHandler                       0x080001cf   Thumb Code     0  startup_stm32f10x_md.o(.text)
    FLASH_IRQHandler                         0x080001cf   Thumb Code     0  startup_stm32f10x_md.o(.text)
    I2C1_ER_IRQHandler                       0x080001cf   Thumb Code     0  startup_stm32f10x_md.o(.text)
    I2C1_EV_IRQHandler                       0x080001cf   Thumb Code     0  startup_stm32f10x_md.o(.text)
    I2C2_ER_IRQHandler                       0x080001cf   Thumb Code     0  startup_stm32f10x_md.o(.text)
    I2C2_EV_IRQHandler                       0x080001cf   Thumb Code     0  startup_stm32f10x_md.o(.text)
    PVD_IRQHandler                           0x080001cf   Thumb Code     0  startup_stm32f10x_md.o(.text)
    RCC_IRQHandler                           0x080001cf   Thumb Code     0  startup_stm32f10x_md.o(.text)
    RTCAlarm_IRQHandler                      0x080001cf   Thumb Code     0  startup_stm32f10x_md.o(.text)
    RTC_IRQHandler                           0x080001cf   Thumb Code     0  startup_stm32f10x_md.o(.text)
    SPI1_IRQHandler                          0x080001cf   Thumb Code     0  startup_stm32f10x_md.o(.text)
    SPI2_IRQHandler                          0x080001cf   Thumb Code     0  startup_stm32f10x_md.o(.text)
    TAMPER_IRQHandler                        0x080001cf   Thumb Code     0  startup_stm32f10x_md.o(.text)
    TIM1_BRK_IRQHandler                      0x080001cf   Thumb Code     0  startup_stm32f10x_md.o(.text)
    TIM1_CC_IRQHandler                       0x080001cf   Thumb Code     0  startup_stm32f10x_md.o(.text)
    TIM1_TRG_COM_IRQHandler                  0x080001cf   Thumb Code     0  startup_stm32f10x_md.o(.text)
    TIM1_UP_IRQHandler                       0x080001cf   Thumb Code     0  startup_stm32f10x_md.o(.text)
    TIM2_IRQHandler                          0x080001cf   Thumb Code     0  startup_stm32f10x_md.o(.text)
    TIM3_IRQHandler                          0x080001cf   Thumb Code     0  startup_stm32f10x_md.o(.text)
    TIM4_IRQHandler                          0x080001cf   Thumb Code     0  startup_stm32f10x_md.o(.text)
    USART1_IRQHandler                        0x080001cf   Thumb Code     0  startup_stm32f10x_md.o(.text)
    USART2_IRQHandler                        0x080001cf   Thumb Code     0  startup_stm32f10x_md.o(.text)
    USART3_IRQHandler                        0x080001cf   Thumb Code     0  startup_stm32f10x_md.o(.text)
    USBWakeUp_IRQHandler                     0x080001cf   Thumb Code     0  startup_stm32f10x_md.o(.text)
    USB_HP_CAN1_TX_IRQHandler                0x080001cf   Thumb Code     0  startup_stm32f10x_md.o(.text)
    USB_LP_CAN1_RX0_IRQHandler               0x080001cf   Thumb Code     0  startup_stm32f10x_md.o(.text)
    WWDG_IRQHandler                          0x080001cf   Thumb Code     0  startup_stm32f10x_md.o(.text)
    __user_initial_stackheap                 0x080001d1   Thumb Code     0  startup_stm32f10x_md.o(.text)
    __use_two_region_memory                  0x080001f5   Thumb Code     2  heapauxi.o(.text)
    __rt_heap_escrow$2region                 0x080001f7   Thumb Code     2  heapauxi.o(.text)
    __rt_heap_expand$2region                 0x080001f9   Thumb Code     2  heapauxi.o(.text)
    __user_setup_stackheap                   0x080001fb   Thumb Code    74  sys_stackheap_outer.o(.text)
    exit                                     0x08000245   Thumb Code    18  exit.o(.text)
    __user_libspace                          0x08000259   Thumb Code     8  libspace.o(.text)
    __user_perproc_libspace                  0x08000259   Thumb Code     0  libspace.o(.text)
    __user_perthread_libspace                0x08000259   Thumb Code     0  libspace.o(.text)
    _sys_exit                                0x08000261   Thumb Code     8  sys_exit.o(.text)
    __I$use$semihosting                      0x0800026d   Thumb Code     0  use_no_semi.o(.text)
    __use_no_semihosting_swi                 0x0800026d   Thumb Code     2  use_no_semi.o(.text)
    __semihosting_library_function           0x0800026f   Thumb Code     0  indicate_semi.o(.text)
    DelayMillis                              0x08000271   Thumb Code    54  systick_time.o(.text.DelayMillis)
    DelayMs                                  0x080002a9   Thumb Code    32  systick_time.o(.text.DelayMs)
    DelayUs                                  0x080002c9   Thumb Code    32  systick_time.o(.text.DelayUs)
    Delaymicro                               0x080002e9   Thumb Code    48  systick_time.o(.text.Delaymicro)
    GetData_ADC                              0x08000319   Thumb Code   102  main.o(.text.GetData_ADC)
    GetData_Dig                              0x08000381   Thumb Code    82  main.o(.text.GetData_Dig)
    GetData_IMG                              0x080003d5   Thumb Code    72  main.o(.text.GetData_IMG)
    GetData_UART                             0x0800041d   Thumb Code   356  main.o(.text.GetData_UART)
    PCF8574_add                              0x08000581   Thumb Code    30  pcf8574_drive.o(.text.PCF8574_add)
    PCF8574_tx_byte                          0x080005a1   Thumb Code    54  pcf8574_drive.o(.text.PCF8574_tx_byte)
    R_GP                                     0x080005d9   Thumb Code   126  gp_drive.o(.text.R_GP)
    Reset_Status                             0x08000659   Thumb Code    76  main.o(.text.Reset_Status)
    SIM800L                                  0x080006a5   Thumb Code   114  main.o(.text.SIM800L)
    SysTick_Handler                          0x08000845   Thumb Code     2  main.o(.text.SysTick_Handler)
    SystemInit                               0x08000849   Thumb Code   102  system_stm32f10x.o(.text.SystemInit)
    TDelay_Micros                            0x080008b1   Thumb Code    50  timer_drive.o(.text.TDelay_Micros)
    TDelay_Milli                             0x080008e5   Thumb Code    18  timer_drive.o(.text.TDelay_Milli)
    TDelay_Millis                            0x080008f9   Thumb Code    54  timer_drive.o(.text.TDelay_Millis)
    Trigger                                  0x08000931   Thumb Code    78  main.o(.text.Trigger)
    UART_RX                                  0x08000981   Thumb Code   160  uart_drive.o(.text.UART_RX)
    UART_SEND                                0x08000a21   Thumb Code    52  uart_drive.o(.text.UART_SEND)
    UART_TX                                  0x08000a55   Thumb Code   160  uart_drive.o(.text.UART_TX)
    UART_init                                0x08000af5   Thumb Code   346  uart_drive.o(.text.UART_init)
    USART_BRR                                0x08000c51   Thumb Code   280  uart_drive.o(.text.USART_BRR)
    UnTrigger                                0x08000d69   Thumb Code   102  main.o(.text.UnTrigger)
    WARNING_ACTION                           0x08000dd1   Thumb Code    46  main.o(.text.WARNING_ACTION)
    WARNING_LCD                              0x08000e01   Thumb Code   206  main.o(.text.WARNING_LCD)
    W_GP                                     0x08000ed1   Thumb Code   160  gp_drive.o(.text.W_GP)
    adc_check                                0x08000f71   Thumb Code    98  adc_drive.o(.text.adc_check)
    adc_multi_ch_init                        0x08000fd5   Thumb Code   354  adc_drive.o(.text.adc_multi_ch_init)
    adc_multi_ch_rx                          0x08001139   Thumb Code   274  adc_drive.o(.text.adc_multi_ch_rx)
    get_channel                              0x0800124d   Thumb Code   210  timer_drive.o(.text.get_channel)
    get_timer                                0x08001321   Thumb Code    80  timer_drive.o(.text.get_timer)
    get_timer_address                        0x08001371   Thumb Code   164  timer_drive.o(.text.get_timer_address)
    get_timer_pin                            0x08001415   Thumb Code   160  timer_drive.o(.text.get_timer_pin)
    i2c_add                                  0x080014b5   Thumb Code   264  i2c_drive.o(.text.i2c_add)
    i2c_data                                 0x080015bd   Thumb Code   132  i2c_drive.o(.text.i2c_data)
    i2c_init                                 0x08001641   Thumb Code   286  i2c_drive.o(.text.i2c_init)
    i2c_start                                0x08001761   Thumb Code   128  i2c_drive.o(.text.i2c_start)
    i2c_stop                                 0x080017e1   Thumb Code   116  i2c_drive.o(.text.i2c_stop)
    init_GP                                  0x08001855   Thumb Code   258  gp_drive.o(.text.init_GP)
    lcd_i2c_cmd                              0x08001959   Thumb Code   162  lcd_1602_drive.o(.text.lcd_i2c_cmd)
    lcd_i2c_data                             0x080019fd   Thumb Code   162  lcd_1602_drive.o(.text.lcd_i2c_data)
    lcd_i2c_init                             0x08001aa1   Thumb Code   358  lcd_1602_drive.o(.text.lcd_i2c_init)
    lcd_i2c_msg                              0x08001c09   Thumb Code   104  lcd_1602_drive.o(.text.lcd_i2c_msg)
    lcd_i2c_send                             0x08001c71   Thumb Code    58  lcd_1602_drive.o(.text.lcd_i2c_send)
    main                                     0x08001cad   Thumb Code   146  main.o(.text.main)
    servo_180_deg                            0x08001d41   Thumb Code    76  timer_drive.o(.text.servo_180_deg)
    systick_init                             0x08001d8d   Thumb Code    42  systick_time.o(.text.systick_init)
    timer_pwm_micro                          0x08001db9   Thumb Code   360  timer_drive.o(.text.timer_pwm_micro)
    timer_start_micros                       0x08001f21   Thumb Code   116  timer_drive.o(.text.timer_start_micros)
    __aeabi_dadd                             0x08001f95   Thumb Code     0  daddsub_clz.o(x$fpl$dadd)
    _dadd                                    0x08001f95   Thumb Code   332  daddsub_clz.o(x$fpl$dadd)
    __fpl_dcmp_Inf                           0x080020e5   Thumb Code    24  dcmpi.o(x$fpl$dcmpinf)
    __aeabi_ddiv                             0x080020fd   Thumb Code     0  ddiv.o(x$fpl$ddiv)
    _ddiv                                    0x080020fd   Thumb Code   556  ddiv.o(x$fpl$ddiv)
    __aeabi_cdcmpeq                          0x080023b1   Thumb Code     0  deqf.o(x$fpl$deqf)
    _dcmpeq                                  0x080023b1   Thumb Code   120  deqf.o(x$fpl$deqf)
    __aeabi_d2uiz                            0x08002429   Thumb Code     0  dfixu.o(x$fpl$dfixu)
    _dfixu                                   0x08002429   Thumb Code    90  dfixu.o(x$fpl$dfixu)
    __aeabi_ui2d                             0x08002483   Thumb Code     0  dflt_clz.o(x$fpl$dfltu)
    _dfltu                                   0x08002483   Thumb Code    38  dflt_clz.o(x$fpl$dfltu)
    __aeabi_cdcmpge                          0x080024a9   Thumb Code     0  dgeqf.o(x$fpl$dgeqf)
    _dcmpge                                  0x080024a9   Thumb Code   120  dgeqf.o(x$fpl$dgeqf)
    __aeabi_cdcmple                          0x08002521   Thumb Code     0  dleqf.o(x$fpl$dleqf)
    _dcmple                                  0x08002521   Thumb Code   120  dleqf.o(x$fpl$dleqf)
    __fpl_dcmple_InfNaN                      0x08002583   Thumb Code     0  dleqf.o(x$fpl$dleqf)
    __aeabi_dmul                             0x08002599   Thumb Code     0  dmul.o(x$fpl$dmul)
    _dmul                                    0x08002599   Thumb Code   332  dmul.o(x$fpl$dmul)
    __fpl_dnaninf                            0x080026ed   Thumb Code   156  dnaninf.o(x$fpl$dnaninf)
    __fpl_dretinf                            0x08002789   Thumb Code    12  dretinf.o(x$fpl$dretinf)
    __aeabi_dsub                             0x08002795   Thumb Code     0  daddsub_clz.o(x$fpl$dsub)
    _dsub                                    0x08002795   Thumb Code   472  daddsub_clz.o(x$fpl$dsub)
    __aeabi_dcmpeq                           0x08002971   Thumb Code     0  dcmp.o(x$fpl$fcmp)
    _deq                                     0x08002971   Thumb Code    14  dcmp.o(x$fpl$fcmp)
    _dneq                                    0x0800297f   Thumb Code    14  dcmp.o(x$fpl$fcmp)
    __aeabi_dcmpgt                           0x0800298d   Thumb Code     0  dcmp.o(x$fpl$fcmp)
    _dgr                                     0x0800298d   Thumb Code    14  dcmp.o(x$fpl$fcmp)
    __aeabi_dcmpge                           0x0800299b   Thumb Code     0  dcmp.o(x$fpl$fcmp)
    _dgeq                                    0x0800299b   Thumb Code    14  dcmp.o(x$fpl$fcmp)
    __aeabi_dcmple                           0x080029a9   Thumb Code     0  dcmp.o(x$fpl$fcmp)
    _dleq                                    0x080029a9   Thumb Code    14  dcmp.o(x$fpl$fcmp)
    __aeabi_dcmplt                           0x080029b7   Thumb Code     0  dcmp.o(x$fpl$fcmp)
    _dls                                     0x080029b7   Thumb Code    14  dcmp.o(x$fpl$fcmp)
    __I$use$fp                               0x080029c4   Number         0  usenofp.o(x$fpl$usenofp)
    Region$$Table$$Base                      0x08002a44   Number         0  anon$$obj.o(Region$$Table)
    Region$$Table$$Limit                     0x08002a64   Number         0  anon$$obj.o(Region$$Table)
    __libspace_start                         0x20000010   Data          96  libspace.o(.bss)
    __temporary_stack_top$libspace           0x20000070   Data           0  libspace.o(.bss)



==============================================================================

Memory Map of the image

  Image Entry point : 0x080000ed

  Load Region LR_IROM1 (Base: 0x08000000, Size: 0x00002a78, Max: 0x00010000, ABSOLUTE)

    Execution Region ER_IROM1 (Exec base: 0x08000000, Load base: 0x08000000, Size: 0x00002a64, Max: 0x00010000, ABSOLUTE)

    Exec Addr    Load Addr    Size         Type   Attr      Idx    E Section Name        Object

    0x08000000   0x08000000   0x000000ec   Data   RO          321    RESET               startup_stm32f10x_md.o
    0x080000ec   0x080000ec   0x00000008   Code   RO          353  * !!!main             c_w.l(__main.o)
    0x080000f4   0x080000f4   0x0000005c   Code   RO          559    !!!scatter          c_w.l(__scatter.o)
    0x08000150   0x08000150   0x0000001a   Code   RO          563    !!handler_copy      c_w.l(__scatter_copy.o)
    0x0800016a   0x0800016a   0x00000002   PAD
    0x0800016c   0x0800016c   0x00000002   Code   RO          560    !!handler_null      c_w.l(__scatter.o)
    0x0800016e   0x0800016e   0x00000002   PAD
    0x08000170   0x08000170   0x0000001c   Code   RO          565    !!handler_zi        c_w.l(__scatter_zi.o)
    0x0800018c   0x0800018c   0x00000002   Code   RO          421    .ARM.Collect$$libinit$$00000000  c_w.l(libinit.o)
    0x0800018e   0x0800018e   0x00000000   Code   RO          428    .ARM.Collect$$libinit$$00000002  c_w.l(libinit2.o)
    0x0800018e   0x0800018e   0x00000000   Code   RO          430    .ARM.Collect$$libinit$$00000004  c_w.l(libinit2.o)
    0x0800018e   0x0800018e   0x00000000   Code   RO          432    .ARM.Collect$$libinit$$00000006  c_w.l(libinit2.o)
    0x0800018e   0x0800018e   0x00000000   Code   RO          435    .ARM.Collect$$libinit$$0000000C  c_w.l(libinit2.o)
    0x0800018e   0x0800018e   0x00000000   Code   RO          437    .ARM.Collect$$libinit$$0000000E  c_w.l(libinit2.o)
    0x0800018e   0x0800018e   0x00000000   Code   RO          439    .ARM.Collect$$libinit$$00000010  c_w.l(libinit2.o)
    0x0800018e   0x0800018e   0x00000000   Code   RO          442    .ARM.Collect$$libinit$$00000013  c_w.l(libinit2.o)
    0x0800018e   0x0800018e   0x00000000   Code   RO          444    .ARM.Collect$$libinit$$00000015  c_w.l(libinit2.o)
    0x0800018e   0x0800018e   0x00000000   Code   RO          446    .ARM.Collect$$libinit$$00000017  c_w.l(libinit2.o)
    0x0800018e   0x0800018e   0x00000000   Code   RO          448    .ARM.Collect$$libinit$$00000019  c_w.l(libinit2.o)
    0x0800018e   0x0800018e   0x00000000   Code   RO          450    .ARM.Collect$$libinit$$0000001B  c_w.l(libinit2.o)
    0x0800018e   0x0800018e   0x00000000   Code   RO          452    .ARM.Collect$$libinit$$0000001D  c_w.l(libinit2.o)
    0x0800018e   0x0800018e   0x00000000   Code   RO          454    .ARM.Collect$$libinit$$0000001F  c_w.l(libinit2.o)
    0x0800018e   0x0800018e   0x00000000   Code   RO          456    .ARM.Collect$$libinit$$00000021  c_w.l(libinit2.o)
    0x0800018e   0x0800018e   0x00000000   Code   RO          458    .ARM.Collect$$libinit$$00000023  c_w.l(libinit2.o)
    0x0800018e   0x0800018e   0x00000000   Code   RO          460    .ARM.Collect$$libinit$$00000025  c_w.l(libinit2.o)
    0x0800018e   0x0800018e   0x00000000   Code   RO          462    .ARM.Collect$$libinit$$00000027  c_w.l(libinit2.o)
    0x0800018e   0x0800018e   0x00000000   Code   RO          466    .ARM.Collect$$libinit$$0000002E  c_w.l(libinit2.o)
    0x0800018e   0x0800018e   0x00000000   Code   RO          468    .ARM.Collect$$libinit$$00000030  c_w.l(libinit2.o)
    0x0800018e   0x0800018e   0x00000000   Code   RO          470    .ARM.Collect$$libinit$$00000032  c_w.l(libinit2.o)
    0x0800018e   0x0800018e   0x00000000   Code   RO          472    .ARM.Collect$$libinit$$00000034  c_w.l(libinit2.o)
    0x0800018e   0x0800018e   0x00000002   Code   RO          473    .ARM.Collect$$libinit$$00000035  c_w.l(libinit2.o)
    0x08000190   0x08000190   0x00000002   Code   RO          495    .ARM.Collect$$libshutdown$$00000000  c_w.l(libshutdown.o)
    0x08000192   0x08000192   0x00000000   Code   RO          510    .ARM.Collect$$libshutdown$$00000002  c_w.l(libshutdown2.o)
    0x08000192   0x08000192   0x00000000   Code   RO          512    .ARM.Collect$$libshutdown$$00000004  c_w.l(libshutdown2.o)
    0x08000192   0x08000192   0x00000000   Code   RO          515    .ARM.Collect$$libshutdown$$00000007  c_w.l(libshutdown2.o)
    0x08000192   0x08000192   0x00000000   Code   RO          518    .ARM.Collect$$libshutdown$$0000000A  c_w.l(libshutdown2.o)
    0x08000192   0x08000192   0x00000000   Code   RO          520    .ARM.Collect$$libshutdown$$0000000C  c_w.l(libshutdown2.o)
    0x08000192   0x08000192   0x00000000   Code   RO          523    .ARM.Collect$$libshutdown$$0000000F  c_w.l(libshutdown2.o)
    0x08000192   0x08000192   0x00000002   Code   RO          524    .ARM.Collect$$libshutdown$$00000010  c_w.l(libshutdown2.o)
    0x08000194   0x08000194   0x00000000   Code   RO          379    .ARM.Collect$$rtentry$$00000000  c_w.l(__rtentry.o)
    0x08000194   0x08000194   0x00000000   Code   RO          396    .ARM.Collect$$rtentry$$00000002  c_w.l(__rtentry2.o)
    0x08000194   0x08000194   0x00000006   Code   RO          408    .ARM.Collect$$rtentry$$00000004  c_w.l(__rtentry4.o)
    0x0800019a   0x0800019a   0x00000000   Code   RO          398    .ARM.Collect$$rtentry$$00000009  c_w.l(__rtentry2.o)
    0x0800019a   0x0800019a   0x00000004   Code   RO          399    .ARM.Collect$$rtentry$$0000000A  c_w.l(__rtentry2.o)
    0x0800019e   0x0800019e   0x00000000   Code   RO          401    .ARM.Collect$$rtentry$$0000000C  c_w.l(__rtentry2.o)
    0x0800019e   0x0800019e   0x00000008   Code   RO          402    .ARM.Collect$$rtentry$$0000000D  c_w.l(__rtentry2.o)
    0x080001a6   0x080001a6   0x00000002   Code   RO          425    .ARM.Collect$$rtexit$$00000000  c_w.l(rtexit.o)
    0x080001a8   0x080001a8   0x00000000   Code   RO          475    .ARM.Collect$$rtexit$$00000002  c_w.l(rtexit2.o)
    0x080001a8   0x080001a8   0x00000004   Code   RO          476    .ARM.Collect$$rtexit$$00000003  c_w.l(rtexit2.o)
    0x080001ac   0x080001ac   0x00000006   Code   RO          477    .ARM.Collect$$rtexit$$00000004  c_w.l(rtexit2.o)
    0x080001b2   0x080001b2   0x00000002   PAD
    0x080001b4   0x080001b4   0x00000040   Code   RO          322    .text               startup_stm32f10x_md.o
    0x080001f4   0x080001f4   0x00000006   Code   RO          351    .text               c_w.l(heapauxi.o)
    0x080001fa   0x080001fa   0x0000004a   Code   RO          412    .text               c_w.l(sys_stackheap_outer.o)
    0x08000244   0x08000244   0x00000012   Code   RO          414    .text               c_w.l(exit.o)
    0x08000256   0x08000256   0x00000002   PAD
    0x08000258   0x08000258   0x00000008   Code   RO          422    .text               c_w.l(libspace.o)
    0x08000260   0x08000260   0x0000000c   Code   RO          485    .text               c_w.l(sys_exit.o)
    0x0800026c   0x0800026c   0x00000002   Code   RO          500    .text               c_w.l(use_no_semi.o)
    0x0800026e   0x0800026e   0x00000000   Code   RO          502    .text               c_w.l(indicate_semi.o)
    0x0800026e   0x0800026e   0x00000002   PAD
    0x08000270   0x08000270   0x00000036   Code   RO          225    .text.DelayMillis   systick_time.o
    0x080002a6   0x080002a6   0x00000002   PAD
    0x080002a8   0x080002a8   0x00000020   Code   RO          227    .text.DelayMs       systick_time.o
    0x080002c8   0x080002c8   0x00000020   Code   RO          223    .text.DelayUs       systick_time.o
    0x080002e8   0x080002e8   0x00000030   Code   RO          221    .text.Delaymicro    systick_time.o
    0x08000318   0x08000318   0x00000066   Code   RO           18    .text.GetData_ADC   main.o
    0x0800037e   0x0800037e   0x00000002   PAD
    0x08000380   0x08000380   0x00000052   Code   RO           20    .text.GetData_Dig   main.o
    0x080003d2   0x080003d2   0x00000002   PAD
    0x080003d4   0x080003d4   0x00000048   Code   RO           22    .text.GetData_IMG   main.o
    0x0800041c   0x0800041c   0x00000164   Code   RO           10    .text.GetData_UART  main.o
    0x08000580   0x08000580   0x0000001e   Code   RO          208    .text.PCF8574_add   pcf8574_drive.o
    0x0800059e   0x0800059e   0x00000002   PAD
    0x080005a0   0x080005a0   0x00000036   Code   RO          210    .text.PCF8574_tx_byte  pcf8574_drive.o
    0x080005d6   0x080005d6   0x00000002   PAD
    0x080005d8   0x080005d8   0x0000007e   Code   RO           79    .text.R_GP          gp_drive.o
    0x08000656   0x08000656   0x00000002   PAD
    0x08000658   0x08000658   0x0000004c   Code   RO           12    .text.Reset_Status  main.o
    0x080006a4   0x080006a4   0x00000072   Code   RO            4    .text.SIM800L       main.o
    0x08000716   0x08000716   0x00000002   PAD
    0x08000718   0x08000718   0x00000008   Code   RO          331    .text.SetSysClock   system_stm32f10x.o
    0x08000720   0x08000720   0x00000122   Code   RO          335    .text.SetSysClockTo72  system_stm32f10x.o
    0x08000842   0x08000842   0x00000002   PAD
    0x08000844   0x08000844   0x00000002   Code   RO            2    .text.SysTick_Handler  main.o
    0x08000846   0x08000846   0x00000002   PAD
    0x08000848   0x08000848   0x00000066   Code   RO          329    .text.SystemInit    system_stm32f10x.o
    0x080008ae   0x080008ae   0x00000002   PAD
    0x080008b0   0x080008b0   0x00000032   Code   RO          250    .text.TDelay_Micros  timer_drive.o
    0x080008e2   0x080008e2   0x00000002   PAD
    0x080008e4   0x080008e4   0x00000012   Code   RO          256    .text.TDelay_Milli  timer_drive.o
    0x080008f6   0x080008f6   0x00000002   PAD
    0x080008f8   0x080008f8   0x00000036   Code   RO          252    .text.TDelay_Millis  timer_drive.o
    0x0800092e   0x0800092e   0x00000002   PAD
    0x08000930   0x08000930   0x0000004e   Code   RO           14    .text.Trigger       main.o
    0x0800097e   0x0800097e   0x00000002   PAD
    0x08000980   0x08000980   0x000000a0   Code   RO          303    .text.UART_RX       uart_drive.o
    0x08000a20   0x08000a20   0x00000034   Code   RO          309    .text.UART_SEND     uart_drive.o
    0x08000a54   0x08000a54   0x000000a0   Code   RO          305    .text.UART_TX       uart_drive.o
    0x08000af4   0x08000af4   0x0000015a   Code   RO          299    .text.UART_init     uart_drive.o
    0x08000c4e   0x08000c4e   0x00000002   PAD
    0x08000c50   0x08000c50   0x00000118   Code   RO          301    .text.USART_BRR     uart_drive.o
    0x08000d68   0x08000d68   0x00000066   Code   RO           16    .text.UnTrigger     main.o
    0x08000dce   0x08000dce   0x00000002   PAD
    0x08000dd0   0x08000dd0   0x0000002e   Code   RO            8    .text.WARNING_ACTION  main.o
    0x08000dfe   0x08000dfe   0x00000002   PAD
    0x08000e00   0x08000e00   0x000000ce   Code   RO            6    .text.WARNING_LCD   main.o
    0x08000ece   0x08000ece   0x00000002   PAD
    0x08000ed0   0x08000ed0   0x000000a0   Code   RO           81    .text.W_GP          gp_drive.o
    0x08000f70   0x08000f70   0x00000062   Code   RO           56    .text.adc_check     adc_drive.o
    0x08000fd2   0x08000fd2   0x00000002   PAD
    0x08000fd4   0x08000fd4   0x00000162   Code   RO           66    .text.adc_multi_ch_init  adc_drive.o
    0x08001136   0x08001136   0x00000002   PAD
    0x08001138   0x08001138   0x00000112   Code   RO           68    .text.adc_multi_ch_rx  adc_drive.o
    0x0800124a   0x0800124a   0x00000002   PAD
    0x0800124c   0x0800124c   0x000000d2   Code   RO          272    .text.get_channel   timer_drive.o
    0x0800131e   0x0800131e   0x00000002   PAD
    0x08001320   0x08001320   0x00000050   Code   RO          240    .text.get_timer     timer_drive.o
    0x08001370   0x08001370   0x000000a4   Code   RO          276    .text.get_timer_address  timer_drive.o
    0x08001414   0x08001414   0x000000a0   Code   RO          274    .text.get_timer_pin  timer_drive.o
    0x080014b4   0x080014b4   0x00000108   Code   RO          130    .text.i2c_add       i2c_drive.o
    0x080015bc   0x080015bc   0x00000084   Code   RO          132    .text.i2c_data      i2c_drive.o
    0x08001640   0x08001640   0x0000011e   Code   RO          126    .text.i2c_init      i2c_drive.o
    0x0800175e   0x0800175e   0x00000002   PAD
    0x08001760   0x08001760   0x00000080   Code   RO          128    .text.i2c_start     i2c_drive.o
    0x080017e0   0x080017e0   0x00000074   Code   RO          134    .text.i2c_stop      i2c_drive.o
    0x08001854   0x08001854   0x00000102   Code   RO           77    .text.init_GP       gp_drive.o
    0x08001956   0x08001956   0x00000002   PAD
    0x08001958   0x08001958   0x000000a2   Code   RO          167    .text.lcd_i2c_cmd   lcd_1602_drive.o
    0x080019fa   0x080019fa   0x00000002   PAD
    0x080019fc   0x080019fc   0x000000a2   Code   RO          165    .text.lcd_i2c_data  lcd_1602_drive.o
    0x08001a9e   0x08001a9e   0x00000002   PAD
    0x08001aa0   0x08001aa0   0x00000166   Code   RO          169    .text.lcd_i2c_init  lcd_1602_drive.o
    0x08001c06   0x08001c06   0x00000002   PAD
    0x08001c08   0x08001c08   0x00000068   Code   RO          173    .text.lcd_i2c_msg   lcd_1602_drive.o
    0x08001c70   0x08001c70   0x0000003a   Code   RO          171    .text.lcd_i2c_send  lcd_1602_drive.o
    0x08001caa   0x08001caa   0x00000002   PAD
    0x08001cac   0x08001cac   0x00000092   Code   RO           26    .text.main          main.o
    0x08001d3e   0x08001d3e   0x00000002   PAD
    0x08001d40   0x08001d40   0x0000004c   Code   RO          286    .text.servo_180_deg  timer_drive.o
    0x08001d8c   0x08001d8c   0x0000002a   Code   RO          219    .text.systick_init  systick_time.o
    0x08001db6   0x08001db6   0x00000002   PAD
    0x08001db8   0x08001db8   0x00000168   Code   RO          282    .text.timer_pwm_micro  timer_drive.o
    0x08001f20   0x08001f20   0x00000074   Code   RO          242    .text.timer_start_micros  timer_drive.o
    0x08001f94   0x08001f94   0x00000150   Code   RO          355    x$fpl$dadd          fz_ws.l(daddsub_clz.o)
    0x080020e4   0x080020e4   0x00000018   Code   RO          410    x$fpl$dcmpinf       fz_ws.l(dcmpi.o)
    0x080020fc   0x080020fc   0x000002b4   Code   RO          364    x$fpl$ddiv          fz_ws.l(ddiv.o)
    0x080023b0   0x080023b0   0x00000078   Code   RO          384    x$fpl$deqf          fz_ws.l(deqf.o)
    0x08002428   0x08002428   0x0000005a   Code   RO          367    x$fpl$dfixu         fz_ws.l(dfixu.o)
    0x08002482   0x08002482   0x00000026   Code   RO          371    x$fpl$dfltu         fz_ws.l(dflt_clz.o)
    0x080024a8   0x080024a8   0x00000078   Code   RO          386    x$fpl$dgeqf         fz_ws.l(dgeqf.o)
    0x08002520   0x08002520   0x00000078   Code   RO          388    x$fpl$dleqf         fz_ws.l(dleqf.o)
    0x08002598   0x08002598   0x00000154   Code   RO          377    x$fpl$dmul          fz_ws.l(dmul.o)
    0x080026ec   0x080026ec   0x0000009c   Code   RO          390    x$fpl$dnaninf       fz_ws.l(dnaninf.o)
    0x08002788   0x08002788   0x0000000c   Code   RO          392    x$fpl$dretinf       fz_ws.l(dretinf.o)
    0x08002794   0x08002794   0x000001dc   Code   RO          357    x$fpl$dsub          fz_ws.l(daddsub_clz.o)
    0x08002970   0x08002970   0x00000054   Code   RO          361    x$fpl$fcmp          fz_ws.l(dcmp.o)
    0x080029c4   0x080029c4   0x00000000   Code   RO          394    x$fpl$usenofp       fz_ws.l(usenofp.o)
    0x080029c4   0x080029c4   0x00000080   Data   RO           28    .rodata.str1.1      main.o
    0x08002a44   0x08002a44   0x00000020   Data   RO          558    Region$$Table       anon$$obj.o


    Execution Region RW_IRAM1 (Exec base: 0x20000000, Load base: 0x08002a68, Size: 0x00000708, Max: 0x00005000, ABSOLUTE)

    Exec Addr    Load Addr    Size         Type   Attr      Idx    E Section Name        Object

    0x20000000   0x08002a68   0x00000001   Data   RW           41    .data.channels      main.o
    0x20000001   0x08002a69   0x00000003   PAD
    0x20000004   0x08002a6c   0x00000004   Data   RW           45    .data.flameSen      main.o
    0x20000008   0x08002a70   0x00000004   Data   RW           31    .data.showDHT       main.o
    0x2000000c   0x08002a74   0x00000001   Data   RW           35    .data.sigUART       main.o
    0x2000000d   0x08002a75   0x00000003   PAD
    0x20000010        -       0x00000060   Zero   RW          423    .bss                c_w.l(libspace.o)
    0x20000070        -       0x00000003   Zero   RW           30    .bss.ImageProcess   main.o
    0x20000073        -       0x00000011   Zero   RW           42    .bss.adc_channels   main.o
    0x20000084        -       0x00000044   Zero   RW           43    .bss.analog_rx      main.o
    0x200000c8        -       0x00000004   Zero   RW           44    .bss.cnv            main.o
    0x200000cc        -       0x0000000f   Zero   RW           29    .bss.dataUART       main.o
    0x200000db   0x08002a75   0x00000001   PAD
    0x200000dc        -       0x00000004   Zero   RW           37    .bss.delayLCD       main.o
    0x200000e0        -       0x00000005   Zero   RW           38    .bss.hum            main.o
    0x200000e5   0x08002a75   0x00000003   PAD
    0x200000e8        -       0x00000004   Zero   RW           36    .bss.i              main.o
    0x200000ec        -       0x00000005   Zero   RW           39    .bss.temp           main.o
    0x200000f1   0x08002a75   0x00000003   PAD
    0x200000f4        -       0x00000004   Zero   RW           40    .bss.trigg          main.o
    0x200000f8        -       0x00000004   Zero   RW           32    .bss.warning_ADC    main.o
    0x200000fc        -       0x00000004   Zero   RW           34    .bss.warning_CAM    main.o
    0x20000100        -       0x00000004   Zero   RW           33    .bss.warning_FS     main.o
    0x20000104   0x08002a75   0x00000004   PAD
    0x20000108        -       0x00000200   Zero   RW          320    HEAP                startup_stm32f10x_md.o
    0x20000308        -       0x00000400   Zero   RW          319    STACK               startup_stm32f10x_md.o


==============================================================================

Image component sizes


      Code (inc. data)   RO Data    RW Data    ZI Data      Debug   Object Name

       726          0          0          0          0       5591   adc_drive.o
       544          0          0          0          0       2468   gp_drive.o
       926          0          0          0          0       3003   i2c_drive.o
       844          0          0          0          0       3795   lcd_1602_drive.o
      1382          0        128         10        141       2714   main.o
        84          0          0          0          0        617   pcf8574_drive.o
        64         26        236          0       1536        840   startup_stm32f10x_md.o
       400          0          0          0          0       2969   system_stm32f10x.o
       208          0          0          0          0       1924   systick_time.o
      1288         24          0          0          0      10234   timer_drive.o
       998          0          0          0          0       3012   uart_drive.o

    ----------------------------------------------------------------------
      7524         50        396         16       1688      37167   Object Totals
         0          0         32          0          0          0   (incl. Generated)
        60          0          0          6         11          0   (incl. Padding)

    ----------------------------------------------------------------------

      Code (inc. data)   RO Data    RW Data    ZI Data      Debug   Library Member Name

         8          0          0          0          0         68   __main.o
         0          0          0          0          0          0   __rtentry.o
        12          0          0          0          0          0   __rtentry2.o
         6          0          0          0          0          0   __rtentry4.o
        94          8          0          0          0          0   __scatter.o
        26          0          0          0          0          0   __scatter_copy.o
        28          0          0          0          0          0   __scatter_zi.o
        18          0          0          0          0         80   exit.o
         6          0          0          0          0        152   heapauxi.o
         0          0          0          0          0          0   indicate_semi.o
         2          0          0          0          0          0   libinit.o
         2          0          0          0          0          0   libinit2.o
         2          0          0          0          0          0   libshutdown.o
         2          0          0          0          0          0   libshutdown2.o
         8          4          0          0         96         68   libspace.o
         2          0          0          0          0          0   rtexit.o
        10          0          0          0          0          0   rtexit2.o
        12          4          0          0          0         68   sys_exit.o
        74          0          0          0          0         80   sys_stackheap_outer.o
         2          0          0          0          0         68   use_no_semi.o
       812         16          0          0          0        296   daddsub_clz.o
        84          0          0          0          0        196   dcmp.o
        24          0          0          0          0         68   dcmpi.o
       692        140          0          0          0        216   ddiv.o
       120          4          0          0          0         92   deqf.o
        90          4          0          0          0         92   dfixu.o
        38          0          0          0          0         68   dflt_clz.o
       120          4          0          0          0         92   dgeqf.o
       120          4          0          0          0         92   dleqf.o
       340         12          0          0          0        104   dmul.o
       156          4          0          0          0         92   dnaninf.o
        12          0          0          0          0         68   dretinf.o
         0          0          0          0          0          0   usenofp.o

    ----------------------------------------------------------------------
      2932        204          0          0         96       2060   Library Totals
        10          0          0          0          0          0   (incl. Padding)

    ----------------------------------------------------------------------

      Code (inc. data)   RO Data    RW Data    ZI Data      Debug   Library Name

       314         16          0          0         96        584   c_w.l
      2608        188          0          0          0       1476   fz_ws.l

    ----------------------------------------------------------------------
      2932        204          0          0         96       2060   Library Totals

    ----------------------------------------------------------------------

==============================================================================


      Code (inc. data)   RO Data    RW Data    ZI Data      Debug   

     10456        254        396         16       1784      38331   Grand Totals
     10456        254        396         16       1784      38331   ELF Image Totals
     10456        254        396         16          0          0   ROM Totals

==============================================================================

    Total RO  Size (Code + RO Data)                10852 (  10.60kB)
    Total RW  Size (RW Data + ZI Data)              1800 (   1.76kB)
    Total ROM Size (Code + RO Data + RW Data)      10868 (  10.61kB)

==============================================================================

